<html>
<body>
<pre>
<h1>µVision Build Log</h1>
<h2>Project:</h2>
D:\GitHub\PandaPi\bootloader\V29_SD\PROJ\Stm32f103Bootloader.uvproj
Project File Date:  02/25/2022

<h2>Output:</h2>
Build target 'STM32F103RCT6'
compiling main.c...
linking...
Program Size: Code=30064 RO-data=536 RW-data=132 ZI-data=6188  
FromELF: creating hex file...
"..\OUTPUT\Bootloader-STM32F103.axf" - 0 Errors, 0 Warning(s).
Build target 'STM32F103RCT6'
compiling main.c...
linking...
Program Size: Code=30056 RO-data=536 RW-data=132 ZI-data=6188  
FromELF: creating hex file...
"..\OUTPUT\Bootloader-STM32F103.axf" - 0 Errors, 0 Warning(s).
Build target 'STM32F103RCT6'
compiling main.c...
..\CODE\USER\main.c(12): warning:  #223-D: function "NVIC_Configuration" declared implicitly
linking...
..\OUTPUT\Bootloader-STM32F103.axf: Error: L6218E: Undefined symbol NVIC_Configuration (referred from main.o).
"..\OUTPUT\Bootloader-STM32F103.axf" - 1 Errors, 1 Warning(s).
Target not created
Build target 'STM32F103RCT6'
compiling main.c...
linking...
Program Size: Code=30060 RO-data=536 RW-data=132 ZI-data=6188  
FromELF: creating hex file...
"..\OUTPUT\Bootloader-STM32F103.axf" - 0 Errors, 0 Warning(s).
Build target 'STM32F103RCT6'
compiling main.c...
linking...
Program Size: Code=30056 RO-data=536 RW-data=132 ZI-data=6188  
FromELF: creating hex file...
"..\OUTPUT\Bootloader-STM32F103.axf" - 0 Errors, 0 Warning(s).
Build target 'STM32F103RCT6'
compiling main.c...
linking...
Program Size: Code=30060 RO-data=536 RW-data=132 ZI-data=6188  
FromELF: creating hex file...
"..\OUTPUT\Bootloader-STM32F103.axf" - 0 Errors, 0 Warning(s).
Build target 'STM32F103RCT6'
compiling main.c...
linking...
Program Size: Code=30080 RO-data=536 RW-data=132 ZI-data=6188  
FromELF: creating hex file...
"..\OUTPUT\Bootloader-STM32F103.axf" - 0 Errors, 0 Warning(s).
Build target 'STM32F103RCT6'
compiling main.c...
..\CODE\USER\main.c(12): error:  #268: declaration may not appear after executable statement in block
"..\OUTPUT\Bootloader-STM32F103.axf" - 1 Errors, 0 Warning(s).
Target not created
Build target 'STM32F103RCT6'
compiling main.c...
linking...
Program Size: Code=30168 RO-data=536 RW-data=132 ZI-data=6188  
FromELF: creating hex file...
"..\OUTPUT\Bootloader-STM32F103.axf" - 0 Errors, 0 Warning(s).
Build target 'STM32F103RCT6'
compiling main.c...
linking...
Program Size: Code=30188 RO-data=536 RW-data=132 ZI-data=6188  
FromELF: creating hex file...
"..\OUTPUT\Bootloader-STM32F103.axf" - 0 Errors, 0 Warning(s).
Build target 'STM32F103RCT6'
compiling main.c...
linking...
Program Size: Code=30188 RO-data=536 RW-data=132 ZI-data=6188  
FromELF: creating hex file...
"..\OUTPUT\Bootloader-STM32F103.axf" - 0 Errors, 0 Warning(s).
Build target 'STM32F103RCT6'
compiling main.c...
..\CODE\USER\main.c(9): warning:  #177-D: variable "GPIO_InitStructure" was declared but never referenced
linking...
Program Size: Code=30148 RO-data=536 RW-data=132 ZI-data=6188  
FromELF: creating hex file...
"..\OUTPUT\Bootloader-STM32F103.axf" - 0 Errors, 1 Warning(s).
Build target 'STM32F103RCT6'
compiling main.c...
..\CODE\USER\main.c(9): warning:  #177-D: variable "GPIO_InitStructure" was declared but never referenced
compiling bootloaders.c...
linking...
Program Size: Code=30144 RO-data=536 RW-data=132 ZI-data=6188  
FromELF: creating hex file...
"..\OUTPUT\Bootloader-STM32F103.axf" - 0 Errors, 1 Warning(s).
Build target 'STM32F103RCT6'
compiling bootloaders.c...
linking...
Program Size: Code=30160 RO-data=536 RW-data=132 ZI-data=6188  
FromELF: creating hex file...
"..\OUTPUT\Bootloader-STM32F103.axf" - 0 Errors, 0 Warning(s).
Rebuild target 'STM32F103RCT6'
compiling main.c...
..\CODE\USER\main.c(9): warning:  #177-D: variable "GPIO_InitStructure" was declared but never referenced
compiling stm32f10x_it.c...
compiling bootloaders.c...
compiling fat.c...
compiling flash.c...
compiling diskio.c...
compiling ff.c...
compiling delay.c...
compiling spi.c...
compiling sys.c...
compiling typedefs.c...
compiling usart.c...
compiling util.c...
compiling init.c...
compiling sd_assist.c...
compiling sdcard.c...
compiling sdcard_spi.c...
compiling misc.c...
compiling stm32f10x_adc.c...
compiling stm32f10x_bkp.c...
compiling stm32f10x_can.c...
compiling stm32f10x_cec.c...
compiling stm32f10x_crc.c...
compiling stm32f10x_dac.c...
compiling stm32f10x_dbgmcu.c...
compiling stm32f10x_dma.c...
compiling stm32f10x_exti.c...
compiling stm32f10x_flash.c...
compiling stm32f10x_fsmc.c...
compiling stm32f10x_gpio.c...
compiling stm32f10x_i2c.c...
compiling stm32f10x_iwdg.c...
compiling stm32f10x_pwr.c...
compiling stm32f10x_rcc.c...
compiling stm32f10x_rtc.c...
compiling stm32f10x_sdio.c...
compiling stm32f10x_spi.c...
compiling stm32f10x_tim.c...
compiling stm32f10x_usart.c...
compiling stm32f10x_wwdg.c...
compiling core_cm3.c...
compiling system_stm32f10x.c...
assembling startup_stm32f10x_hd.s...
linking...
Program Size: Code=30316 RO-data=536 RW-data=132 ZI-data=6188  
FromELF: creating hex file...
"..\OUTPUT\Bootloader-STM32F103.axf" - 0 Errors, 1 Warning(s).
Build target 'STM32F103RCT6'
linking...
Program Size: Code=30316 RO-data=536 RW-data=132 ZI-data=6188  
FromELF: creating hex file...
After Build - User command #1: D:\Keil\ARM\ARMCC\bin\fromelf.exe --bin --output ..\Output\Bootloader-STM32F103.bin ..\Output\Bootloader-STM32F103.axf
"..\OUTPUT\Bootloader-STM32F103.axf" - 0 Errors, 0 Warning(s).
Build target 'STM32F103RCT6'
compiling main.c...
..\CODE\USER\main.c(9): warning:  #177-D: variable "GPIO_InitStructure" was declared but never referenced
compiling stm32f10x_it.c...
compiling bootloaders.c...
compiling fat.c...
compiling flash.c...
compiling diskio.c...
compiling ff.c...
compiling delay.c...
compiling spi.c...
compiling sys.c...
compiling typedefs.c...
compiling usart.c...
compiling util.c...
compiling init.c...
compiling sd_assist.c...
compiling sdcard.c...
compiling sdcard_spi.c...
compiling misc.c...
compiling stm32f10x_adc.c...
compiling stm32f10x_bkp.c...
compiling stm32f10x_can.c...
compiling stm32f10x_cec.c...
compiling stm32f10x_crc.c...
compiling stm32f10x_dac.c...
compiling stm32f10x_dbgmcu.c...
compiling stm32f10x_dma.c...
compiling stm32f10x_exti.c...
compiling stm32f10x_flash.c...
compiling stm32f10x_fsmc.c...
compiling stm32f10x_gpio.c...
compiling stm32f10x_i2c.c...
compiling stm32f10x_iwdg.c...
compiling stm32f10x_pwr.c...
compiling stm32f10x_rcc.c...
compiling stm32f10x_rtc.c...
compiling stm32f10x_sdio.c...
compiling stm32f10x_spi.c...
compiling stm32f10x_tim.c...
compiling stm32f10x_usart.c...
compiling stm32f10x_wwdg.c...
compiling core_cm3.c...
compiling system_stm32f10x.c...
linking...
Program Size: Code=24236 RO-data=396 RW-data=108 ZI-data=6188  
FromELF: creating hex file...
After Build - User command #1: D:\Keil\ARM\ARMCC\bin\fromelf.exe --bin --output ..\Output\Bootloader-STM32F103.bin ..\Output\Bootloader-STM32F103.axf
"..\OUTPUT\Bootloader-STM32F103.axf" - 0 Errors, 1 Warning(s).
