ARM Linker, 5.03 [Build 76] [MDK-ARM Lite]

==============================================================================

Section Cross References

    main.o(.text) refers to system_stm32f10x.o(.text) for SystemInit
    main.o(.text) refers to delay.o(.text) for delay_init
    main.o(.text) refers to usart.o(.text) for UART_init
    main.o(.text) refers to noretval__2printf.o(.text) for __2printf
    main.o(.text) refers to flash.o(.text) for Flash_Init
    main.o(.text) refers to fat.o(.text) for FAT_Init
    main.o(.text) refers to bootloaders.o(.text) for IAP_LoadApp
    bootloaders.o(.text) refers to _printf_percent.o(.ARM.Collect$$_printf_percent$$00000000) for _printf_percent
    bootloaders.o(.text) refers to _printf_x.o(.ARM.Collect$$_printf_percent$$0000000C) for _printf_x
    bootloaders.o(.text) refers to _printf_hex_int.o(.text) for _printf_longlong_hex
    bootloaders.o(.text) refers to stm32f10x_usart.o(.text) for USART_Cmd
    bootloaders.o(.text) refers to stm32f10x_rcc.o(.text) for RCC_APB1PeriphClockCmd
    bootloaders.o(.text) refers to stm32f10x_spi.o(.text) for SPI_Cmd
    bootloaders.o(.text) refers to stm32f10x_gpio.o(.text) for GPIO_Init
    bootloaders.o(.text) refers to sys.o(.emb_text) for MSR_MSP
    bootloaders.o(.text) refers to noretval__2printf.o(.text) for __2printf
    bootloaders.o(.text) refers to ff.o(.text) for f_open
    bootloaders.o(.text) refers to delay.o(.text) for delay_ms
    bootloaders.o(.text) refers to flash.o(.text) for Flash_Write
    bootloaders.o(.text) refers to misc.o(.text) for NVIC_SetVectorTable
    bootloaders.o(.text) refers to core_cm3.o(.emb_text) for __set_MSP
    bootloaders.o(.text) refers to bootloaders.o(.data) for .data
    bootloaders.o(.text) refers to bootloaders.o(.bss) for .bss
    fat.o(.text) refers to ff.o(.text) for f_open
    fat.o(.text) refers to strcmpv7m.o(.text) for strcmp
    fat.o(.text) refers to noretval__2printf.o(.text) for __2printf
    fat.o(.text) refers to diskio.o(.text) for disk_initialize
    fat.o(.text) refers to fat.o(.bss) for .bss
    flash.o(.text) refers to stm32f10x_flash.o(.text) for FLASH_Unlock
    flash.o(.text) refers to util.o(.text) for Buf_LinearFill32
    flash.o(.text) refers to flash.o(.bss) for .bss
    diskio.o(.text) refers to noretval__2printf.o(.text) for __2printf
    diskio.o(.text) refers to sdcard_spi.o(.text) for SD_Initialize
    ff.o(.text) refers to diskio.o(.text) for disk_write
    ff.o(.text) refers to sd_assist.o(.text) for ff_wtoupper
    ff.o(.text) refers to ff.o(.constdata) for .constdata
    ff.o(.text) refers to ff.o(.data) for .data
    delay.o(.text) refers to misc.o(.text) for SysTick_CLKSourceConfig
    delay.o(.text) refers to system_stm32f10x.o(.data) for SystemCoreClock
    delay.o(.text) refers to delay.o(.data) for .data
    spi.o(.text) refers to stm32f10x_spi.o(.text) for SPI_I2S_GetFlagStatus
    spi.o(.text) refers to stm32f10x_rcc.o(.text) for RCC_APB2PeriphClockCmd
    spi.o(.text) refers to stm32f10x_gpio.o(.text) for GPIO_Init
    spi.o(.text) refers to spi.o(.bss) for .bss
    usart.o(.text) refers (Special) to use_no_semi_2.o(.text) for __use_no_semihosting
    usart.o(.text) refers to stm32f10x_rcc.o(.text) for RCC_APB2PeriphClockCmd
    usart.o(.text) refers to stm32f10x_gpio.o(.text) for GPIO_Init
    usart.o(.text) refers to misc.o(.text) for NVIC_Init
    usart.o(.text) refers to stm32f10x_usart.o(.text) for USART_Init
    usart.o(.text) refers to usart.o(.data) for .data
    usart.o(.text) refers to usart.o(.bss) for .bss
    usart.o(.bss) refers (Special) to use_no_semi_2.o(.text) for __use_no_semihosting
    usart.o(.data) refers (Special) to use_no_semi_2.o(.text) for __use_no_semihosting
    usart.o(.data) refers (Special) to use_no_semi_2.o(.text) for __use_no_semihosting
    init.o(.text) refers to stm32f10x_rcc.o(.text) for RCC_APB2PeriphClockCmd
    init.o(.text) refers to stm32f10x_gpio.o(.text) for GPIO_Init
    init.o(.text) refers to stm32f10x_spi.o(.text) for SPI_Cmd
    init.o(.text) refers to stm32f10x_usart.o(.text) for USART_ClockInit
    init.o(.text) refers to stm32f10x_flash.o(.text) for FLASH_PrefetchBufferCmd
    init.o(.text) refers to system_stm32f10x.o(.data) for SystemCoreClock
    sd_assist.o(.text) refers to misc.o(.text) for NVIC_Init
    sd_assist.o(.text) refers to sdcard.o(.text) for SD_Init
    sdcard.o(.text) refers to stm32f10x_sdio.o(.text) for SDIO_ClearFlag
    sdcard.o(.text) refers to stm32f10x_rcc.o(.text) for RCC_APB2PeriphClockCmd
    sdcard.o(.text) refers to stm32f10x_gpio.o(.text) for GPIO_Init
    sdcard.o(.text) refers to sdcard.o(.data) for .data
    sdcard.o(.text) refers to sdcard.o(.bss) for .bss
    sdcard.o(.text) refers to stm32f10x_dma.o(.text) for DMA_ClearFlag
    sdcard_spi.o(.text) refers to stm32f10x_rcc.o(.text) for RCC_APB2PeriphClockCmd
    sdcard_spi.o(.text) refers to stm32f10x_gpio.o(.text) for GPIO_Init
    sdcard_spi.o(.text) refers to spi.o(.text) for SPI1_ReadWriteByte
[...]
==============================================================================

Image Symbol Table

    Local Symbols

    Symbol Name                              Value     Ov Type        Size  Object(Section)

    ../clib/angel/boardlib.s                 0x00000000   Number         0  boardinit1.o ABSOLUTE
    ../clib/angel/boardlib.s                 0x00000000   Number         0  boardinit2.o ABSOLUTE
    ../clib/angel/boardlib.s                 0x00000000   Number         0  boardinit3.o ABSOLUTE
    ../clib/angel/boardlib.s                 0x00000000   Number         0  boardshut.o ABSOLUTE
    ../clib/angel/handlers.s                 0x00000000   Number         0  __scatter_zi.o ABSOLUTE
    ../clib/angel/handlers.s                 0x00000000   Number         0  __scatter_copy.o ABSOLUTE
    ../clib/angel/kernel.s                   0x00000000   Number         0  rtexit2.o ABSOLUTE
    ../clib/angel/kernel.s                   0x00000000   Number         0  rtexit.o ABSOLUTE
    ../clib/angel/kernel.s                   0x00000000   Number         0  rtentry4.o ABSOLUTE
    ../clib/angel/kernel.s                   0x00000000   Number         0  rtentry2.o ABSOLUTE
    ../clib/angel/kernel.s                   0x00000000   Number         0  rtentry.o ABSOLUTE
    ../clib/angel/rt.s                       0x00000000   Number         0  rt_raise.o ABSOLUTE
    ../clib/angel/scatter.s                  0x00000000   Number         0  __scatter.o ABSOLUTE
    ../clib/angel/startup.s                  0x00000000   Number         0  __main.o ABSOLUTE
    ../clib/angel/sys.s                      0x00000000   Number         0  indicate_semi.o ABSOLUTE
    ../clib/angel/sys.s                      0x00000000   Number         0  use_no_semi_2.o ABSOLUTE
    ../clib/angel/sys.s                      0x00000000   Number         0  libspace.o ABSOLUTE
    ../clib/angel/sys.s                      0x00000000   Number         0  sys_stackheap_outer.o ABSOLUTE
    ../clib/angel/sys.s                      0x00000000   Number         0  use_no_semi.o ABSOLUTE
    ../clib/angel/sysapp.c                   0x00000000   Number         0  sys_wrch.o ABSOLUTE
    ../clib/angel/sysapp.c                   0x00000000   Number         0  sys_command.o ABSOLUTE
    ../clib/armsys.c                         0x00000000   Number         0  argv_veneer.o ABSOLUTE
    ../clib/armsys.c                         0x00000000   Number         0  _get_argv_nomalloc.o ABSOLUTE
    ../clib/armsys.c                         0x00000000   Number         0  no_argv.o ABSOLUTE
    ../clib/armsys.c                         0x00000000   Number         0  argv_veneer.o ABSOLUTE
    ../clib/heapalloc.c                      0x00000000   Number         0  hrguard.o ABSOLUTE
    ../clib/heapaux.c                        0x00000000   Number         0  heapauxi.o ABSOLUTE
    ../clib/libinit.s                        0x00000000   Number         0  libinit.o ABSOLUTE
    ../clib/libinit.s                        0x00000000   Number         0  libinit2.o ABSOLUTE
    ../clib/libinit.s                        0x00000000   Number         0  libshutdown.o ABSOLUTE
    ../clib/libinit.s                        0x00000000   Number         0  libshutdown2.o ABSOLUTE
    ../clib/memcpset.s                       0x00000000   Number         0  strcmpv7m.o ABSOLUTE
    ../clib/printf.c                         0x00000000   Number         0  _printf_hex_ptr.o ABSOLUTE
    ../clib/printf.c                         0x00000000   Number         0  _printf_hex_int_ll.o ABSOLUTE
    ../clib/printf.c                         0x00000000   Number         0  _printf_hex_int.o ABSOLUTE
    ../clib/printf.c                         0x00000000   Number         0  __printf.o ABSOLUTE
    ../clib/printf.c                         0x00000000   Number         0  noretval__2printf.o ABSOLUTE
    ../clib/printf.c                         0x00000000   Number         0  __2printf.o ABSOLUTE
    ../clib/printf.c                         0x00000000   Number         0  __printf_flags_ss_wp.o ABSOLUTE
    ../clib/printf.c                         0x00000000   Number         0  __printf_ss_wp.o ABSOLUTE
    ../clib/printf.c                         0x00000000   Number         0  __printf_flags_wp.o ABSOLUTE
    ../clib/printf.c                         0x00000000   Number         0  _printf_char_file.o ABSOLUTE
    ../clib/printf.c                         0x00000000   Number         0  __printf_nopercent.o ABSOLUTE
    ../clib/printf.c                         0x00000000   Number         0  __printf_wp.o ABSOLUTE
    ../clib/printf.c                         0x00000000   Number         0  _printf_char_common.o ABSOLUTE
    ../clib/printf.c                         0x00000000   Number         0  __printf_flags_ss.o ABSOLUTE
    ../clib/printf.c                         0x00000000   Number         0  _printf_hex_ll.o ABSOLUTE
    ../clib/printf.c                         0x00000000   Number         0  _printf_intcommon.o ABSOLUTE
    ../clib/printf.c                         0x00000000   Number         0  __printf_flags.o ABSOLUTE
    ../clib/printf.c                         0x00000000   Number         0  _printf_hex_int_ll_ptr.o ABSOLUTE
    ../clib/printf.c                         0x00000000   Number         0  __printf_ss.o ABSOLUTE
    ../clib/printf.c                         0x00000000   Number         0  _printf_hex_ll_ptr.o ABSOLUTE
    ../clib/printf.c                         0x00000000   Number         0  _printf_hex_int_ptr.o ABSOLUTE
    ../clib/printf_percent.s                 0x00000000   Number         0  _printf_percent_end.o ABSOLUTE
    ../clib/printf_percent.s                 0x00000000   Number         0  _printf_percent.o ABSOLUTE
    ../clib/printf_percent.s                 0x00000000   Number         0  _printf_x.o ABSOLUTE
    ../clib/signal.c                         0x00000000   Number         0  defsig_cppl_inner.o ABSOLUTE
    ../clib/signal.c                         0x00000000   Number         0  defsig_rtmem_formal.o ABSOLUTE
    ../clib/signal.c                         0x00000000   Number         0  defsig_pvfn_inner.o ABSOLUTE
    ../clib/signal.c                         0x00000000   Number         0  defsig_rtmem_outer.o ABSOLUTE
    ../clib/signal.c                         0x00000000   Number         0  defsig_stak_inner.o ABSOLUTE
    ../clib/signal.c                         0x00000000   Number         0  defsig_rtred_inner.o ABSOLUTE
    ../clib/signal.c                         0x00000000   Number         0  defsig_fpe_inner.o ABSOLUTE
    ../clib/signal.c                         0x00000000   Number         0  defsig_other.o ABSOLUTE
    ../clib/signal.c                         0x00000000   Number         0  defsig_segv_inner.o ABSOLUTE
    ../clib/signal.c                         0x00000000   Number         0  defsig_general.o ABSOLUTE
    ../clib/signal.c                         0x00000000   Number         0  __raise.o ABSOLUTE
    ../clib/signal.c                         0x00000000   Number         0  defsig_rtmem_inner.o ABSOLUTE
    ../clib/signal.c                         0x00000000   Number         0  defsig_exit.o ABSOLUTE
    ../clib/signal.c                         0x00000000   Number         0  defsig_abrt_inner.o ABSOLUTE
    ../clib/signal.s                         0x00000000   Number         0  defsig.o ABSOLUTE
    ../clib/stdio.c                          0x00000000   Number         0  ferror_locked.o ABSOLUTE
    ../clib/stdio.c                          0x00000000   Number         0  ferror.o ABSOLUTE
    ../clib/stdlib.c                         0x00000000   Number         0  exit.o ABSOLUTE
    ../fplib/fpinit.s                        0x00000000   Number         0  fpinit.o ABSOLUTE
    ..\CODE\APP\bootloaders.c                0x00000000   Number         0  bootloaders.o ABSOLUTE
    ..\CODE\APP\fat.c                        0x00000000   Number         0  fat.o ABSOLUTE
    ..\CODE\APP\flash.c                      0x00000000   Number         0  flash.o ABSOLUTE
    ..\CODE\CORE\core_cm3.c                  0x00000000   Number         0  core_cm3.o ABSOLUTE
    ..\CODE\CORE\startup_stm32f10x_hd.s      0x00000000   Number         0  startup_stm32f10x_hd.o ABSOLUTE
    ..\CODE\CORE\system_stm32f10x.c          0x00000000   Number         0  system_stm32f10x.o ABSOLUTE
    ..\CODE\FATFS\diskio.c                   0x00000000   Number         0  diskio.o ABSOLUTE
    ..\CODE\FATFS\ff.c                       0x00000000   Number         0  ff.o ABSOLUTE
    ..\CODE\HARDWARE\init.c                  0x00000000   Number         0  init.o ABSOLUTE
    ..\CODE\HARDWARE\sd_assist.c             0x00000000   Number         0  sd_assist.o ABSOLUTE
    ..\CODE\HARDWARE\sdcard.c                0x00000000   Number         0  sdcard.o ABSOLUTE
    ..\CODE\HARDWARE\sdcard_spi.c            0x00000000   Number         0  sdcard_spi.o ABSOLUTE
    ..\CODE\STM32F10x_FWLib\src\misc.c       0x00000000   Number         0  misc.o ABSOLUTE
    ..\CODE\STM32F10x_FWLib\src\stm32f10x_adc.c 0x00000000   Number         0  stm32f10x_adc.o ABSOLUTE
    ..\CODE\STM32F10x_FWLib\src\stm32f10x_bkp.c 0x00000000   Number         0  stm32f10x_bkp.o ABSOLUTE
    ..\CODE\STM32F10x_FWLib\src\stm32f10x_can.c 0x00000000   Number         0  stm32f10x_can.o ABSOLUTE
    ..\CODE\STM32F10x_FWLib\src\stm32f10x_cec.c 0x00000000   Number         0  stm32f10x_cec.o ABSOLUTE
    ..\CODE\STM32F10x_FWLib\src\stm32f10x_crc.c 0x00000000   Number         0  stm32f10x_crc.o ABSOLUTE
    ..\CODE\STM32F10x_FWLib\src\stm32f10x_dac.c 0x00000000   Number         0  stm32f10x_dac.o ABSOLUTE
    ..\CODE\STM32F10x_FWLib\src\stm32f10x_dbgmcu.c 0x00000000   Number         0  stm32f10x_dbgmcu.o ABSOLUTE
    ..\CODE\STM32F10x_FWLib\src\stm32f10x_dma.c 0x00000000   Number         0  stm32f10x_dma.o ABSOLUTE
    ..\CODE\STM32F10x_FWLib\src\stm32f10x_exti.c 0x00000000   Number         0  stm32f10x_exti.o ABSOLUTE
    ..\CODE\STM32F10x_FWLib\src\stm32f10x_flash.c 0x00000000   Number         0  stm32f10x_flash.o ABSOLUTE
    ..\CODE\STM32F10x_FWLib\src\stm32f10x_fsmc.c 0x00000000   Number         0  stm32f10x_fsmc.o ABSOLUTE
    ..\CODE\STM32F10x_FWLib\src\stm32f10x_gpio.c 0x00000000   Number         0  stm32f10x_gpio.o ABSOLUTE
    ..\CODE\STM32F10x_FWLib\src\stm32f10x_i2c.c 0x00000000   Number         0  stm32f10x_i2c.o ABSOLUTE
    ..\CODE\STM32F10x_FWLib\src\stm32f10x_iwdg.c 0x00000000   Number         0  stm32f10x_iwdg.o ABSOLUTE
    ..\CODE\STM32F10x_FWLib\src\stm32f10x_pwr.c 0x00000000   Number         0  stm32f10x_pwr.o ABSOLUTE
    ..\CODE\STM32F10x_FWLib\src\stm32f10x_rcc.c 0x00000000   Number         0  stm32f10x_rcc.o ABSOLUTE
    ..\CODE\STM32F10x_FWLib\src\stm32f10x_rtc.c 0x00000000   Number         0  stm32f10x_rtc.o ABSOLUTE
    ..\CODE\STM32F10x_FWLib\src\stm32f10x_sdio.c 0x00000000   Number         0  stm32f10x_sdio.o ABSOLUTE
    ..\CODE\STM32F10x_FWLib\src\stm32f10x_spi.c 0x00000000   Number         0  stm32f10x_spi.o ABSOLUTE
    ..\CODE\STM32F10x_FWLib\src\stm32f10x_tim.c 0x00000000   Number         0  stm32f10x_tim.o ABSOLUTE
    ..\CODE\STM32F10x_FWLib\src\stm32f10x_usart.c 0x00000000   Number         0  stm32f10x_usart.o ABSOLUTE
    ..\CODE\STM32F10x_FWLib\src\stm32f10x_wwdg.c 0x00000000   Number         0  stm32f10x_wwdg.o ABSOLUTE
    ..\CODE\SYSTEM\delay.c                   0x00000000   Number         0  delay.o ABSOLUTE
    ..\CODE\SYSTEM\spi.c                     0x00000000   Number         0  spi.o ABSOLUTE
    ..\CODE\SYSTEM\sys.c                     0x00000000   Number         0  sys.o ABSOLUTE
    ..\CODE\SYSTEM\typedefs.c                0x00000000   Number         0  typedefs.o ABSOLUTE
    ..\CODE\SYSTEM\usart.c                   0x00000000   Number         0  usart.o ABSOLUTE
    ..\CODE\SYSTEM\util.c                    0x00000000   Number         0  util.o ABSOLUTE
    ..\CODE\USER\main.c                      0x00000000   Number         0  main.o ABSOLUTE
    ..\CODE\USER\stm32f10x_it.c              0x00000000   Number         0  stm32f10x_it.o ABSOLUTE
    ..\\CODE\\CORE\\core_cm3.c               0x00000000   Number         0  core_cm3.o ABSOLUTE
    ..\\CODE\\SYSTEM\\sys.c                  0x00000000   Number         0  sys.o ABSOLUTE
    dc.s                                     0x00000000   Number         0  dc.o ABSOLUTE
    RESET                                    0x08000000   Section      304  startup_stm32f10x_hd.o(RESET)
    !!!main                                  0x08000130   Section        8  __main.o(!!!main)
    !!!scatter                               0x08000138   Section       52  __scatter.o(!!!scatter)
    !!handler_copy                           0x0800016c   Section       26  __scatter_copy.o(!!handler_copy)
    !!handler_zi                             0x08000188   Section       28  __scatter_zi.o(!!handler_zi)
    .ARM.Collect$$_printf_percent$$00000000  0x080001a4   Section        0  _printf_percent.o(.ARM.Collect$$_printf_percent$$00000000)
    .ARM.Collect$$_printf_percent$$0000000C  0x080001a4   Section        6  _printf_x.o(.ARM.Collect$$_printf_percent$$0000000C)
    .ARM.Collect$$_printf_percent$$00000017  0x080001aa   Section        4  _printf_percent_end.o(.ARM.Collect$$_printf_percent$$00000017)
    .ARM.Collect$$libinit$$00000000          0x080001ae   Section        2  libinit.o(.ARM.Collect$$libinit$$00000000)
    .ARM.Collect$$libinit$$00000002          0x080001b0   Section        0  libinit2.o(.ARM.Collect$$libinit$$00000002)
    .ARM.Collect$$libinit$$00000008          0x080001b0   Section        0  libinit2.o(.ARM.Collect$$libinit$$00000008)
    .ARM.Collect$$libinit$$0000000A          0x080001b0   Section        0  libinit2.o(.ARM.Collect$$libinit$$0000000A)
    .ARM.Collect$$libinit$$0000000C          0x080001b0   Section        0  libinit2.o(.ARM.Collect$$libinit$$0000000C)
    .ARM.Collect$$libinit$$0000000F          0x080001b0   Section        0  libinit2.o(.ARM.Collect$$libinit$$0000000F)
    .ARM.Collect$$libinit$$00000011          0x080001b0   Section        0  libinit2.o(.ARM.Collect$$libinit$$00000011)
    .ARM.Collect$$libinit$$00000013          0x080001b0   Section        0  libinit2.o(.ARM.Collect$$libinit$$00000013)
    .ARM.Collect$$libinit$$00000015          0x080001b0   Section        0  libinit2.o(.ARM.Collect$$libinit$$00000015)
    .ARM.Collect$$libinit$$00000017          0x080001b0   Section        0  libinit2.o(.ARM.Collect$$libinit$$00000017)
    .ARM.Collect$$libinit$$00000019          0x080001b0   Section        0  libinit2.o(.ARM.Collect$$libinit$$00000019)
    .ARM.Collect$$libinit$$0000001B          0x080001b0   Section        0  libinit2.o(.ARM.Collect$$libinit$$0000001B)
    .ARM.Collect$$libinit$$0000001D          0x080001b0   Section        0  libinit2.o(.ARM.Collect$$libinit$$0000001D)
    .ARM.Collect$$libinit$$0000001F          0x080001b0   Section        0  libinit2.o(.ARM.Collect$$libinit$$0000001F)
    .ARM.Collect$$libinit$$00000021          0x080001b0   Section        0  libinit2.o(.ARM.Collect$$libinit$$00000021)
    .ARM.Collect$$libinit$$00000023          0x080001b0   Section        0  libinit2.o(.ARM.Collect$$libinit$$00000023)
    .ARM.Collect$$libinit$$0000002A          0x080001b0   Section        0  libinit2.o(.ARM.Collect$$libinit$$0000002A)
    .ARM.Collect$$libinit$$0000002C          0x080001b0   Section        0  libinit2.o(.ARM.Collect$$libinit$$0000002C)
    .ARM.Collect$$libinit$$0000002E          0x080001b0   Section        0  libinit2.o(.ARM.Collect$$libinit$$0000002E)
    .ARM.Collect$$libinit$$00000030          0x080001b0   Section        0  libinit2.o(.ARM.Collect$$libinit$$00000030)
    .ARM.Collect$$libinit$$00000031          0x080001b0   Section        2  libinit2.o(.ARM.Collect$$libinit$$00000031)
    .ARM.Collect$$libshutdown$$00000000      0x080001b2   Section        2  libshutdown.o(.ARM.Collect$$libshutdown$$00000000)
    .ARM.Collect$$libshutdown$$00000003      0x080001b4   Section        0  libshutdown2.o(.ARM.Collect$$libshutdown$$00000003)
    .ARM.Collect$$libshutdown$$00000006      0x080001b4   Section        0  libshutdown2.o(.ARM.Collect$$libshutdown$$00000006)
    .ARM.Collect$$libshutdown$$00000009      0x080001b4   Section        0  libshutdown2.o(.ARM.Collect$$libshutdown$$00000009)
    .ARM.Collect$$libshutdown$$0000000B      0x080001b4   Section        0  libshutdown2.o(.ARM.Collect$$libshutdown$$0000000B)
    .ARM.Collect$$libshutdown$$0000000E      0x080001b4   Section        0  libshutdown2.o(.ARM.Collect$$libshutdown$$0000000E)
    .ARM.Collect$$libshutdown$$0000000F      0x080001b4   Section        2  libshutdown2.o(.ARM.Collect$$libshutdown$$0000000F)
    .ARM.Collect$$rtentry$$00000000          0x080001b6   Section        0  rtentry.o(.ARM.Collect$$rtentry$$00000000)
    .ARM.Collect$$rtentry$$00000002          0x080001b6   Section        0  rtentry2.o(.ARM.Collect$$rtentry$$00000002)
    .ARM.Collect$$rtentry$$00000004          0x080001b6   Section        6  rtentry4.o(.ARM.Collect$$rtentry$$00000004)
    .ARM.Collect$$rtentry$$00000009          0x080001bc   Section        0  rtentry2.o(.ARM.Collect$$rtentry$$00000009)
    .ARM.Collect$$rtentry$$0000000A          0x080001bc   Section        4  rtentry2.o(.ARM.Collect$$rtentry$$0000000A)
    .ARM.Collect$$rtentry$$0000000C          0x080001c0   Section        0  rtentry2.o(.ARM.Collect$$rtentry$$0000000C)
    .ARM.Collect$$rtentry$$0000000D          0x080001c0   Section        8  rtentry2.o(.ARM.Collect$$rtentry$$0000000D)
    .ARM.Collect$$rtexit$$00000000           0x080001c8   Section        2  rtexit.o(.ARM.Collect$$rtexit$$00000000)
    .ARM.Collect$$rtexit$$00000002           0x080001ca   Section        0  rtexit2.o(.ARM.Collect$$rtexit$$00000002)
    .ARM.Collect$$rtexit$$00000003           0x080001ca   Section        4  rtexit2.o(.ARM.Collect$$rtexit$$00000003)
    .ARM.Collect$$rtexit$$00000004           0x080001ce   Section        6  rtexit2.o(.ARM.Collect$$rtexit$$00000004)
    .emb_text                                0x080001d4   Section       12  sys.o(.emb_text)
    .emb_text                                0x080001e0   Section       32  core_cm3.o(.emb_text)
    .text                                    0x08000200   Section        0  main.o(.text)
    .text                                    0x08000290   Section        0  stm32f10x_it.o(.text)
    .text                                    0x080002a4   Section        0  bootloaders.o(.text)
    .text                                    0x0800059c   Section        0  fat.o(.text)
    .text                                    0x080006b4   Section        0  flash.o(.text)
    .text                                    0x08000788   Section        0  diskio.o(.text)
    .text                                    0x08000864   Section        0  ff.o(.text)
    move_window                              0x0800086b   Thumb Code   106  ff.o(.text)
    sync                                     0x080008d5   Thumb Code   182  ff.o(.text)
    get_fat                                  0x0800098b   Thumb Code   176  ff.o(.text)
    put_fat                                  0x08000a3b   Thumb Code   232  ff.o(.text)
    remove_chain                             0x08000b23   Thumb Code    96  ff.o(.text)
    create_chain                             0x08000b83   Thumb Code   148  ff.o(.text)
    dir_seek                                 0x08000c17   Thumb Code   126  ff.o(.text)
    dir_next                                 0x08000c95   Thumb Code   234  ff.o(.text)
    dir_find                                 0x08000dff   Thumb Code   254  ff.o(.text)
    dir_read                                 0x08000efd   Thumb Code   220  ff.o(.text)
    dir_register                             0x08000fd9   Thumb Code   420  ff.o(.text)
    dir_remove                               0x0800117d   Thumb Code    78  ff.o(.text)
    create_name                              0x080011cb   Thumb Code   514  ff.o(.text)
    get_fileinfo                             0x080013cd   Thumb Code   210  ff.o(.text)
    follow_path                              0x0800149f   Thumb Code   108  ff.o(.text)
    check_fs                                 0x0800150b   Thumb Code    86  ff.o(.text)
    auto_mount                               0x08001561   Thumb Code   440  ff.o(.text)
    mem_cpy                                  0x0800250d   Thumb Code    16  ff.o(.text)
    mem_set                                  0x0800251d   Thumb Code    14  ff.o(.text)
    mem_cmp                                  0x0800252b   Thumb Code    24  ff.o(.text)
    chk_chr                                  0x08002543   Thumb Code    16  ff.o(.text)
    clust2sect                               0x08002553   Thumb Code    24  ff.o(.text)
    sum_sfn                                  0x0800256b   Thumb Code    26  ff.o(.text)
    validate                                 0x08002585   Thumb Code    32  ff.o(.text)
    .text                                    0x080025a4   Section        0  delay.o(.text)
    .text                                    0x0800263c   Section        0  spi.o(.text)
    .text                                    0x0800271c   Section        0  usart.o(.text)
    .text                                    0x08002838   Section        0  util.o(.text)
    .text                                    0x08002868   Section        0  sd_assist.o(.text)
    .text                                    0x080028dc   Section        0  sdcard.o(.text)
    CmdResp2Error                            0x080028dd   Thumb Code    46  sdcard.o(.text)
    CmdResp1Error                            0x08002a0b   Thumb Code   224  sdcard.o(.text)
    FindSCR                                  0x08002f9b   Thumb Code   304  sdcard.o(.text)
    SDEnWideBus                              0x080030cb   Thumb Code   204  sdcard.o(.text)
    DMA_RxConfiguration                      0x0800324b   Thumb Code    80  sdcard.o(.text)
    IsCardProgramming                        0x080036e9   Thumb Code   322  sdcard.o(.text)
    DMA_TxConfiguration                      0x0800382b   Thumb Code    82  sdcard.o(.text)
    CmdResp6Error                            0x08004297   Thumb Code   108  sdcard.o(.text)
    convert_from_bytes_to_power_of_two       0x08004303   Thumb Code    18  sdcard.o(.text)
    .text                                    0x08004318   Section        0  sdcard_spi.o(.text)
    .text                                    0x08004808   Section        0  misc.o(.text)
    .text                                    0x080048b8   Section        0  stm32f10x_dma.o(.text)
    .text                                    0x08004a80   Section        0  stm32f10x_flash.o(.text)
    .text                                    0x08004f00   Section        0  stm32f10x_gpio.o(.text)
    .text                                    0x08005160   Section        0  stm32f10x_rcc.o(.text)
    .text                                    0x08005418   Section        0  stm32f10x_sdio.o(.text)
    .text                                    0x080055c4   Section        0  stm32f10x_spi.o(.text)
    .text                                    0x08005838   Section        0  stm32f10x_usart.o(.text)
    .text                                    0x08005b68   Section        0  system_stm32f10x.o(.text)
    SetSysClockTo72                          0x08005b69   Thumb Code   160  system_stm32f10x.o(.text)
    .text                                    0x08005cc0   Section       64  startup_stm32f10x_hd.o(.text)
    .text                                    0x08005d00   Section        2  use_no_semi_2.o(.text)
    .text                                    0x08005d04   Section        0  noretval__2printf.o(.text)
    .text                                    0x08005d1c   Section        0  __printf.o(.text)
    .text                                    0x08005d84   Section        0  _printf_hex_int.o(.text)
    .text                                    0x08005de0   Section      128  strcmpv7m.o(.text)
    .text                                    0x08005e60   Section        0  heapauxi.o(.text)
    .text                                    0x08005e66   Section        2  use_no_semi.o(.text)
    .text                                    0x08005e68   Section        0  _printf_intcommon.o(.text)
    .text                                    0x08005f20   Section        0  _printf_char_file.o(.text)
    .text                                    0x08005f44   Section        0  _printf_char_common.o(.text)
    _printf_input_char                       0x08005f45   Thumb Code    10  _printf_char_common.o(.text)
    .text                                    0x08005f74   Section        0  ferror.o(.text)
    .text                                    0x08005f7c   Section       74  sys_stackheap_outer.o(.text)
    .text                                    0x08005fc6   Section        0  exit.o(.text)
    .text                                    0x08005fd4   Section        8  libspace.o(.text)
    .constdata                               0x08005fdc   Section       17  ff.o(.constdata)
    fatstr                                   0x08005fdc   Data           4  ff.o(.constdata)
    LfnOfs                                   0x08005fe0   Data          13  ff.o(.constdata)
    .constdata                               0x08005fed   Section       40  _printf_hex_int.o(.constdata)
    uc_hextab                                0x08005fed   Data          20  _printf_hex_int.o(.constdata)
    lc_hextab                                0x08006001   Data          20  _printf_hex_int.o(.constdata)
    .data                                    0x20000000   Section        4  bootloaders.o(.data)
    .data                                    0x20000004   Section        8  ff.o(.data)
    Fsid                                     0x20000004   Data           2  ff.o(.data)
    FatFs                                    0x20000008   Data           4  ff.o(.data)
    .data                                    0x2000000c   Section        4  delay.o(.data)
    us_unit                                  0x2000000c   Data           1  delay.o(.data)
    ms_unit                                  0x2000000e   Data           2  delay.o(.data)
    .data                                    0x20000010   Section        2  usart.o(.data)
    .data                                    0x20000014   Section        4  usart.o(.data)
    .data                                    0x20000018   Section       40  sdcard.o(.data)
    CardType                                 0x2000001c   Data           4  sdcard.o(.data)
    RCA                                      0x20000020   Data           4  sdcard.o(.data)
    DeviceMode                               0x20000024   Data           4  sdcard.o(.data)
    TotalNumberOfBytes                       0x20000028   Data           4  sdcard.o(.data)
    StopCondition                            0x2000002c   Data           4  sdcard.o(.data)
    .data                                    0x20000040   Section        1  sdcard_spi.o(.data)
    .data                                    0x20000041   Section       20  stm32f10x_rcc.o(.data)
    ADCPrescTable                            0x20000041   Data           4  stm32f10x_rcc.o(.data)
    APBAHBPrescTable                         0x20000045   Data          16  stm32f10x_rcc.o(.data)
    .data                                    0x20000058   Section       20  system_stm32f10x.o(.data)
    .bss                                     0x2000006c   Section     1060  bootloaders.o(.bss)
    Fsrc                                     0x2000006c   Data         548  bootloaders.o(.bss)
    ReadBuf                                  0x20000290   Data         512  bootloaders.o(.bss)
    .bss                                     0x20000490   Section     1121  fat.o(.bss)
    ReadBuf                                  0x200008e4   Data          13  fat.o(.bss)
    .bss                                     0x200008f4   Section     2048  flash.o(.bss)
    .bss                                     0x200010f4   Section       18  spi.o(.bss)
    .bss                                     0x20001106   Section      200  usart.o(.bss)
    .bss                                     0x200011d0   Section      100  sdcard.o(.bss)
    CSD_Tab                                  0x200011d0   Data          16  sdcard.o(.bss)
    CID_Tab                                  0x200011e0   Data          16  sdcard.o(.bss)
    .bss                                     0x20001234   Section       96  libspace.o(.bss)
    HEAP                                     0x20001298   Section      512  startup_stm32f10x_hd.o(HEAP)
    Heap_Mem                                 0x20001298   Data         512  startup_stm32f10x_hd.o(HEAP)
    STACK                                    0x20001498   Section     1024  startup_stm32f10x_hd.o(STACK)
    Stack_Mem                                0x20001498   Data        1024  startup_stm32f10x_hd.o(STACK)
    __initial_sp                             0x20001898   Data           0  startup_stm32f10x_hd.o(STACK)

    Global Symbols

    Symbol Name                              Value     Ov Type        Size  Object(Section)

    BuildAttributes$$THM_ISAv4$P$D$K$B$S$PE$A:L22UL41UL21$X:L11$S22US41US21$IEEE1$IW$USESV6$~STKCKD$USESV7$~SHL$OSPACE$ROPI$EBA8$UX$STANDARDLIB$REQ8$PRES8$EABIv2 0x00000000   Number         0  anon$$obj.o ABSOLUTE
    __ARM_use_no_argv                        0x00000000   Number         0  main.o ABSOLUTE
    __ARM_exceptions_init                     - Undefined Weak Reference
    __alloca_initialize                       - Undefined Weak Reference
    __cpp_initialize__aeabi_                  - Undefined Weak Reference
    __cxa_finalize                            - Undefined Weak Reference
    __rt_locale                               - Undefined Weak Reference
    __sigvec_lookup                           - Undefined Weak Reference
    _atexit_init                              - Undefined Weak Reference
    _call_atexit_fns                          - Undefined Weak Reference
    _clock_init                               - Undefined Weak Reference
    _fp_trap_init                             - Undefined Weak Reference
    _fp_trap_shutdown                         - Undefined Weak Reference
    _get_lc_collate                           - Undefined Weak Reference
    _get_lc_ctype                             - Undefined Weak Reference
    _get_lc_monetary                          - Undefined Weak Reference
    _get_lc_numeric                           - Undefined Weak Reference
    _get_lc_time                              - Undefined Weak Reference
    _getenv_init                              - Undefined Weak Reference
    _handle_redirection                       - Undefined Weak Reference
    _init_alloc                               - Undefined Weak Reference
    _init_user_alloc                          - Undefined Weak Reference
    _initio                                   - Undefined Weak Reference
    _mutex_acquire                            - Undefined Weak Reference
    _mutex_release                            - Undefined Weak Reference
    _printf_post_padding                      - Undefined Weak Reference
    _printf_pre_padding                       - Undefined Weak Reference
    _printf_truncate_unsigned                 - Undefined Weak Reference
    _rand_init                                - Undefined Weak Reference
    _signal_finish                            - Undefined Weak Reference
    _signal_init                              - Undefined Weak Reference
    _terminate_alloc                          - Undefined Weak Reference
    _terminate_user_alloc                     - Undefined Weak Reference
    _terminateio                              - Undefined Weak Reference
    __Vectors_Size                           0x00000130   Number         0  startup_stm32f10x_hd.o ABSOLUTE
    __Vectors                                0x08000000   Data           4  startup_stm32f10x_hd.o(RESET)
    __Vectors_End                            0x08000130   Data           0  startup_stm32f10x_hd.o(RESET)
    __main                                   0x08000131   Thumb Code     8  __main.o(!!!main)
    __scatterload                            0x08000139   Thumb Code     0  __scatter.o(!!!scatter)
    __scatterload_rt2                        0x08000139   Thumb Code    44  __scatter.o(!!!scatter)
    __scatterload_rt2_thumb_only             0x08000139   Thumb Code     0  __scatter.o(!!!scatter)
    __scatterload_null                       0x08000147   Thumb Code     0  __scatter.o(!!!scatter)
    __scatterload_copy                       0x0800016d   Thumb Code    26  __scatter_copy.o(!!handler_copy)
    __scatterload_zeroinit                   0x08000189   Thumb Code    28  __scatter_zi.o(!!handler_zi)
    _printf_percent                          0x080001a5   Thumb Code     0  _printf_percent.o(.ARM.Collect$$_printf_percent$$00000000)
    _printf_x                                0x080001a5   Thumb Code     0  _printf_x.o(.ARM.Collect$$_printf_percent$$0000000C)
    _printf_percent_end                      0x080001ab   Thumb Code     0  _printf_percent_end.o(.ARM.Collect$$_printf_percent$$00000017)
    __rt_lib_init                            0x080001af   Thumb Code     0  libinit.o(.ARM.Collect$$libinit$$00000000)
    __rt_lib_init_alloca_1                   0x080001b1   Thumb Code     0  libinit2.o(.ARM.Collect$$libinit$$0000002C)
    __rt_lib_init_argv_1                     0x080001b1   Thumb Code     0  libinit2.o(.ARM.Collect$$libinit$$0000002A)
    __rt_lib_init_atexit_1                   0x080001b1   Thumb Code     0  libinit2.o(.ARM.Collect$$libinit$$00000019)
    __rt_lib_init_clock_1                    0x080001b1   Thumb Code     0  libinit2.o(.ARM.Collect$$libinit$$0000001F)
    __rt_lib_init_cpp_1                      0x080001b1   Thumb Code     0  libinit2.o(.ARM.Collect$$libinit$$00000030)
    __rt_lib_init_exceptions_1               0x080001b1   Thumb Code     0  libinit2.o(.ARM.Collect$$libinit$$0000002E)
    __rt_lib_init_fp_1                       0x080001b1   Thumb Code     0  libinit2.o(.ARM.Collect$$libinit$$00000002)
    __rt_lib_init_fp_trap_1                  0x080001b1   Thumb Code     0  libinit2.o(.ARM.Collect$$libinit$$0000001D)
    __rt_lib_init_getenv_1                   0x080001b1   Thumb Code     0  libinit2.o(.ARM.Collect$$libinit$$00000021)
    __rt_lib_init_heap_1                     0x080001b1   Thumb Code     0  libinit2.o(.ARM.Collect$$libinit$$00000008)
    __rt_lib_init_lc_collate_1               0x080001b1   Thumb Code     0  libinit2.o(.ARM.Collect$$libinit$$0000000F)
    __rt_lib_init_lc_ctype_1                 0x080001b1   Thumb Code     0  libinit2.o(.ARM.Collect$$libinit$$00000011)
    __rt_lib_init_lc_monetary_1              0x080001b1   Thumb Code     0  libinit2.o(.ARM.Collect$$libinit$$00000013)
    __rt_lib_init_lc_numeric_1               0x080001b1   Thumb Code     0  libinit2.o(.ARM.Collect$$libinit$$00000015)
    __rt_lib_init_lc_time_1                  0x080001b1   Thumb Code     0  libinit2.o(.ARM.Collect$$libinit$$00000017)
    __rt_lib_init_rand_1                     0x080001b1   Thumb Code     0  libinit2.o(.ARM.Collect$$libinit$$0000000C)
    __rt_lib_init_return                     0x080001b1   Thumb Code     0  libinit2.o(.ARM.Collect$$libinit$$00000031)
    __rt_lib_init_signal_1                   0x080001b1   Thumb Code     0  libinit2.o(.ARM.Collect$$libinit$$0000001B)
    __rt_lib_init_stdio_1                    0x080001b1   Thumb Code     0  libinit2.o(.ARM.Collect$$libinit$$00000023)
    __rt_lib_init_user_alloc_1               0x080001b1   Thumb Code     0  libinit2.o(.ARM.Collect$$libinit$$0000000A)
    __rt_lib_shutdown                        0x080001b3   Thumb Code     0  libshutdown.o(.ARM.Collect$$libshutdown$$00000000)
    __rt_lib_shutdown_fp_trap_1              0x080001b5   Thumb Code     0  libshutdown2.o(.ARM.Collect$$libshutdown$$00000006)
    __rt_lib_shutdown_heap_1                 0x080001b5   Thumb Code     0  libshutdown2.o(.ARM.Collect$$libshutdown$$0000000E)
    __rt_lib_shutdown_return                 0x080001b5   Thumb Code     0  libshutdown2.o(.ARM.Collect$$libshutdown$$0000000F)
    __rt_lib_shutdown_signal_1               0x080001b5   Thumb Code     0  libshutdown2.o(.ARM.Collect$$libshutdown$$00000009)
    __rt_lib_shutdown_stdio_1                0x080001b5   Thumb Code     0  libshutdown2.o(.ARM.Collect$$libshutdown$$00000003)
    __rt_lib_shutdown_user_alloc_1           0x080001b5   Thumb Code     0  libshutdown2.o(.ARM.Collect$$libshutdown$$0000000B)
    __rt_entry                               0x080001b7   Thumb Code     0  rtentry.o(.ARM.Collect$$rtentry$$00000000)
    __rt_entry_presh_1                       0x080001b7   Thumb Code     0  rtentry2.o(.ARM.Collect$$rtentry$$00000002)
    __rt_entry_sh                            0x080001b7   Thumb Code     0  rtentry4.o(.ARM.Collect$$rtentry$$00000004)
    __rt_entry_li                            0x080001bd   Thumb Code     0  rtentry2.o(.ARM.Collect$$rtentry$$0000000A)
    __rt_entry_postsh_1                      0x080001bd   Thumb Code     0  rtentry2.o(.ARM.Collect$$rtentry$$00000009)
    __rt_entry_main                          0x080001c1   Thumb Code     0  rtentry2.o(.ARM.Collect$$rtentry$$0000000D)
    __rt_entry_postli_1                      0x080001c1   Thumb Code     0  rtentry2.o(.ARM.Collect$$rtentry$$0000000C)
    __rt_exit                                0x080001c9   Thumb Code     0  rtexit.o(.ARM.Collect$$rtexit$$00000000)
    __rt_exit_ls                             0x080001cb   Thumb Code     0  rtexit2.o(.ARM.Collect$$rtexit$$00000003)
    __rt_exit_prels_1                        0x080001cb   Thumb Code     0  rtexit2.o(.ARM.Collect$$rtexit$$00000002)
    __rt_exit_exit                           0x080001cf   Thumb Code     0  rtexit2.o(.ARM.Collect$$rtexit$$00000004)
    WFI_SET                                  0x080001d5   Thumb Code     2  sys.o(.emb_text)
    INTX_DISABLE                             0x080001d7   Thumb Code     2  sys.o(.emb_text)
    INTX_ENABLE                              0x080001d9   Thumb Code     2  sys.o(.emb_text)
    MSR_MSP                                  0x080001db   Thumb Code     6  sys.o(.emb_text)
    __get_PSP                                0x080001e1   Thumb Code     6  core_cm3.o(.emb_text)
    __set_PSP                                0x080001e7   Thumb Code     6  core_cm3.o(.emb_text)
    __get_MSP                                0x080001ed   Thumb Code     6  core_cm3.o(.emb_text)
    __set_MSP                                0x080001f3   Thumb Code     6  core_cm3.o(.emb_text)
    __REV16                                  0x080001f9   Thumb Code     4  core_cm3.o(.emb_text)
    __REVSH                                  0x080001fd   Thumb Code     4  core_cm3.o(.emb_text)
    main                                     0x08000201   Thumb Code    62  main.o(.text)
    NMI_Handler                              0x08000291   Thumb Code     2  stm32f10x_it.o(.text)
    HardFault_Handler                        0x08000293   Thumb Code     2  stm32f10x_it.o(.text)
    MemManage_Handler                        0x08000295   Thumb Code     2  stm32f10x_it.o(.text)
    BusFault_Handler                         0x08000297   Thumb Code     2  stm32f10x_it.o(.text)
    UsageFault_Handler                       0x08000299   Thumb Code     2  stm32f10x_it.o(.text)
    SVC_Handler                              0x0800029b   Thumb Code     2  stm32f10x_it.o(.text)
    DebugMon_Handler                         0x0800029d   Thumb Code     2  stm32f10x_it.o(.text)
    PendSV_Handler                           0x0800029f   Thumb Code     2  stm32f10x_it.o(.text)
    SysTick_Handler                          0x080002a1   Thumb Code     2  stm32f10x_it.o(.text)
    IAP_LoadApp                              0x080002a5   Thumb Code   266  bootloaders.o(.text)
    BootLoader_FromSDCard                    0x080003af   Thumb Code   186  bootloaders.o(.text)
    BootLoader_Jump                          0x08000469   Thumb Code    34  bootloaders.o(.text)
    FAT_Test                                 0x0800059d   Thumb Code   102  fat.o(.text)
    FAT_Init                                 0x08000603   Thumb Code    42  fat.o(.text)
    Flash_Init                               0x080006b5   Thumb Code    10  flash.o(.text)
    Flash_Erase                              0x080006bf   Thumb Code    74  flash.o(.text)
    Flash_Write                              0x08000709   Thumb Code    80  flash.o(.text)
    Flash_ProgTest                           0x08000759   Thumb Code    40  flash.o(.text)
    disk_initialize                          0x08000789   Thumb Code    34  diskio.o(.text)
    disk_status                              0x080007ab   Thumb Code     4  diskio.o(.text)
    disk_read                                0x080007af   Thumb Code    46  diskio.o(.text)
    disk_write                               0x080007dd   Thumb Code    32  diskio.o(.text)
    disk_ioctl                               0x080007fd   Thumb Code    70  diskio.o(.text)
    get_fattime                              0x08000865   Thumb Code     6  ff.o(.text)
    gen_numname                              0x08000d7f   Thumb Code   128  ff.o(.text)
    f_mount                                  0x08001719   Thumb Code    52  ff.o(.text)
    f_open                                   0x0800174d   Thumb Code   322  ff.o(.text)
    f_read                                   0x0800188f   Thumb Code   340  ff.o(.text)
    f_write                                  0x080019e3   Thumb Code   394  ff.o(.text)
    f_sync                                   0x08001b6d   Thumb Code   156  ff.o(.text)
    f_close                                  0x08001c09   Thumb Code    18  ff.o(.text)
    f_lseek                                  0x08001c1b   Thumb Code   318  ff.o(.text)
    f_opendir                                0x08001d59   Thumb Code    86  ff.o(.text)
    f_readdir                                0x08001daf   Thumb Code    92  ff.o(.text)
    f_stat                                   0x08001e0b   Thumb Code    66  ff.o(.text)
    f_getfree                                0x08001e4d   Thumb Code   192  ff.o(.text)
    f_truncate                               0x08001f0d   Thumb Code   144  ff.o(.text)
    f_unlink                                 0x08001f9d   Thumb Code   152  ff.o(.text)
    f_mkdir                                  0x08002035   Thumb Code   388  ff.o(.text)
    f_chmod                                  0x080021b9   Thumb Code    84  ff.o(.text)
    f_utime                                  0x0800220d   Thumb Code    88  ff.o(.text)
    f_rename                                 0x08002265   Thumb Code   252  ff.o(.text)
    f_gets                                   0x08002361   Thumb Code    64  ff.o(.text)
    f_putc                                   0x080023a1   Thumb Code    38  ff.o(.text)
    f_puts                                   0x080023c7   Thumb Code    40  ff.o(.text)
    f_printf                                 0x080023ef   Thumb Code   286  ff.o(.text)
    delay_init                               0x080025a5   Thumb Code    46  delay.o(.text)
    delay_us                                 0x080025d3   Thumb Code    46  delay.o(.text)
    delay_ms                                 0x08002601   Thumb Code    46  delay.o(.text)
    SPI1_ReadWriteByte                       0x0800263d   Thumb Code    76  spi.o(.text)
    SPI1_Init                                0x08002689   Thumb Code   110  spi.o(.text)
    SPI1_SetSpeed                            0x080026f7   Thumb Code    26  spi.o(.text)
    _sys_exit                                0x0800271d   Thumb Code     2  usart.o(.text)
    fputc                                    0x0800271f   Thumb Code    18  usart.o(.text)
    UART_init                                0x08002731   Thumb Code   158  usart.o(.text)
    USART3_IRQHandler                        0x080027cf   Thumb Code    88  usart.o(.text)
    Buf_LinearFill32                         0x08002839   Thumb Code    26  util.o(.text)
    MemFail_Handle                           0x08002853   Thumb Code     2  util.o(.text)
    StrCpy                                   0x08002855   Thumb Code    20  util.o(.text)
    FileFail_HandleRet                       0x08002869   Thumb Code     4  sd_assist.o(.text)
    FileFail_Handle                          0x0800286d   Thumb Code     2  sd_assist.o(.text)
    ff_wtoupper                              0x0800286f   Thumb Code     4  sd_assist.o(.text)
    ff_convert                               0x08002873   Thumb Code     4  sd_assist.o(.text)
    SDIO_NVIC_Config                         0x08002877   Thumb Code    32  sd_assist.o(.text)
    SD_Card_Init                             0x08002897   Thumb Code    68  sd_assist.o(.text)
    SD_InitializeCards                       0x0800290b   Thumb Code   256  sdcard.o(.text)
    SD_PowerON                               0x08002aeb   Thumb Code   458  sdcard.o(.text)
    SD_Init                                  0x08002cb5   Thumb Code   142  sdcard.o(.text)
    SD_PowerOFF                              0x08002d43   Thumb Code    14  sdcard.o(.text)
    SD_GetCardInfo                           0x08002d51   Thumb Code   586  sdcard.o(.text)
    SD_EnableWideBusOperation                0x08003197   Thumb Code   116  sdcard.o(.text)
    SD_SetDeviceMode                         0x0800320b   Thumb Code    24  sdcard.o(.text)
    SD_SelectDeselect                        0x08003223   Thumb Code    40  sdcard.o(.text)
    SD_ReadBlock                             0x0800329b   Thumb Code   510  sdcard.o(.text)
    SD_ReadMultiBlocks                       0x08003499   Thumb Code   592  sdcard.o(.text)
    SD_WriteBlock                            0x0800387d   Thumb Code   700  sdcard.o(.text)
    SD_WriteMultiBlocks                      0x08003b39   Thumb Code   772  sdcard.o(.text)
    SD_GetTransferState                      0x08003e3d   Thumb Code    14  sdcard.o(.text)
    SD_StopTransfer                          0x08003e4b   Thumb Code    36  sdcard.o(.text)
    SD_Erase                                 0x08003e6f   Thumb Code   232  sdcard.o(.text)
    SD_SendStatus                            0x08003f57   Thumb Code    66  sdcard.o(.text)
    SD_SendSDStatus                          0x08003f99   Thumb Code   334  sdcard.o(.text)
    SD_ProcessIRQSrc                         0x080040e7   Thumb Code   432  sdcard.o(.text)
    SD_DetectInit                            0x08004319   Thumb Code    32  sdcard_spi.o(.text)
    SD_IsCardInserted                        0x08004339   Thumb Code    20  sdcard_spi.o(.text)
    SD_SPI_ReadWriteByte                     0x0800434d   Thumb Code     4  sdcard_spi.o(.text)
    SD_SPI_SpeedLow                          0x08004351   Thumb Code     6  sdcard_spi.o(.text)
    SD_SPI_SpeedHigh                         0x08004357   Thumb Code     6  sdcard_spi.o(.text)
    SD_SPI_Init                              0x0800435d   Thumb Code    56  sdcard_spi.o(.text)
    SD_DisSelect                             0x08004395   Thumb Code    12  sdcard_spi.o(.text)
    SD_WaitReady                             0x080043a1   Thumb Code    32  sdcard_spi.o(.text)
    SD_Select                                0x080043c1   Thumb Code    24  sdcard_spi.o(.text)
    SD_GetResponse                           0x080043d9   Thumb Code    40  sdcard_spi.o(.text)
    SD_RecvData                              0x08004401   Thumb Code    54  sdcard_spi.o(.text)
    SD_SendBlock                             0x08004437   Thumb Code    80  sdcard_spi.o(.text)
    SD_SendCmd                               0x08004487   Thumb Code    98  sdcard_spi.o(.text)
    SD_GetCID                                0x080044e9   Thumb Code    42  sdcard_spi.o(.text)
    SD_GetCSD                                0x08004513   Thumb Code    42  sdcard_spi.o(.text)
    SD_GetSectorCount                        0x0800453d   Thumb Code   110  sdcard_spi.o(.text)
    SD_Initialize                            0x080045ab   Thumb Code   374  sdcard_spi.o(.text)
    SD_ReadDisk                              0x08004721   Thumb Code   104  sdcard_spi.o(.text)
    SD_WriteDisk                             0x08004789   Thumb Code   124  sdcard_spi.o(.text)
    NVIC_PriorityGroupConfig                 0x08004809   Thumb Code    10  misc.o(.text)
    NVIC_Init                                0x08004813   Thumb Code    90  misc.o(.text)
    NVIC_SetVectorTable                      0x0800486d   Thumb Code    14  misc.o(.text)
    NVIC_SystemLPConfig                      0x0800487b   Thumb Code    20  misc.o(.text)
    SysTick_CLKSourceConfig                  0x0800488f   Thumb Code    24  misc.o(.text)
    DMA_DeInit                               0x080048b9   Thumb Code   218  stm32f10x_dma.o(.text)
    DMA_Init                                 0x08004993   Thumb Code    58  stm32f10x_dma.o(.text)
    DMA_StructInit                           0x080049cd   Thumb Code    26  stm32f10x_dma.o(.text)
    DMA_Cmd                                  0x080049e7   Thumb Code    22  stm32f10x_dma.o(.text)
    DMA_ITConfig                             0x080049fd   Thumb Code    16  stm32f10x_dma.o(.text)
    DMA_SetCurrDataCounter                   0x08004a0d   Thumb Code     4  stm32f10x_dma.o(.text)
    DMA_GetCurrDataCounter                   0x08004a11   Thumb Code     6  stm32f10x_dma.o(.text)
    DMA_GetFlagStatus                        0x08004a17   Thumb Code    28  stm32f10x_dma.o(.text)
    DMA_ClearFlag                            0x08004a33   Thumb Code    20  stm32f10x_dma.o(.text)
    DMA_GetITStatus                          0x08004a47   Thumb Code    28  stm32f10x_dma.o(.text)
    DMA_ClearITPendingBit                    0x08004a63   Thumb Code    20  stm32f10x_dma.o(.text)
    FLASH_SetLatency                         0x08004a81   Thumb Code    14  stm32f10x_flash.o(.text)
    FLASH_HalfCycleAccessCmd                 0x08004a8f   Thumb Code    18  stm32f10x_flash.o(.text)
    FLASH_PrefetchBufferCmd                  0x08004aa1   Thumb Code    18  stm32f10x_flash.o(.text)
    FLASH_Unlock                             0x08004ab3   Thumb Code    12  stm32f10x_flash.o(.text)
    FLASH_UnlockBank1                        0x08004abf   Thumb Code    12  stm32f10x_flash.o(.text)
    FLASH_Lock                               0x08004acb   Thumb Code    12  stm32f10x_flash.o(.text)
    FLASH_LockBank1                          0x08004ad7   Thumb Code    12  stm32f10x_flash.o(.text)
    FLASH_GetBank1Status                     0x08004ae3   Thumb Code    34  stm32f10x_flash.o(.text)
    FLASH_WaitForLastOperation               0x08004b05   Thumb Code    34  stm32f10x_flash.o(.text)
    FLASH_ErasePage                          0x08004b27   Thumb Code    56  stm32f10x_flash.o(.text)
    FLASH_EraseAllPages                      0x08004b5f   Thumb Code    52  stm32f10x_flash.o(.text)
    FLASH_WaitForLastBank1Operation          0x08004b93   Thumb Code    34  stm32f10x_flash.o(.text)
    FLASH_EraseAllBank1Pages                 0x08004bb5   Thumb Code    52  stm32f10x_flash.o(.text)
    FLASH_GetReadOutProtectionStatus         0x08004be9   Thumb Code    14  stm32f10x_flash.o(.text)
    FLASH_EraseOptionBytes                   0x08004bf7   Thumb Code   108  stm32f10x_flash.o(.text)
    FLASH_ProgramWord                        0x08004c63   Thumb Code    72  stm32f10x_flash.o(.text)
    FLASH_ProgramHalfWord                    0x08004cab   Thumb Code    48  stm32f10x_flash.o(.text)
    FLASH_ProgramOptionByteData              0x08004cdb   Thumb Code    62  stm32f10x_flash.o(.text)
    FLASH_EnableWriteProtection              0x08004d19   Thumb Code   158  stm32f10x_flash.o(.text)
    FLASH_ReadOutProtection                  0x08004db7   Thumb Code   118  stm32f10x_flash.o(.text)
    FLASH_UserOptionByteConfig               0x08004e2d   Thumb Code    92  stm32f10x_flash.o(.text)
    FLASH_GetUserOptionByte                  0x08004e89   Thumb Code     8  stm32f10x_flash.o(.text)
    FLASH_GetWriteProtectionOptionByte       0x08004e91   Thumb Code     6  stm32f10x_flash.o(.text)
    FLASH_GetPrefetchBufferStatus            0x08004e97   Thumb Code    14  stm32f10x_flash.o(.text)
    FLASH_ITConfig                           0x08004ea5   Thumb Code    18  stm32f10x_flash.o(.text)
    FLASH_GetFlagStatus                      0x08004eb7   Thumb Code    28  stm32f10x_flash.o(.text)
    FLASH_ClearFlag                          0x08004ed3   Thumb Code     6  stm32f10x_flash.o(.text)
    FLASH_GetStatus                          0x08004ed9   Thumb Code    34  stm32f10x_flash.o(.text)
    GPIO_DeInit                              0x08004f01   Thumb Code   152  stm32f10x_gpio.o(.text)
    GPIO_AFIODeInit                          0x08004f99   Thumb Code    22  stm32f10x_gpio.o(.text)
    GPIO_Init                                0x08004faf   Thumb Code   152  stm32f10x_gpio.o(.text)
    GPIO_StructInit                          0x08005047   Thumb Code    16  stm32f10x_gpio.o(.text)
    GPIO_ReadInputDataBit                    0x08005057   Thumb Code    14  stm32f10x_gpio.o(.text)
    GPIO_ReadInputData                       0x08005065   Thumb Code     6  stm32f10x_gpio.o(.text)
    GPIO_ReadOutputDataBit                   0x0800506b   Thumb Code    14  stm32f10x_gpio.o(.text)
    GPIO_ReadOutputData                      0x08005079   Thumb Code     6  stm32f10x_gpio.o(.text)
    GPIO_SetBits                             0x0800507f   Thumb Code     4  stm32f10x_gpio.o(.text)
    GPIO_ResetBits                           0x08005083   Thumb Code     4  stm32f10x_gpio.o(.text)
    GPIO_WriteBit                            0x08005087   Thumb Code    10  stm32f10x_gpio.o(.text)
    GPIO_Write                               0x08005091   Thumb Code     4  stm32f10x_gpio.o(.text)
    GPIO_PinLockConfig                       0x08005095   Thumb Code    16  stm32f10x_gpio.o(.text)
    GPIO_EventOutputConfig                   0x080050a5   Thumb Code    22  stm32f10x_gpio.o(.text)
    GPIO_EventOutputCmd                      0x080050bb   Thumb Code     6  stm32f10x_gpio.o(.text)
    GPIO_PinRemapConfig                      0x080050c1   Thumb Code    82  stm32f10x_gpio.o(.text)
    GPIO_EXTILineConfig                      0x08005113   Thumb Code    34  stm32f10x_gpio.o(.text)
    GPIO_ETH_MediaInterfaceConfig            0x08005135   Thumb Code     8  stm32f10x_gpio.o(.text)
    RCC_DeInit                               0x08005161   Thumb Code    50  stm32f10x_rcc.o(.text)
    RCC_HSEConfig                            0x08005193   Thumb Code    48  stm32f10x_rcc.o(.text)
    RCC_GetFlagStatus                        0x080051c3   Thumb Code    42  stm32f10x_rcc.o(.text)
    RCC_WaitForHSEStartUp                    0x080051ed   Thumb Code    44  stm32f10x_rcc.o(.text)
    RCC_AdjustHSICalibrationValue            0x08005219   Thumb Code    16  stm32f10x_rcc.o(.text)
    RCC_HSICmd                               0x08005229   Thumb Code     6  stm32f10x_rcc.o(.text)
    RCC_PLLConfig                            0x0800522f   Thumb Code    16  stm32f10x_rcc.o(.text)
    RCC_PLLCmd                               0x0800523f   Thumb Code     6  stm32f10x_rcc.o(.text)
    RCC_SYSCLKConfig                         0x08005245   Thumb Code    14  stm32f10x_rcc.o(.text)
    RCC_GetSYSCLKSource                      0x08005253   Thumb Code    10  stm32f10x_rcc.o(.text)
    RCC_HCLKConfig                           0x0800525d   Thumb Code    14  stm32f10x_rcc.o(.text)
    RCC_PCLK1Config                          0x0800526b   Thumb Code    14  stm32f10x_rcc.o(.text)
    RCC_PCLK2Config                          0x08005279   Thumb Code    16  stm32f10x_rcc.o(.text)
    RCC_ITConfig                             0x08005289   Thumb Code    18  stm32f10x_rcc.o(.text)
    RCC_USBCLKConfig                         0x0800529b   Thumb Code     8  stm32f10x_rcc.o(.text)
    RCC_ADCCLKConfig                         0x080052a3   Thumb Code    14  stm32f10x_rcc.o(.text)
    RCC_LSEConfig                            0x080052b1   Thumb Code    28  stm32f10x_rcc.o(.text)
    RCC_LSICmd                               0x080052cd   Thumb Code     6  stm32f10x_rcc.o(.text)
    RCC_RTCCLKConfig                         0x080052d3   Thumb Code    10  stm32f10x_rcc.o(.text)
    RCC_RTCCLKCmd                            0x080052dd   Thumb Code     8  stm32f10x_rcc.o(.text)
    RCC_GetClocksFreq                        0x080052e5   Thumb Code   132  stm32f10x_rcc.o(.text)
    RCC_AHBPeriphClockCmd                    0x08005369   Thumb Code    18  stm32f10x_rcc.o(.text)
    RCC_APB2PeriphClockCmd                   0x0800537b   Thumb Code    18  stm32f10x_rcc.o(.text)
    RCC_APB1PeriphClockCmd                   0x0800538d   Thumb Code    18  stm32f10x_rcc.o(.text)
    RCC_APB2PeriphResetCmd                   0x0800539f   Thumb Code    18  stm32f10x_rcc.o(.text)
    RCC_APB1PeriphResetCmd                   0x080053b1   Thumb Code    18  stm32f10x_rcc.o(.text)
    RCC_BackupResetCmd                       0x080053c3   Thumb Code     8  stm32f10x_rcc.o(.text)
    RCC_ClockSecuritySystemCmd               0x080053cb   Thumb Code     6  stm32f10x_rcc.o(.text)
    RCC_MCOConfig                            0x080053d1   Thumb Code     6  stm32f10x_rcc.o(.text)
    RCC_ClearFlag                            0x080053d7   Thumb Code    12  stm32f10x_rcc.o(.text)
    RCC_GetITStatus                          0x080053e3   Thumb Code    16  stm32f10x_rcc.o(.text)
    RCC_ClearITPendingBit                    0x080053f3   Thumb Code     6  stm32f10x_rcc.o(.text)
    SDIO_DeInit                              0x08005419   Thumb Code    26  stm32f10x_sdio.o(.text)
    SDIO_Init                                0x08005433   Thumb Code    40  stm32f10x_sdio.o(.text)
    SDIO_StructInit                          0x0800545b   Thumb Code    16  stm32f10x_sdio.o(.text)
    SDIO_ClockCmd                            0x0800546b   Thumb Code     6  stm32f10x_sdio.o(.text)
    SDIO_SetPowerState                       0x08005471   Thumb Code    18  stm32f10x_sdio.o(.text)
    SDIO_GetPowerState                       0x08005483   Thumb Code    10  stm32f10x_sdio.o(.text)
    SDIO_ITConfig                            0x0800548d   Thumb Code    18  stm32f10x_sdio.o(.text)
    SDIO_DMACmd                              0x0800549f   Thumb Code     6  stm32f10x_sdio.o(.text)
    SDIO_SendCommand                         0x080054a5   Thumb Code    34  stm32f10x_sdio.o(.text)
    SDIO_CmdStructInit                       0x080054c7   Thumb Code    14  stm32f10x_sdio.o(.text)
    SDIO_GetCommandResponse                  0x080054d5   Thumb Code     8  stm32f10x_sdio.o(.text)
    SDIO_GetResponse                         0x080054dd   Thumb Code    14  stm32f10x_sdio.o(.text)
    SDIO_DataConfig                          0x080054eb   Thumb Code    38  stm32f10x_sdio.o(.text)
    SDIO_DataStructInit                      0x08005511   Thumb Code    20  stm32f10x_sdio.o(.text)
    SDIO_GetDataCounter                      0x08005525   Thumb Code     6  stm32f10x_sdio.o(.text)
    SDIO_ReadData                            0x0800552b   Thumb Code     8  stm32f10x_sdio.o(.text)
    SDIO_WriteData                           0x08005533   Thumb Code     8  stm32f10x_sdio.o(.text)
    SDIO_GetFIFOCount                        0x0800553b   Thumb Code     6  stm32f10x_sdio.o(.text)
    SDIO_StartSDIOReadWait                   0x08005541   Thumb Code     8  stm32f10x_sdio.o(.text)
    SDIO_StopSDIOReadWait                    0x08005549   Thumb Code     8  stm32f10x_sdio.o(.text)
    SDIO_SetSDIOReadWaitMode                 0x08005551   Thumb Code     8  stm32f10x_sdio.o(.text)
    SDIO_SetSDIOOperation                    0x08005559   Thumb Code     8  stm32f10x_sdio.o(.text)
    SDIO_SendSDIOSuspendCmd                  0x08005561   Thumb Code     6  stm32f10x_sdio.o(.text)
    SDIO_CommandCompletionCmd                0x08005567   Thumb Code     8  stm32f10x_sdio.o(.text)
    SDIO_CEATAITCmd                          0x0800556f   Thumb Code    12  stm32f10x_sdio.o(.text)
    SDIO_SendCEATACmd                        0x0800557b   Thumb Code     8  stm32f10x_sdio.o(.text)
    SDIO_GetFlagStatus                       0x08005583   Thumb Code    16  stm32f10x_sdio.o(.text)
    SDIO_ClearFlag                           0x08005593   Thumb Code     6  stm32f10x_sdio.o(.text)
    SDIO_GetITStatus                         0x08005599   Thumb Code    16  stm32f10x_sdio.o(.text)
    SDIO_ClearITPendingBit                   0x080055a9   Thumb Code     6  stm32f10x_sdio.o(.text)
    SPI_I2S_DeInit                           0x080055c5   Thumb Code    72  stm32f10x_spi.o(.text)
    SPI_Init                                 0x0800560d   Thumb Code    56  stm32f10x_spi.o(.text)
    I2S_Init                                 0x08005645   Thumb Code   150  stm32f10x_spi.o(.text)
    SPI_StructInit                           0x080056db   Thumb Code    24  stm32f10x_spi.o(.text)
    I2S_StructInit                           0x080056f3   Thumb Code    18  stm32f10x_spi.o(.text)
    SPI_Cmd                                  0x08005705   Thumb Code    20  stm32f10x_spi.o(.text)
    I2S_Cmd                                  0x08005719   Thumb Code    20  stm32f10x_spi.o(.text)
    SPI_I2S_ITConfig                         0x0800572d   Thumb Code    24  stm32f10x_spi.o(.text)
    SPI_I2S_DMACmd                           0x08005745   Thumb Code    16  stm32f10x_spi.o(.text)
    SPI_I2S_SendData                         0x08005755   Thumb Code     4  stm32f10x_spi.o(.text)
    SPI_I2S_ReceiveData                      0x08005759   Thumb Code     4  stm32f10x_spi.o(.text)
    SPI_NSSInternalSoftwareConfig            0x0800575d   Thumb Code    24  stm32f10x_spi.o(.text)
    SPI_SSOutputCmd                          0x08005775   Thumb Code    20  stm32f10x_spi.o(.text)
    SPI_DataSizeConfig                       0x08005789   Thumb Code    16  stm32f10x_spi.o(.text)
    SPI_TransmitCRC                          0x08005799   Thumb Code    10  stm32f10x_spi.o(.text)
    SPI_CalculateCRC                         0x080057a3   Thumb Code    20  stm32f10x_spi.o(.text)
    SPI_GetCRC                               0x080057b7   Thumb Code    12  stm32f10x_spi.o(.text)
    SPI_GetCRCPolynomial                     0x080057c3   Thumb Code     4  stm32f10x_spi.o(.text)
    SPI_BiDirectionalLineConfig              0x080057c7   Thumb Code    22  stm32f10x_spi.o(.text)
    SPI_I2S_GetFlagStatus                    0x080057dd   Thumb Code    14  stm32f10x_spi.o(.text)
    SPI_I2S_ClearFlag                        0x080057eb   Thumb Code     6  stm32f10x_spi.o(.text)
    SPI_I2S_GetITStatus                      0x080057f1   Thumb Code    44  stm32f10x_spi.o(.text)
    SPI_I2S_ClearITPendingBit                0x0800581d   Thumb Code    14  stm32f10x_spi.o(.text)
    USART_DeInit                             0x08005839   Thumb Code    96  stm32f10x_usart.o(.text)
    USART_Init                               0x08005899   Thumb Code   176  stm32f10x_usart.o(.text)
    USART_StructInit                         0x08005949   Thumb Code    22  stm32f10x_usart.o(.text)
    USART_ClockInit                          0x0800595f   Thumb Code    30  stm32f10x_usart.o(.text)
    USART_ClockStructInit                    0x0800597d   Thumb Code    12  stm32f10x_usart.o(.text)
    USART_Cmd                                0x08005989   Thumb Code    20  stm32f10x_usart.o(.text)
    USART_ITConfig                           0x0800599d   Thumb Code    48  stm32f10x_usart.o(.text)
    USART_DMACmd                             0x080059cd   Thumb Code    16  stm32f10x_usart.o(.text)
    USART_SetAddress                         0x080059dd   Thumb Code    16  stm32f10x_usart.o(.text)
    USART_WakeUpConfig                       0x080059ed   Thumb Code    16  stm32f10x_usart.o(.text)
    USART_ReceiverWakeUpCmd                  0x080059fd   Thumb Code    20  stm32f10x_usart.o(.text)
    USART_LINBreakDetectLengthConfig         0x08005a11   Thumb Code    16  stm32f10x_usart.o(.text)
    USART_LINCmd                             0x08005a21   Thumb Code    20  stm32f10x_usart.o(.text)
    USART_SendData                           0x08005a35   Thumb Code     8  stm32f10x_usart.o(.text)
    USART_ReceiveData                        0x08005a3d   Thumb Code     8  stm32f10x_usart.o(.text)
    USART_SendBreak                          0x08005a45   Thumb Code    10  stm32f10x_usart.o(.text)
    USART_SetGuardTime                       0x08005a4f   Thumb Code    16  stm32f10x_usart.o(.text)
    USART_SetPrescaler                       0x08005a5f   Thumb Code    16  stm32f10x_usart.o(.text)
    USART_SmartCardCmd                       0x08005a6f   Thumb Code    20  stm32f10x_usart.o(.text)
    USART_SmartCardNACKCmd                   0x08005a83   Thumb Code    20  stm32f10x_usart.o(.text)
    USART_HalfDuplexCmd                      0x08005a97   Thumb Code    20  stm32f10x_usart.o(.text)
    USART_OverSampling8Cmd                   0x08005aab   Thumb Code    20  stm32f10x_usart.o(.text)
    USART_OneBitMethodCmd                    0x08005abf   Thumb Code    20  stm32f10x_usart.o(.text)
    USART_IrDAConfig                         0x08005ad3   Thumb Code    16  stm32f10x_usart.o(.text)
    USART_IrDACmd                            0x08005ae3   Thumb Code    20  stm32f10x_usart.o(.text)
    USART_GetFlagStatus                      0x08005af7   Thumb Code    14  stm32f10x_usart.o(.text)
    USART_ClearFlag                          0x08005b05   Thumb Code     6  stm32f10x_usart.o(.text)
    USART_GetITStatus                        0x08005b0b   Thumb Code    62  stm32f10x_usart.o(.text)
    USART_ClearITPendingBit                  0x08005b49   Thumb Code    12  stm32f10x_usart.o(.text)
    SystemInit                               0x08005c09   Thumb Code    64  system_stm32f10x.o(.text)
    SystemCoreClockUpdate                    0x08005c49   Thumb Code    86  system_stm32f10x.o(.text)
    Reset_Handler                            0x08005cc1   Thumb Code     8  startup_stm32f10x_hd.o(.text)
    ADC1_2_IRQHandler                        0x08005cdb   Thumb Code     0  startup_stm32f10x_hd.o(.text)
    ADC3_IRQHandler                          0x08005cdb   Thumb Code     0  startup_stm32f10x_hd.o(.text)
    CAN1_RX1_IRQHandler                      0x08005cdb   Thumb Code     0  startup_stm32f10x_hd.o(.text)
    CAN1_SCE_IRQHandler                      0x08005cdb   Thumb Code     0  startup_stm32f10x_hd.o(.text)
    DMA1_Channel1_IRQHandler                 0x08005cdb   Thumb Code     0  startup_stm32f10x_hd.o(.text)
    DMA1_Channel2_IRQHandler                 0x08005cdb   Thumb Code     0  startup_stm32f10x_hd.o(.text)
    DMA1_Channel3_IRQHandler                 0x08005cdb   Thumb Code     0  startup_stm32f10x_hd.o(.text)
    DMA1_Channel4_IRQHandler                 0x08005cdb   Thumb Code     0  startup_stm32f10x_hd.o(.text)
    DMA1_Channel5_IRQHandler                 0x08005cdb   Thumb Code     0  startup_stm32f10x_hd.o(.text)
    DMA1_Channel6_IRQHandler                 0x08005cdb   Thumb Code     0  startup_stm32f10x_hd.o(.text)
    DMA1_Channel7_IRQHandler                 0x08005cdb   Thumb Code     0  startup_stm32f10x_hd.o(.text)
    DMA2_Channel1_IRQHandler                 0x08005cdb   Thumb Code     0  startup_stm32f10x_hd.o(.text)
    DMA2_Channel2_IRQHandler                 0x08005cdb   Thumb Code     0  startup_stm32f10x_hd.o(.text)
    DMA2_Channel3_IRQHandler                 0x08005cdb   Thumb Code     0  startup_stm32f10x_hd.o(.text)
    DMA2_Channel4_5_IRQHandler               0x08005cdb   Thumb Code     0  startup_stm32f10x_hd.o(.text)
    EXTI0_IRQHandler                         0x08005cdb   Thumb Code     0  startup_stm32f10x_hd.o(.text)
    EXTI15_10_IRQHandler                     0x08005cdb   Thumb Code     0  startup_stm32f10x_hd.o(.text)
    EXTI1_IRQHandler                         0x08005cdb   Thumb Code     0  startup_stm32f10x_hd.o(.text)
    EXTI2_IRQHandler                         0x08005cdb   Thumb Code     0  startup_stm32f10x_hd.o(.text)
    EXTI3_IRQHandler                         0x08005cdb   Thumb Code     0  startup_stm32f10x_hd.o(.text)
    EXTI4_IRQHandler                         0x08005cdb   Thumb Code     0  startup_stm32f10x_hd.o(.text)
    EXTI9_5_IRQHandler                       0x08005cdb   Thumb Code     0  startup_stm32f10x_hd.o(.text)
    FLASH_IRQHandler                         0x08005cdb   Thumb Code     0  startup_stm32f10x_hd.o(.text)
    FSMC_IRQHandler                          0x08005cdb   Thumb Code     0  startup_stm32f10x_hd.o(.text)
    I2C1_ER_IRQHandler                       0x08005cdb   Thumb Code     0  startup_stm32f10x_hd.o(.text)
    I2C1_EV_IRQHandler                       0x08005cdb   Thumb Code     0  startup_stm32f10x_hd.o(.text)
    I2C2_ER_IRQHandler                       0x08005cdb   Thumb Code     0  startup_stm32f10x_hd.o(.text)
    I2C2_EV_IRQHandler                       0x08005cdb   Thumb Code     0  startup_stm32f10x_hd.o(.text)
    PVD_IRQHandler                           0x08005cdb   Thumb Code     0  startup_stm32f10x_hd.o(.text)
    RCC_IRQHandler                           0x08005cdb   Thumb Code     0  startup_stm32f10x_hd.o(.text)
    RTCAlarm_IRQHandler                      0x08005cdb   Thumb Code     0  startup_stm32f10x_hd.o(.text)
    RTC_IRQHandler                           0x08005cdb   Thumb Code     0  startup_stm32f10x_hd.o(.text)
    SDIO_IRQHandler                          0x08005cdb   Thumb Code     0  startup_stm32f10x_hd.o(.text)
    SPI1_IRQHandler                          0x08005cdb   Thumb Code     0  startup_stm32f10x_hd.o(.text)
    SPI2_IRQHandler                          0x08005cdb   Thumb Code     0  startup_stm32f10x_hd.o(.text)
    SPI3_IRQHandler                          0x08005cdb   Thumb Code     0  startup_stm32f10x_hd.o(.text)
    TAMPER_IRQHandler                        0x08005cdb   Thumb Code     0  startup_stm32f10x_hd.o(.text)
    TIM1_BRK_IRQHandler                      0x08005cdb   Thumb Code     0  startup_stm32f10x_hd.o(.text)
    TIM1_CC_IRQHandler                       0x08005cdb   Thumb Code     0  startup_stm32f10x_hd.o(.text)
    TIM1_TRG_COM_IRQHandler                  0x08005cdb   Thumb Code     0  startup_stm32f10x_hd.o(.text)
    TIM1_UP_IRQHandler                       0x08005cdb   Thumb Code     0  startup_stm32f10x_hd.o(.text)
    TIM2_IRQHandler                          0x08005cdb   Thumb Code     0  startup_stm32f10x_hd.o(.text)
    TIM3_IRQHandler                          0x08005cdb   Thumb Code     0  startup_stm32f10x_hd.o(.text)
    TIM4_IRQHandler                          0x08005cdb   Thumb Code     0  startup_stm32f10x_hd.o(.text)
    TIM5_IRQHandler                          0x08005cdb   Thumb Code     0  startup_stm32f10x_hd.o(.text)
    TIM6_IRQHandler                          0x08005cdb   Thumb Code     0  startup_stm32f10x_hd.o(.text)
    TIM7_IRQHandler                          0x08005cdb   Thumb Code     0  startup_stm32f10x_hd.o(.text)
    TIM8_BRK_IRQHandler                      0x08005cdb   Thumb Code     0  startup_stm32f10x_hd.o(.text)
    TIM8_CC_IRQHandler                       0x08005cdb   Thumb Code     0  startup_stm32f10x_hd.o(.text)
    TIM8_TRG_COM_IRQHandler                  0x08005cdb   Thumb Code     0  startup_stm32f10x_hd.o(.text)
    TIM8_UP_IRQHandler                       0x08005cdb   Thumb Code     0  startup_stm32f10x_hd.o(.text)
    UART4_IRQHandler                         0x08005cdb   Thumb Code     0  startup_stm32f10x_hd.o(.text)
    UART5_IRQHandler                         0x08005cdb   Thumb Code     0  startup_stm32f10x_hd.o(.text)
    USART1_IRQHandler                        0x08005cdb   Thumb Code     0  startup_stm32f10x_hd.o(.text)
    USART2_IRQHandler                        0x08005cdb   Thumb Code     0  startup_stm32f10x_hd.o(.text)
    USBWakeUp_IRQHandler                     0x08005cdb   Thumb Code     0  startup_stm32f10x_hd.o(.text)
    USB_HP_CAN1_TX_IRQHandler                0x08005cdb   Thumb Code     0  startup_stm32f10x_hd.o(.text)
    USB_LP_CAN1_RX0_IRQHandler               0x08005cdb   Thumb Code     0  startup_stm32f10x_hd.o(.text)
    WWDG_IRQHandler                          0x08005cdb   Thumb Code     0  startup_stm32f10x_hd.o(.text)
    __user_initial_stackheap                 0x08005cdd   Thumb Code     0  startup_stm32f10x_hd.o(.text)
    __use_no_semihosting                     0x08005d01   Thumb Code     2  use_no_semi_2.o(.text)
    __2printf                                0x08005d05   Thumb Code    20  noretval__2printf.o(.text)
    __printf                                 0x08005d1d   Thumb Code   104  __printf.o(.text)
    _printf_int_hex                          0x08005d85   Thumb Code    88  _printf_hex_int.o(.text)
    _printf_longlong_hex                     0x08005d85   Thumb Code     0  _printf_hex_int.o(.text)
    strcmp                                   0x08005de1   Thumb Code   128  strcmpv7m.o(.text)
    __use_two_region_memory                  0x08005e61   Thumb Code     2  heapauxi.o(.text)
    __rt_heap_escrow$2region                 0x08005e63   Thumb Code     2  heapauxi.o(.text)
    __rt_heap_expand$2region                 0x08005e65   Thumb Code     2  heapauxi.o(.text)
    __I$use$semihosting                      0x08005e67   Thumb Code     0  use_no_semi.o(.text)
    __use_no_semihosting_swi                 0x08005e67   Thumb Code     2  use_no_semi.o(.text)
    _printf_int_common                       0x08005e69   Thumb Code   184  _printf_intcommon.o(.text)
    _printf_char_file                        0x08005f21   Thumb Code    32  _printf_char_file.o(.text)
    _printf_char_common                      0x08005f4f   Thumb Code    32  _printf_char_common.o(.text)
    ferror                                   0x08005f75   Thumb Code     8  ferror.o(.text)
    __user_setup_stackheap                   0x08005f7d   Thumb Code    74  sys_stackheap_outer.o(.text)
    exit                                     0x08005fc7   Thumb Code    12  exit.o(.text)
    __user_libspace                          0x08005fd5   Thumb Code     8  libspace.o(.text)
    __user_perproc_libspace                  0x08005fd5   Thumb Code     0  libspace.o(.text)
    __user_perthread_libspace                0x08005fd5   Thumb Code     0  libspace.o(.text)
    Region$$Table$$Base                      0x08006018   Number         0  anon$$obj.o(Region$$Table)
    Region$$Table$$Limit                     0x08006038   Number         0  anon$$obj.o(Region$$Table)
    jump2app                                 0x20000000   Data           4  bootloaders.o(.data)
    USART_RX_STA                             0x20000010   Data           2  usart.o(.data)
    __stdout                                 0x20000014   Data           4  usart.o(.data)
    TransferError                            0x20000018   Data           1  sdcard.o(.data)
    TransferEnd                              0x20000030   Data           4  sdcard.o(.data)
    NumberOfBytes                            0x20000034   Data           4  sdcard.o(.data)
    SrcBuffer                                0x20000038   Data           4  sdcard.o(.data)
    DestBuffer                               0x2000003c   Data           4  sdcard.o(.data)
    SD_Type                                  0x20000040   Data           1  sdcard_spi.o(.data)
    SystemCoreClock                          0x20000058   Data           4  system_stm32f10x.o(.data)
    AHBPrescTable                            0x2000005c   Data          16  system_stm32f10x.o(.data)
    FileSystem                               0x20000490   Data         560  fat.o(.bss)
    Fsrc                                     0x200006c0   Data         548  fat.o(.bss)
    WriteBuf                                 0x200008f4   Data        2048  flash.o(.bss)
    SPI_InitStructure                        0x200010f4   Data          18  spi.o(.bss)
    USART_RX_BUF                             0x20001106   Data         200  usart.o(.bss)
    SDIO_InitStructure                       0x200011f0   Data          24  sdcard.o(.bss)
    SDIO_CmdInitStructure                    0x20001208   Data          20  sdcard.o(.bss)
    SDIO_DataInitStructure                   0x2000121c   Data          24  sdcard.o(.bss)
    __libspace_start                         0x20001234   Data          96  libspace.o(.bss)
    __temporary_stack_top$libspace           0x20001294   Data           0  libspace.o(.bss)



==============================================================================

Memory Map of the image

  Image Entry point : 0x08000131

  Load Region LR_IROM1 (Base: 0x08000000, Size: 0x000060a4, Max: 0x00040000, ABSOLUTE)

    Execution Region ER_IROM1 (Base: 0x08000000, Size: 0x00006038, Max: 0x00040000, ABSOLUTE)

    Base Addr    Size         Type   Attr      Idx    E Section Name        Object

    0x08000000   0x00000130   Data   RO          726    RESET               startup_stm32f10x_hd.o
    0x08000130   0x00000008   Code   RO          788  * !!!main             c_w.l(__main.o)
    0x08000138   0x00000034   Code   RO          953    !!!scatter          c_w.l(__scatter.o)
    0x0800016c   0x0000001a   Code   RO          955    !!handler_copy      c_w.l(__scatter_copy.o)
    0x08000186   0x00000002   PAD
    0x08000188   0x0000001c   Code   RO          957    !!handler_zi        c_w.l(__scatter_zi.o)
    0x080001a4   0x00000000   Code   RO          783    .ARM.Collect$$_printf_percent$$00000000  c_w.l(_printf_percent.o)
    0x080001a4   0x00000006   Code   RO          782    .ARM.Collect$$_printf_percent$$0000000C  c_w.l(_printf_x.o)
    0x080001aa   0x00000004   Code   RO          797    .ARM.Collect$$_printf_percent$$00000017  c_w.l(_printf_percent_end.o)
    0x080001ae   0x00000002   Code   RO          830    .ARM.Collect$$libinit$$00000000  c_w.l(libinit.o)
    0x080001b0   0x00000000   Code   RO          837    .ARM.Collect$$libinit$$00000002  c_w.l(libinit2.o)
    0x080001b0   0x00000000   Code   RO          840    .ARM.Collect$$libinit$$00000008  c_w.l(libinit2.o)
    0x080001b0   0x00000000   Code   RO          842    .ARM.Collect$$libinit$$0000000A  c_w.l(libinit2.o)
    0x080001b0   0x00000000   Code   RO          844    .ARM.Collect$$libinit$$0000000C  c_w.l(libinit2.o)
    0x080001b0   0x00000000   Code   RO          847    .ARM.Collect$$libinit$$0000000F  c_w.l(libinit2.o)
    0x080001b0   0x00000000   Code   RO          849    .ARM.Collect$$libinit$$00000011  c_w.l(libinit2.o)
    0x080001b0   0x00000000   Code   RO          851    .ARM.Collect$$libinit$$00000013  c_w.l(libinit2.o)
    0x080001b0   0x00000000   Code   RO          853    .ARM.Collect$$libinit$$00000015  c_w.l(libinit2.o)
    0x080001b0   0x00000000   Code   RO          855    .ARM.Collect$$libinit$$00000017  c_w.l(libinit2.o)
    0x080001b0   0x00000000   Code   RO          857    .ARM.Collect$$libinit$$00000019  c_w.l(libinit2.o)
    0x080001b0   0x00000000   Code   RO          859    .ARM.Collect$$libinit$$0000001B  c_w.l(libinit2.o)
    0x080001b0   0x00000000   Code   RO          861    .ARM.Collect$$libinit$$0000001D  c_w.l(libinit2.o)
    0x080001b0   0x00000000   Code   RO          863    .ARM.Collect$$libinit$$0000001F  c_w.l(libinit2.o)
    0x080001b0   0x00000000   Code   RO          865    .ARM.Collect$$libinit$$00000021  c_w.l(libinit2.o)
    0x080001b0   0x00000000   Code   RO          867    .ARM.Collect$$libinit$$00000023  c_w.l(libinit2.o)
    0x080001b0   0x00000000   Code   RO          871    .ARM.Collect$$libinit$$0000002A  c_w.l(libinit2.o)
    0x080001b0   0x00000000   Code   RO          873    .ARM.Collect$$libinit$$0000002C  c_w.l(libinit2.o)
    0x080001b0   0x00000000   Code   RO          875    .ARM.Collect$$libinit$$0000002E  c_w.l(libinit2.o)
    0x080001b0   0x00000000   Code   RO          877    .ARM.Collect$$libinit$$00000030  c_w.l(libinit2.o)
    0x080001b0   0x00000002   Code   RO          878    .ARM.Collect$$libinit$$00000031  c_w.l(libinit2.o)
    0x080001b2   0x00000002   Code   RO          896    .ARM.Collect$$libshutdown$$00000000  c_w.l(libshutdown.o)
    0x080001b4   0x00000000   Code   RO          907    .ARM.Collect$$libshutdown$$00000003  c_w.l(libshutdown2.o)
    0x080001b4   0x00000000   Code   RO          910    .ARM.Collect$$libshutdown$$00000006  c_w.l(libshutdown2.o)
    0x080001b4   0x00000000   Code   RO          913    .ARM.Collect$$libshutdown$$00000009  c_w.l(libshutdown2.o)
    0x080001b4   0x00000000   Code   RO          915    .ARM.Collect$$libshutdown$$0000000B  c_w.l(libshutdown2.o)
    0x080001b4   0x00000000   Code   RO          918    .ARM.Collect$$libshutdown$$0000000E  c_w.l(libshutdown2.o)
    0x080001b4   0x00000002   Code   RO          919    .ARM.Collect$$libshutdown$$0000000F  c_w.l(libshutdown2.o)
    0x080001b6   0x00000000   Code   RO          792    .ARM.Collect$$rtentry$$00000000  c_w.l(rtentry.o)
    0x080001b6   0x00000000   Code   RO          799    .ARM.Collect$$rtentry$$00000002  c_w.l(rtentry2.o)
    0x080001b6   0x00000006   Code   RO          811    .ARM.Collect$$rtentry$$00000004  c_w.l(rtentry4.o)
    0x080001bc   0x00000000   Code   RO          801    .ARM.Collect$$rtentry$$00000009  c_w.l(rtentry2.o)
    0x080001bc   0x00000004   Code   RO          802    .ARM.Collect$$rtentry$$0000000A  c_w.l(rtentry2.o)
    0x080001c0   0x00000000   Code   RO          804    .ARM.Collect$$rtentry$$0000000C  c_w.l(rtentry2.o)
    0x080001c0   0x00000008   Code   RO          805    .ARM.Collect$$rtentry$$0000000D  c_w.l(rtentry2.o)
    0x080001c8   0x00000002   Code   RO          834    .ARM.Collect$$rtexit$$00000000  c_w.l(rtexit.o)
    0x080001ca   0x00000000   Code   RO          880    .ARM.Collect$$rtexit$$00000002  c_w.l(rtexit2.o)
    0x080001ca   0x00000004   Code   RO          881    .ARM.Collect$$rtexit$$00000003  c_w.l(rtexit2.o)
    0x080001ce   0x00000006   Code   RO          882    .ARM.Collect$$rtexit$$00000004  c_w.l(rtexit2.o)
    0x080001d4   0x0000000c   Code   RO          286    .emb_text           sys.o
    0x080001e0   0x00000020   Code   RO          696    .emb_text           core_cm3.o
    0x08000200   0x00000090   Code   RO            1    .text               main.o
    0x08000290   0x00000012   Code   RO          149    .text               stm32f10x_it.o
    0x080002a2   0x00000002   PAD
    0x080002a4   0x000002f8   Code   RO          164    .text               bootloaders.o
    0x0800059c   0x00000118   Code   RO          193    .text               fat.o
    0x080006b4   0x000000d4   Code   RO          208    .text               flash.o
    0x08000788   0x000000dc   Code   RO          223    .text               diskio.o
    0x08000864   0x00001d40   Code   RO          235    .text               ff.o
    0x080025a4   0x00000098   Code   RO          254    .text               delay.o
    0x0800263c   0x000000e0   Code   RO          268    .text               spi.o
    0x0800271c   0x0000011c   Code   RO          303    .text               usart.o
    0x08002838   0x00000030   Code   RO          327    .text               util.o
    0x08002868   0x00000072   Code   RO          361    .text               sd_assist.o
    0x080028da   0x00000002   PAD
    0x080028dc   0x00001a3c   Code   RO          380    .text               sdcard.o
    0x08004318   0x000004f0   Code   RO          396    .text               sdcard_spi.o
    0x08004808   0x000000b0   Code   RO          415    .text               misc.o
    0x080048b8   0x000001c8   Code   RO          511    .text               stm32f10x_dma.o
    0x08004a80   0x00000480   Code   RO          535    .text               stm32f10x_flash.o
    0x08004f00   0x00000260   Code   RO          560    .text               stm32f10x_gpio.o
    0x08005160   0x000002b8   Code   RO          608    .text               stm32f10x_rcc.o
    0x08005418   0x000001ac   Code   RO          635    .text               stm32f10x_sdio.o
    0x080055c4   0x00000274   Code   RO          647    .text               stm32f10x_spi.o
    0x08005838   0x00000330   Code   RO          672    .text               stm32f10x_usart.o
    0x08005b68   0x00000158   Code   RO          706    .text               system_stm32f10x.o
    0x08005cc0   0x00000040   Code   RO          727    .text               startup_stm32f10x_hd.o
    0x08005d00   0x00000002   Code   RO          733    .text               c_w.l(use_no_semi_2.o)
    0x08005d02   0x00000002   PAD
    0x08005d04   0x00000018   Code   RO          737    .text               c_w.l(noretval__2printf.o)
    0x08005d1c   0x00000068   Code   RO          739    .text               c_w.l(__printf.o)
    0x08005d84   0x0000005c   Code   RO          744    .text               c_w.l(_printf_hex_int.o)
    0x08005de0   0x00000080   Code   RO          784    .text               c_w.l(strcmpv7m.o)
    0x08005e60   0x00000006   Code   RO          786    .text               c_w.l(heapauxi.o)
    0x08005e66   0x00000002   Code   RO          790    .text               c_w.l(use_no_semi.o)
    0x08005e68   0x000000b8   Code   RO          793    .text               c_w.l(_printf_intcommon.o)
    0x08005f20   0x00000024   Code   RO          795    .text               c_w.l(_printf_char_file.o)
    0x08005f44   0x00000030   Code   RO          813    .text               c_w.l(_printf_char_common.o)
    0x08005f74   0x00000008   Code   RO          815    .text               c_w.l(ferror.o)
    0x08005f7c   0x0000004a   Code   RO          819    .text               c_w.l(sys_stackheap_outer.o)
    0x08005fc6   0x0000000c   Code   RO          823    .text               c_w.l(exit.o)
    0x08005fd2   0x00000002   PAD
    0x08005fd4   0x00000008   Code   RO          831    .text               c_w.l(libspace.o)
    0x08005fdc   0x00000011   Data   RO          236    .constdata          ff.o
    0x08005fed   0x00000028   Data   RO          745    .constdata          c_w.l(_printf_hex_int.o)
    0x08006015   0x00000003   PAD
    0x08006018   0x00000020   Data   RO          951    Region$$Table       anon$$obj.o


    Execution Region RW_IRAM1 (Base: 0x20000000, Size: 0x00001898, Max: 0x0000c000, ABSOLUTE)

    Base Addr    Size         Type   Attr      Idx    E Section Name        Object

    0x20000000   0x00000004   Data   RW          166    .data               bootloaders.o
    0x20000004   0x00000008   Data   RW          237    .data               ff.o
    0x2000000c   0x00000004   Data   RW          255    .data               delay.o
    0x20000010   0x00000002   Data   RW          305    .data               usart.o
    0x20000012   0x00000002   PAD
    0x20000014   0x00000004   Data   RW          306    .data               usart.o
    0x20000018   0x00000028   Data   RW          382    .data               sdcard.o
    0x20000040   0x00000001   Data   RW          397    .data               sdcard_spi.o
    0x20000041   0x00000014   Data   RW          609    .data               stm32f10x_rcc.o
    0x20000055   0x00000003   PAD
    0x20000058   0x00000014   Data   RW          707    .data               system_stm32f10x.o
    0x2000006c   0x00000424   Zero   RW          165    .bss                bootloaders.o
    0x20000490   0x00000461   Zero   RW          194    .bss                fat.o
    0x200008f1   0x00000003   PAD
    0x200008f4   0x00000800   Zero   RW          209    .bss                flash.o
    0x200010f4   0x00000012   Zero   RW          269    .bss                spi.o
    0x20001106   0x000000c8   Zero   RW          304    .bss                usart.o
    0x200011ce   0x00000002   PAD
    0x200011d0   0x00000064   Zero   RW          381    .bss                sdcard.o
    0x20001234   0x00000060   Zero   RW          832    .bss                c_w.l(libspace.o)
    0x20001294   0x00000004   PAD
    0x20001298   0x00000200   Zero   RW          725    HEAP                startup_stm32f10x_hd.o
    0x20001498   0x00000400   Zero   RW          724    STACK               startup_stm32f10x_hd.o


==============================================================================

Image component sizes


      Code (inc. data)   RO Data    RW Data    ZI Data      Debug   Object Name

       760        274          0          4       1060       5811   bootloaders.o
        32          0          0          0          0        480   core_cm3.o
       152         14          0          4          0        879   delay.o
       220         34          0          0          0       1882   diskio.o
       280        136          0          0       1121       1158   fat.o
      7488         42         17          8          0      20741   ff.o
       212          8          0          0       2048       1663   flash.o
       144         82          0          0          0     266879   main.o
       176         18          0          0          0       1601   misc.o
       114          0          0          0          0       6920   sd_assist.o
      6716        154          0         40        100      17653   sdcard.o
      1264         22          0          1          0       5984   sdcard_spi.o
       224         12          0          0         18       1117   spi.o
        64         26        304          0       1536        748   startup_stm32f10x_hd.o
       456         10          0          0          0       4038   stm32f10x_dma.o
      1152         22          0          0          0       7912   stm32f10x_flash.o
       608         36          0          0          0       4873   stm32f10x_gpio.o
        18          0          0          0          0       1134   stm32f10x_it.o
       696         32          0         20          0       7944   stm32f10x_rcc.o
       428         22          0          0          0       6524   stm32f10x_sdio.o
       628         14          0          0          0       5710   stm32f10x_spi.o
       816         20          0          0          0       7208   stm32f10x_usart.o
        12          0          0          0          0        424   sys.o
       344         34          0         20          0       1691   system_stm32f10x.o
       284         18          0          6        200       2902   usart.o
        48          0          0          0          0       1005   util.o

    ----------------------------------------------------------------------
     23340       1030        353        108       6088     384881   Object Totals
         0          0         32          0          0          0   (incl. Generated)
         4          0          0          5          5          0   (incl. Padding)

    ----------------------------------------------------------------------

      Code (inc. data)   RO Data    RW Data    ZI Data      Debug   Library Member Name

         8          0          0          0          0         68   __main.o
       104          0          0          0          0         84   __printf.o
        52          8          0          0          0          0   __scatter.o
        26          0          0          0          0          0   __scatter_copy.o
        28          0          0          0          0          0   __scatter_zi.o
        48          6          0          0          0         96   _printf_char_common.o
        36          4          0          0          0         80   _printf_char_file.o
        92          4         40          0          0         88   _printf_hex_int.o
       184          0          0          0          0         88   _printf_intcommon.o
         0          0          0          0          0          0   _printf_percent.o
         4          0          0          0          0          0   _printf_percent_end.o
         6          0          0          0          0          0   _printf_x.o
        12          0          0          0          0         72   exit.o
         8          0          0          0          0         68   ferror.o
         6          0          0          0          0        152   heapauxi.o
         2          0          0          0          0          0   libinit.o
         2          0          0          0          0          0   libinit2.o
         2          0          0          0          0          0   libshutdown.o
         2          0          0          0          0          0   libshutdown2.o
         8          4          0          0         96         68   libspace.o
        24          4          0          0          0         84   noretval__2printf.o
         0          0          0          0          0          0   rtentry.o
        12          0          0          0          0          0   rtentry2.o
         6          0          0          0          0          0   rtentry4.o
         2          0          0          0          0          0   rtexit.o
        10          0          0          0          0          0   rtexit2.o
       128          0          0          0          0         68   strcmpv7m.o
        74          0          0          0          0         80   sys_stackheap_outer.o
         2          0          0          0          0         68   use_no_semi.o
         2          0          0          0          0         68   use_no_semi_2.o

    ----------------------------------------------------------------------
       896         30         43          0        100       1232   Library Totals
         6          0          3          0          4          0   (incl. Padding)

    ----------------------------------------------------------------------

      Code (inc. data)   RO Data    RW Data    ZI Data      Debug   Library Name

       890         30         40          0         96       1232   c_w.l

    ----------------------------------------------------------------------
       896         30         43          0        100       1232   Library Totals

    ----------------------------------------------------------------------

==============================================================================


      Code (inc. data)   RO Data    RW Data    ZI Data      Debug   

     24236       1060        396        108       6188     382213   Grand Totals
     24236       1060        396        108       6188     382213   ELF Image Totals
     24236       1060        396        108          0          0   ROM Totals

==============================================================================

    Total RO  Size (Code + RO Data)                24632 (  24.05kB)
    Total RW  Size (RW Data + ZI Data)              6296 (   6.15kB)
    Total ROM Size (Code + RO Data + RW Data)      24740 (  24.16kB)

==============================================================================

