ARM Linker, RVCT4.0 [Build 728] [Evaluation]

==============================================================================

Section Cross References

    main.o(.text) refers to misc.o(.text) for NVIC_PriorityGroupConfig
    main.o(.text) refers to delay.o(.text) for delay_init
    main.o(.text) refers to usart.o(.text) for UART_init
    main.o(.text) refers to noretval__2printf.o(.text) for __2printf
    main.o(.text) refers to sdcard_spi.o(.text) for SD_DetectInit
    main.o(.text) refers to bootloaders.o(.text) for IAP_LoadApp
    main.o(.text) refers to flash.o(.text) for Flash_Init
    main.o(.text) refers to fat.o(.text) for FAT_Init
    main.o(.data) refers to main.o(.conststring) for .conststring
    bootloaders.o(.text) refers to sys.o(.emb_text) for MSR_MSP
    bootloaders.o(.text) refers to noretval__2printf.o(.text) for __2printf
    bootloaders.o(.text) refers to ff.o(.text) for f_open
    bootloaders.o(.text) refers to delay.o(.text) for delay_ms
    bootloaders.o(.text) refers to flash.o(.text) for Flash_Write
    bootloaders.o(.text) refers to misc.o(.text) for NVIC_SetVectorTable
    bootloaders.o(.text) refers to core_cm3.o(.emb_text) for __set_MSP
    bootloaders.o(.text) refers to bootloaders.o(.data) for jump2app
    bootloaders.o(.text) refers to bootloaders.o(.bss) for .bss
    bootloaders.o(.data) refers to bootloaders.o(.conststring) for .conststring
    fat.o(.text) refers to ff.o(.text) for f_open
    fat.o(.text) refers to strcmpv7m.o(.text) for strcmp
    fat.o(.text) refers to noretval__2printf.o(.text) for __2printf
    fat.o(.text) refers to diskio.o(.text) for disk_initialize
    fat.o(.text) refers to fat.o(.bss) for Fsrc
    flash.o(.text) refers to stm32f10x_flash.o(.text) for FLASH_Unlock
    flash.o(.text) refers to util.o(.text) for Buf_LinearFill32
    flash.o(.text) refers to flash.o(.bss) for WriteBuf
    diskio.o(.text) refers to noretval__2printf.o(.text) for __2printf
    diskio.o(.text) refers to sdcard_spi.o(.text) for SD_Initialize
    ff.o(.text) refers to diskio.o(.text) for disk_write
    ff.o(.text) refers to sd_assist.o(.text) for ff_wtoupper
    ff.o(.text) refers to ff.o(.constdata) for .constdata
    ff.o(.text) refers to ff.o(.data) for .data
    delay.o(.text) refers to misc.o(.text) for SysTick_CLKSourceConfig
    delay.o(.text) refers to system_stm32f10x.o(.data) for SystemCoreClock
    delay.o(.text) refers to delay.o(.data) for .data
    spi.o(.text) refers to stm32f10x_spi.o(.text) for SPI_I2S_GetFlagStatus
    spi.o(.text) refers to stm32f10x_rcc.o(.text) for RCC_APB2PeriphClockCmd
    spi.o(.text) refers to stm32f10x_gpio.o(.text) for GPIO_Init
    spi.o(.text) refers to spi.o(.bss) for SPI_InitStructure
    usart.o(.text) refers (Special) to use_no_semi_2.o(.text) for __use_no_semihosting
    usart.o(.text) refers to stm32f10x_rcc.o(.text) for RCC_APB2PeriphClockCmd
    usart.o(.text) refers to stm32f10x_gpio.o(.text) for GPIO_Init
    usart.o(.text) refers to misc.o(.text) for NVIC_Init
    usart.o(.text) refers to stm32f10x_usart.o(.text) for USART_Init
    usart.o(.text) refers to usart.o(.data) for USART_RX_STA
    usart.o(.text) refers to usart.o(.bss) for USART_RX_BUF
    usart.o(.bss) refers (Special) to use_no_semi_2.o(.text) for __use_no_semihosting
    usart.o(.data) refers (Special) to use_no_semi_2.o(.text) for __use_no_semihosting
    init.o(.text) refers to stm32f10x_rcc.o(.text) for RCC_APB2PeriphClockCmd
    init.o(.text) refers to stm32f10x_gpio.o(.text) for GPIO_Init
    init.o(.text) refers to stm32f10x_spi.o(.text) for SPI_Cmd
    init.o(.text) refers to stm32f10x_usart.o(.text) for USART_ClockInit
    init.o(.text) refers to stm32f10x_flash.o(.text) for FLASH_PrefetchBufferCmd
    init.o(.text) refers to system_stm32f10x.o(.data) for SystemCoreClock
    sd_assist.o(.text) refers to misc.o(.text) for NVIC_Init
    sd_assist.o(.text) refers to sdcard.o(.text) for SD_Init
    sdcard.o(.text) refers to stm32f10x_sdio.o(.text) for SDIO_ClearFlag
    sdcard.o(.text) refers to sdcard.o(.data) for .data
    sdcard.o(.text) refers to sdcard.o(.bss) for SDIO_CmdInitStructure
    sdcard.o(.text) refers to stm32f10x_rcc.o(.text) for RCC_APB2PeriphClockCmd
    sdcard.o(.text) refers to stm32f10x_gpio.o(.text) for GPIO_Init
    sdcard.o(.text) refers to stm32f10x_dma.o(.text) for DMA_ClearFlag
    sdcard_spi.o(.text) refers to stm32f10x_rcc.o(.text) for RCC_APB2PeriphClockCmd
    sdcard_spi.o(.text) refers to stm32f10x_gpio.o(.text) for GPIO_Init
    sdcard_spi.o(.text) refers to spi.o(.text) for SPI1_ReadWriteByte
    sdcard_spi.o(.text) refers to sdcard_spi.o(.data) for SD_Type
    stm32f10x_adc.o(.text) refers to stm32f10x_rcc.o(.text) for RCC_APB2PeriphResetCmd
    stm32f10x_bkp.o(.text) refers to stm32f10x_rcc.o(.text) for RCC_BackupResetCmd
    stm32f10x_can.o(.text) refers to stm32f10x_rcc.o(.text) for RCC_APB1PeriphResetCmd
    stm32f10x_cec.o(.text) refers to stm32f10x_rcc.o(.text) for RCC_APB1PeriphResetCmd
[...]
    _get_argv_nomalloc.o(.text) refers to defsig_rtmem_outer.o(.text) for __rt_SIGRTMEM
    _get_argv_nomalloc.o(.text) refers to sys_command.o(.text) for _sys_command_string
    libshutdown.o(.ARM.Collect$$libshutdown$$00000000) refers (Special) to libshutdown2.o(.ARM.Collect$$libshutdown$$00000006) for __rt_lib_shutdown_fp_trap_1
    libshutdown.o(.ARM.Collect$$libshutdown$$00000000) refers (Special) to libshutdown2.o(.ARM.Collect$$libshutdown$$0000000E) for __rt_lib_shutdown_heap_1
    libshutdown.o(.ARM.Collect$$libshutdown$$00000000) refers (Special) to libshutdown2.o(.ARM.Collect$$libshutdown$$0000000F) for __rt_lib_shutdown_return
    libshutdown.o(.ARM.Collect$$libshutdown$$00000000) refers (Special) to libshutdown2.o(.ARM.Collect$$libshutdown$$00000009) for __rt_lib_shutdown_signal_1
    libshutdown.o(.ARM.Collect$$libshutdown$$00000000) refers (Special) to libshutdown2.o(.ARM.Collect$$libshutdown$$00000003) for __rt_lib_shutdown_stdio_1
    libshutdown.o(.ARM.Collect$$libshutdown$$00000000) refers (Special) to libshutdown2.o(.ARM.Collect$$libshutdown$$0000000B) for __rt_lib_shutdown_user_alloc_1
    sys_command.o(.text) refers (Special) to use_no_semi.o(.text) for __I$use$semihosting
    defsig_rtmem_outer.o(.text) refers to defsig_rtmem_inner.o(.text) for __rt_SIGRTMEM_inner
    defsig_rtmem_outer.o(.text) refers to defsig_exit.o(.text) for __sig_exit
    defsig_rtmem_formal.o(.text) refers to rt_raise.o(.text) for __rt_raise
    rt_raise.o(.text) refers to __raise.o(.text) for __raise
    rt_raise.o(.text) refers to usart.o(.text) for _sys_exit
    defsig_exit.o(.text) refers to usart.o(.text) for _sys_exit
    defsig_rtmem_inner.o(.text) refers to defsig_general.o(.text) for __default_signal_display
    __raise.o(.text) refers to defsig.o(CL$$defsig) for __default_signal_handler
    defsig_general.o(.text) refers to sys_wrch.o(.text) for _ttywrch
    sys_wrch.o(.text) refers (Special) to use_no_semi.o(.text) for __I$use$semihosting
    defsig.o(CL$$defsig) refers to defsig_rtmem_inner.o(.text) for __rt_SIGRTMEM_inner
    defsig_abrt_inner.o(.text) refers to defsig_general.o(.text) for __default_signal_display
    defsig_fpe_inner.o(.text) refers to defsig_general.o(.text) for __default_signal_display
    defsig_rtred_inner.o(.text) refers to defsig_general.o(.text) for __default_signal_display
    defsig_stak_inner.o(.text) refers to defsig_general.o(.text) for __default_signal_display
    defsig_pvfn_inner.o(.text) refers to defsig_general.o(.text) for __default_signal_display
    defsig_cppl_inner.o(.text) refers to defsig_general.o(.text) for __default_signal_display
    defsig_segv_inner.o(.text) refers to defsig_general.o(.text) for __default_signal_display
    defsig_other.o(.text) refers to defsig_general.o(.text) for __default_signal_display


==============================================================================

Removing Unused input sections from the image.

    Removing main.o(.constdata), (4 bytes).
    Removing main.o(.conststring), (142 bytes).
    Removing main.o(.data), (24 bytes).
    Removing bootloaders.o(.constdata), (4 bytes).
    Removing init.o(.text), (600 bytes).
    Removing stm32f10x_adc.o(.text), (1074 bytes).
    Removing stm32f10x_bkp.o(.text), (192 bytes).
    Removing stm32f10x_can.o(.text), (2580 bytes).
    Removing stm32f10x_cec.o(.text), (312 bytes).
    Removing stm32f10x_crc.o(.text), (72 bytes).
    Removing stm32f10x_dac.o(.text), (424 bytes).
    Removing stm32f10x_dbgmcu.o(.text), (48 bytes).
    Removing stm32f10x_exti.o(.text), (316 bytes).
    Removing stm32f10x_fsmc.o(.text), (1560 bytes).
    Removing stm32f10x_i2c.o(.text), (1016 bytes).
    Removing stm32f10x_iwdg.o(.text), (64 bytes).
    Removing stm32f10x_pwr.o(.text), (212 bytes).
    Removing stm32f10x_rtc.o(.text), (376 bytes).
    Removing stm32f10x_tim.o(.text), (3426 bytes).
    Removing stm32f10x_wwdg.o(.text), (136 bytes).

20 unused section(s) (total 12582 bytes) removed from the image.

==============================================================================

Image Symbol Table

    Local Symbols

    Symbol Name                              Value     Ov Type        Size  Object(Section)

    ../../angel/boardlib.s                   0x00000000   Number         0  boardinit3.o ABSOLUTE
    ../../angel/boardlib.s                   0x00000000   Number         0  boardshut.o ABSOLUTE
    ../../angel/boardlib.s                   0x00000000   Number         0  boardinit1.o ABSOLUTE
    ../../angel/boardlib.s                   0x00000000   Number         0  boardinit2.o ABSOLUTE
    ../../angel/handlers.s                   0x00000000   Number         0  __scatter_zi.o ABSOLUTE
    ../../angel/handlers.s                   0x00000000   Number         0  __scatter_copy.o ABSOLUTE
    ../../angel/kernel.s                     0x00000000   Number         0  rtentry.o ABSOLUTE
    ../../angel/kernel.s                     0x00000000   Number         0  rtexit.o ABSOLUTE
    ../../angel/kernel.s                     0x00000000   Number         0  rtentry2.o ABSOLUTE
    ../../angel/kernel.s                     0x00000000   Number         0  rtentry4.o ABSOLUTE
    ../../angel/kernel.s                     0x00000000   Number         0  rtexit2.o ABSOLUTE
    ../../angel/rt.s                         0x00000000   Number         0  rt_fp_status_addr.o ABSOLUTE
    ../../angel/rt.s                         0x00000000   Number         0  rt_raise.o ABSOLUTE
    ../../angel/rt.s                         0x00000000   Number         0  rt_fp_status_addr_intlibspace.o ABSOLUTE
    ../../angel/scatter.s                    0x00000000   Number         0  __scatter.o ABSOLUTE
    ../../angel/startup.s                    0x00000000   Number         0  __main.o ABSOLUTE
    ../../angel/sys.s                        0x00000000   Number         0  use_no_semi_2.o ABSOLUTE
    ../../angel/sys.s                        0x00000000   Number         0  use_no_semi.o ABSOLUTE
    ../../angel/sys.s                        0x00000000   Number         0  libspace.o ABSOLUTE
    ../../angel/sys.s                        0x00000000   Number         0  sys_stackheap_outer.o ABSOLUTE
    ../../angel/sysapp.c                     0x00000000   Number         0  sys_wrch.o ABSOLUTE
    ../../angel/sysapp.c                     0x00000000   Number         0  sys_command.o ABSOLUTE
    ../../armsys.c                           0x00000000   Number         0  no_argv.o ABSOLUTE
    ../../armsys.c                           0x00000000   Number         0  _get_argv_nomalloc.o ABSOLUTE
    ../../armsys.c                           0x00000000   Number         0  argv_veneer.o ABSOLUTE
    ../../armsys.c                           0x00000000   Number         0  argv_veneer.o ABSOLUTE
    ../../fpinit.s                           0x00000000   Number         0  fpinit.o ABSOLUTE
    ../../heapalloc.c                        0x00000000   Number         0  hrguard.o ABSOLUTE
    ../../heapaux.c                          0x00000000   Number         0  heapauxi.o ABSOLUTE
    ../../libinit.s                          0x00000000   Number         0  libshutdown.o ABSOLUTE
    ../../libinit.s                          0x00000000   Number         0  libinit2.o ABSOLUTE
    ../../libinit.s                          0x00000000   Number         0  libshutdown2.o ABSOLUTE
    ../../libinit.s                          0x00000000   Number         0  libinit.o ABSOLUTE
    ../../memcpset.s                         0x00000000   Number         0  strcmpv7m.o ABSOLUTE
    ../../printf.c                           0x00000000   Number         0  __2printf.o ABSOLUTE
    ../../printf.c                           0x00000000   Number         0  noretval__2printf.o ABSOLUTE
    ../../printf.c                           0x00000000   Number         0  _printf_char_common.o ABSOLUTE
    ../../printf.c                           0x00000000   Number         0  __printf_nopercent.o ABSOLUTE
    ../../signal.c                           0x00000000   Number         0  defsig_rtmem_outer.o ABSOLUTE
    ../../signal.c                           0x00000000   Number         0  defsig_fpe_inner.o ABSOLUTE
    ../../signal.c                           0x00000000   Number         0  defsig_abrt_inner.o ABSOLUTE
    ../../signal.c                           0x00000000   Number         0  defsig_general.o ABSOLUTE
    ../../signal.c                           0x00000000   Number         0  __raise.o ABSOLUTE
    ../../signal.c                           0x00000000   Number         0  defsig_rtmem_inner.o ABSOLUTE
    ../../signal.c                           0x00000000   Number         0  defsig_exit.o ABSOLUTE
    ../../signal.c                           0x00000000   Number         0  defsig_rtmem_formal.o ABSOLUTE
    ../../signal.c                           0x00000000   Number         0  defsig_stak_inner.o ABSOLUTE
    ../../signal.c                           0x00000000   Number         0  defsig_rtred_inner.o ABSOLUTE
    ../../signal.c                           0x00000000   Number         0  defsig_pvfn_inner.o ABSOLUTE
    ../../signal.c                           0x00000000   Number         0  defsig_cppl_inner.o ABSOLUTE
    ../../signal.c                           0x00000000   Number         0  defsig_segv_inner.o ABSOLUTE
    ../../signal.c                           0x00000000   Number         0  defsig_other.o ABSOLUTE
    ../../signal.s                           0x00000000   Number         0  defsig.o ABSOLUTE
    ../../stdio.c                            0x00000000   Number         0  ferror.o ABSOLUTE
    ../../stdio.c                            0x00000000   Number         0  ferror_locked.o ABSOLUTE
    ../../stdlib.c                           0x00000000   Number         0  exit.o ABSOLUTE
    ..\CODE\APP\bootloaders.c                0x00000000   Number         0  bootloaders.o ABSOLUTE
    ..\CODE\APP\fat.c                        0x00000000   Number         0  fat.o ABSOLUTE
    ..\CODE\APP\flash.c                      0x00000000   Number         0  flash.o ABSOLUTE
    ..\CODE\CORE\core_cm3.c                  0x00000000   Number         0  core_cm3.o ABSOLUTE
    ..\CODE\CORE\startup_stm32f10x_hd.s      0x00000000   Number         0  startup_stm32f10x_hd.o ABSOLUTE
    ..\CODE\CORE\system_stm32f10x.c          0x00000000   Number         0  system_stm32f10x.o ABSOLUTE
    ..\CODE\FATFS\diskio.c                   0x00000000   Number         0  diskio.o ABSOLUTE
    ..\CODE\FATFS\ff.c                       0x00000000   Number         0  ff.o ABSOLUTE
    ..\CODE\HARDWARE\init.c                  0x00000000   Number         0  init.o ABSOLUTE
    ..\CODE\HARDWARE\sd_assist.c             0x00000000   Number         0  sd_assist.o ABSOLUTE
    ..\CODE\HARDWARE\sdcard.c                0x00000000   Number         0  sdcard.o ABSOLUTE
    ..\CODE\HARDWARE\sdcard_spi.c            0x00000000   Number         0  sdcard_spi.o ABSOLUTE
    ..\CODE\STM32F10x_FWLib\src\misc.c       0x00000000   Number         0  misc.o ABSOLUTE
    ..\CODE\STM32F10x_FWLib\src\stm32f10x_adc.c 0x00000000   Number         0  stm32f10x_adc.o ABSOLUTE
    ..\CODE\STM32F10x_FWLib\src\stm32f10x_bkp.c 0x00000000   Number         0  stm32f10x_bkp.o ABSOLUTE
    ..\CODE\STM32F10x_FWLib\src\stm32f10x_can.c 0x00000000   Number         0  stm32f10x_can.o ABSOLUTE
    ..\CODE\STM32F10x_FWLib\src\stm32f10x_cec.c 0x00000000   Number         0  stm32f10x_cec.o ABSOLUTE
    ..\CODE\STM32F10x_FWLib\src\stm32f10x_crc.c 0x00000000   Number         0  stm32f10x_crc.o ABSOLUTE
    ..\CODE\STM32F10x_FWLib\src\stm32f10x_dac.c 0x00000000   Number         0  stm32f10x_dac.o ABSOLUTE
    ..\CODE\STM32F10x_FWLib\src\stm32f10x_dbgmcu.c 0x00000000   Number         0  stm32f10x_dbgmcu.o ABSOLUTE
    ..\CODE\STM32F10x_FWLib\src\stm32f10x_dma.c 0x00000000   Number         0  stm32f10x_dma.o ABSOLUTE
    ..\CODE\STM32F10x_FWLib\src\stm32f10x_exti.c 0x00000000   Number         0  stm32f10x_exti.o ABSOLUTE
    ..\CODE\STM32F10x_FWLib\src\stm32f10x_flash.c 0x00000000   Number         0  stm32f10x_flash.o ABSOLUTE
    ..\CODE\STM32F10x_FWLib\src\stm32f10x_fsmc.c 0x00000000   Number         0  stm32f10x_fsmc.o ABSOLUTE
    ..\CODE\STM32F10x_FWLib\src\stm32f10x_gpio.c 0x00000000   Number         0  stm32f10x_gpio.o ABSOLUTE
    ..\CODE\STM32F10x_FWLib\src\stm32f10x_i2c.c 0x00000000   Number         0  stm32f10x_i2c.o ABSOLUTE
    ..\CODE\STM32F10x_FWLib\src\stm32f10x_iwdg.c 0x00000000   Number         0  stm32f10x_iwdg.o ABSOLUTE
    ..\CODE\STM32F10x_FWLib\src\stm32f10x_pwr.c 0x00000000   Number         0  stm32f10x_pwr.o ABSOLUTE
    ..\CODE\STM32F10x_FWLib\src\stm32f10x_rcc.c 0x00000000   Number         0  stm32f10x_rcc.o ABSOLUTE
    ..\CODE\STM32F10x_FWLib\src\stm32f10x_rtc.c 0x00000000   Number         0  stm32f10x_rtc.o ABSOLUTE
    ..\CODE\STM32F10x_FWLib\src\stm32f10x_sdio.c 0x00000000   Number         0  stm32f10x_sdio.o ABSOLUTE
    ..\CODE\STM32F10x_FWLib\src\stm32f10x_spi.c 0x00000000   Number         0  stm32f10x_spi.o ABSOLUTE
    ..\CODE\STM32F10x_FWLib\src\stm32f10x_tim.c 0x00000000   Number         0  stm32f10x_tim.o ABSOLUTE
    ..\CODE\STM32F10x_FWLib\src\stm32f10x_usart.c 0x00000000   Number         0  stm32f10x_usart.o ABSOLUTE
    ..\CODE\STM32F10x_FWLib\src\stm32f10x_wwdg.c 0x00000000   Number         0  stm32f10x_wwdg.o ABSOLUTE
    ..\CODE\SYSTEM\delay.c                   0x00000000   Number         0  delay.o ABSOLUTE
    ..\CODE\SYSTEM\spi.c                     0x00000000   Number         0  spi.o ABSOLUTE
    ..\CODE\SYSTEM\sys.c                     0x00000000   Number         0  sys.o ABSOLUTE
    ..\CODE\SYSTEM\typedefs.c                0x00000000   Number         0  typedefs.o ABSOLUTE
    ..\CODE\SYSTEM\usart.c                   0x00000000   Number         0  usart.o ABSOLUTE
    ..\CODE\SYSTEM\util.c                    0x00000000   Number         0  util.o ABSOLUTE
    ..\CODE\USER\main.c                      0x00000000   Number         0  main.o ABSOLUTE
    ..\CODE\USER\stm32f10x_it.c              0x00000000   Number         0  stm32f10x_it.o ABSOLUTE
    ..\\CODE\\CORE\\core_cm3.c               0x00000000   Number         0  core_cm3.o ABSOLUTE
    ..\\CODE\\SYSTEM\\sys.c                  0x00000000   Number         0  sys.o ABSOLUTE
    dc.s                                     0x00000000   Number         0  dc.o ABSOLUTE
    RESET                                    0x08000000   Section      304  startup_stm32f10x_hd.o(RESET)
    !!!main                                  0x08000130   Section        8  __main.o(!!!main)
    !!!scatter                               0x08000138   Section       52  __scatter.o(!!!scatter)
    !!handler_copy                           0x0800016c   Section       26  __scatter_copy.o(!!handler_copy)
    !!handler_zi                             0x08000188   Section       28  __scatter_zi.o(!!handler_zi)
    .ARM.Collect$$libinit$$00000000          0x080001a4   Section        6  libinit.o(.ARM.Collect$$libinit$$00000000)
    .ARM.Collect$$libinit$$00000006          0x080001aa   Section        0  libinit2.o(.ARM.Collect$$libinit$$00000006)
    .ARM.Collect$$libinit$$00000008          0x080001aa   Section        0  libinit2.o(.ARM.Collect$$libinit$$00000008)
    .ARM.Collect$$libinit$$0000000A          0x080001aa   Section        0  libinit2.o(.ARM.Collect$$libinit$$0000000A)
    .ARM.Collect$$libinit$$0000000D          0x080001aa   Section        0  libinit2.o(.ARM.Collect$$libinit$$0000000D)
    .ARM.Collect$$libinit$$0000000F          0x080001aa   Section        0  libinit2.o(.ARM.Collect$$libinit$$0000000F)
    .ARM.Collect$$libinit$$00000011          0x080001aa   Section        0  libinit2.o(.ARM.Collect$$libinit$$00000011)
    .ARM.Collect$$libinit$$00000013          0x080001aa   Section        0  libinit2.o(.ARM.Collect$$libinit$$00000013)
    .ARM.Collect$$libinit$$00000015          0x080001aa   Section        0  libinit2.o(.ARM.Collect$$libinit$$00000015)
    .ARM.Collect$$libinit$$00000017          0x080001aa   Section        0  libinit2.o(.ARM.Collect$$libinit$$00000017)
    .ARM.Collect$$libinit$$00000019          0x080001aa   Section        0  libinit2.o(.ARM.Collect$$libinit$$00000019)
    .ARM.Collect$$libinit$$0000001B          0x080001aa   Section        0  libinit2.o(.ARM.Collect$$libinit$$0000001B)
    .ARM.Collect$$libinit$$0000001D          0x080001aa   Section        0  libinit2.o(.ARM.Collect$$libinit$$0000001D)
    .ARM.Collect$$libinit$$0000001F          0x080001aa   Section        0  libinit2.o(.ARM.Collect$$libinit$$0000001F)
    .ARM.Collect$$libinit$$00000021          0x080001aa   Section        0  libinit2.o(.ARM.Collect$$libinit$$00000021)
    .ARM.Collect$$libinit$$00000028          0x080001aa   Section        0  libinit2.o(.ARM.Collect$$libinit$$00000028)
    .ARM.Collect$$libinit$$0000002A          0x080001aa   Section        0  libinit2.o(.ARM.Collect$$libinit$$0000002A)
    .ARM.Collect$$libinit$$0000002C          0x080001aa   Section        0  libinit2.o(.ARM.Collect$$libinit$$0000002C)
    .ARM.Collect$$libinit$$0000002E          0x080001aa   Section        0  libinit2.o(.ARM.Collect$$libinit$$0000002E)
    .ARM.Collect$$libinit$$0000002F          0x080001aa   Section        2  libinit2.o(.ARM.Collect$$libinit$$0000002F)
    .ARM.Collect$$libshutdown$$00000000      0x080001ac   Section        2  libshutdown.o(.ARM.Collect$$libshutdown$$00000000)
    .ARM.Collect$$libshutdown$$00000003      0x080001ae   Section        0  libshutdown2.o(.ARM.Collect$$libshutdown$$00000003)
    .ARM.Collect$$libshutdown$$00000006      0x080001ae   Section        0  libshutdown2.o(.ARM.Collect$$libshutdown$$00000006)
    .ARM.Collect$$libshutdown$$00000009      0x080001ae   Section        0  libshutdown2.o(.ARM.Collect$$libshutdown$$00000009)
    .ARM.Collect$$libshutdown$$0000000B      0x080001ae   Section        0  libshutdown2.o(.ARM.Collect$$libshutdown$$0000000B)
    .ARM.Collect$$libshutdown$$0000000E      0x080001ae   Section        0  libshutdown2.o(.ARM.Collect$$libshutdown$$0000000E)
    .ARM.Collect$$libshutdown$$0000000F      0x080001ae   Section        2  libshutdown2.o(.ARM.Collect$$libshutdown$$0000000F)
    .ARM.Collect$$rtentry$$00000000          0x080001b0   Section        0  rtentry.o(.ARM.Collect$$rtentry$$00000000)
    .ARM.Collect$$rtentry$$00000002          0x080001b0   Section        0  rtentry2.o(.ARM.Collect$$rtentry$$00000002)
    .ARM.Collect$$rtentry$$00000004          0x080001b0   Section        6  rtentry4.o(.ARM.Collect$$rtentry$$00000004)
    .ARM.Collect$$rtentry$$00000009          0x080001b6   Section        0  rtentry2.o(.ARM.Collect$$rtentry$$00000009)
    .ARM.Collect$$rtentry$$0000000A          0x080001b6   Section        4  rtentry2.o(.ARM.Collect$$rtentry$$0000000A)
    .ARM.Collect$$rtentry$$0000000C          0x080001ba   Section        0  rtentry2.o(.ARM.Collect$$rtentry$$0000000C)
    .ARM.Collect$$rtentry$$0000000D          0x080001ba   Section        8  rtentry2.o(.ARM.Collect$$rtentry$$0000000D)
    .ARM.Collect$$rtexit$$00000000           0x080001c2   Section        2  rtexit.o(.ARM.Collect$$rtexit$$00000000)
    .ARM.Collect$$rtexit$$00000002           0x080001c4   Section        0  rtexit2.o(.ARM.Collect$$rtexit$$00000002)
    .ARM.Collect$$rtexit$$00000003           0x080001c4   Section        4  rtexit2.o(.ARM.Collect$$rtexit$$00000003)
    .ARM.Collect$$rtexit$$00000004           0x080001c8   Section        6  rtexit2.o(.ARM.Collect$$rtexit$$00000004)
    .emb_text                                0x080001d0   Section       12  sys.o(.emb_text)
    .emb_text                                0x080001dc   Section       32  core_cm3.o(.emb_text)
    .text                                    0x080001fc   Section        0  main.o(.text)
    .text                                    0x080002f4   Section        0  stm32f10x_it.o(.text)
    .text                                    0x08000310   Section        0  bootloaders.o(.text)
    .text                                    0x080004ec   Section        0  fat.o(.text)
    .text                                    0x08000634   Section        0  flash.o(.text)
    .text                                    0x08000740   Section        0  diskio.o(.text)
    .text                                    0x08000870   Section        0  ff.o(.text)
    mem_cpy                                  0x08000877   Thumb Code    26  ff.o(.text)
    mem_set                                  0x08000891   Thumb Code    20  ff.o(.text)
    mem_cmp                                  0x080008a5   Thumb Code    38  ff.o(.text)
    chk_chr                                  0x080008cb   Thumb Code    20  ff.o(.text)
    move_window                              0x080008df   Thumb Code   114  ff.o(.text)
    sync                                     0x08000951   Thumb Code   200  ff.o(.text)
    get_fat                                  0x08000a19   Thumb Code   286  ff.o(.text)
    put_fat                                  0x08000b37   Thumb Code   358  ff.o(.text)
    remove_chain                             0x08000c9d   Thumb Code   104  ff.o(.text)
    create_chain                             0x08000d05   Thumb Code   182  ff.o(.text)
    clust2sect                               0x08000dbb   Thumb Code    26  ff.o(.text)
    dir_seek                                 0x08000dd5   Thumb Code   156  ff.o(.text)
    dir_next                                 0x08000e71   Thumb Code   278  ff.o(.text)
    cmp_lfn                                  0x08000f87   Thumb Code   102  ff.o(.text)
    pick_lfn                                 0x08000fed   Thumb Code    98  ff.o(.text)
    fit_lfn                                  0x0800104f   Thumb Code   118  ff.o(.text)
    sum_sfn                                  0x08001195   Thumb Code    32  ff.o(.text)
    dir_find                                 0x080011b5   Thumb Code   238  ff.o(.text)
    dir_read                                 0x080012a3   Thumb Code   190  ff.o(.text)
    dir_register                             0x08001361   Thumb Code   434  ff.o(.text)
    dir_remove                               0x08001513   Thumb Code    96  ff.o(.text)
    create_name                              0x08001573   Thumb Code   666  ff.o(.text)
    get_fileinfo                             0x0800180d   Thumb Code   334  ff.o(.text)
    follow_path                              0x0800195b   Thumb Code   170  ff.o(.text)
    check_fs                                 0x08001a05   Thumb Code   100  ff.o(.text)
    auto_mount                               0x08001a69   Thumb Code   880  ff.o(.text)
    validate                                 0x08001dd9   Thumb Code    42  ff.o(.text)
    .text                                    0x0800303c   Section        0  delay.o(.text)
    .text                                    0x080030fc   Section        0  spi.o(.text)
    .text                                    0x080031dc   Section        0  usart.o(.text)
    .text                                    0x08003320   Section        0  util.o(.text)
    .text                                    0x08003358   Section        0  sd_assist.o(.text)
    .text                                    0x080033e0   Section        0  sdcard.o(.text)
    CmdResp2Error                            0x080033e1   Thumb Code    68  sdcard.o(.text)
    CmdResp6Error                            0x08003425   Thumb Code   146  sdcard.o(.text)
    CmdResp3Error                            0x080035ed   Thumb Code    50  sdcard.o(.text)
    CmdResp1Error                            0x0800361f   Thumb Code   296  sdcard.o(.text)
    CmdResp7Error                            0x08003747   Thumb Code    72  sdcard.o(.text)
    CmdError                                 0x0800378f   Thumb Code    44  sdcard.o(.text)
    GPIO_Configuration                       0x08003955   Thumb Code    54  sdcard.o(.text)
    FindSCR                                  0x08003d0f   Thumb Code   390  sdcard.o(.text)
    SDEnWideBus                              0x08003e95   Thumb Code   284  sdcard.o(.text)
    DMA_RxConfiguration                      0x080040ad   Thumb Code    86  sdcard.o(.text)
    convert_from_bytes_to_power_of_two       0x08004103   Thumb Code    18  sdcard.o(.text)
    IsCardProgramming                        0x0800466f   Thumb Code   344  sdcard.o(.text)
    DMA_TxConfiguration                      0x080047c7   Thumb Code    88  sdcard.o(.text)
    .text                                    0x080055d4   Section        0  sdcard_spi.o(.text)
    .text                                    0x08005b38   Section        0  misc.o(.text)
    .text                                    0x08005c30   Section        0  stm32f10x_dma.o(.text)
    .text                                    0x08005e78   Section        0  stm32f10x_flash.o(.text)
    .text                                    0x08006450   Section        0  stm32f10x_gpio.o(.text)
    .text                                    0x0800679c   Section        0  stm32f10x_rcc.o(.text)
    .text                                    0x08006b30   Section        0  stm32f10x_sdio.o(.text)
    .text                                    0x08006d08   Section        0  stm32f10x_spi.o(.text)
    .text                                    0x08007014   Section        0  stm32f10x_usart.o(.text)
    .text                                    0x0800741c   Section        0  system_stm32f10x.o(.text)
    SetSysClockTo72                          0x0800741d   Thumb Code   192  system_stm32f10x.o(.text)
    SetSysClock                              0x080074dd   Thumb Code     8  system_stm32f10x.o(.text)
    .text                                    0x080075e4   Section       64  startup_stm32f10x_hd.o(.text)
    .text                                    0x08007624   Section        2  use_no_semi_2.o(.text)
    .text                                    0x08007628   Section        0  noretval__2printf.o(.text)
    .text                                    0x08007648   Section      128  strcmpv7m.o(.text)
    .text                                    0x080076c8   Section        0  heapauxi.o(.text)
    .text                                    0x080076ce   Section        2  use_no_semi.o(.text)
    .text                                    0x080076d0   Section        0  _printf_char_common.o(.text)
    _printf_input_char                       0x080076d1   Thumb Code    10  _printf_char_common.o(.text)
    .text                                    0x08007700   Section        0  __printf_nopercent.o(.text)
    .text                                    0x08007724   Section       74  sys_stackheap_outer.o(.text)
    .text                                    0x0800776e   Section        0  exit.o(.text)
    .text                                    0x0800777c   Section        8  libspace.o(.text)
    .text                                    0x08007784   Section       12  rt_fp_status_addr_intlibspace.o(.text)
    x$fpl$fpinit                             0x08007790   Section       14  fpinit.o(x$fpl$fpinit)
    .constdata                               0x0800779e   Section       17  ff.o(.constdata)
    LfnOfs                                   0x0800779e   Data          13  ff.o(.constdata)
    fatstr                                   0x080077ab   Data           4  ff.o(.constdata)
    .conststring                             0x080077af   Section      142  bootloaders.o(.conststring)
    .data                                    0x20000000   Section       28  bootloaders.o(.data)
    status                                   0x20000000   Data          24  bootloaders.o(.data)
    .data                                    0x2000001c   Section        6  ff.o(.data)
    FatFs                                    0x2000001c   Data           4  ff.o(.data)
    Fsid                                     0x20000020   Data           2  ff.o(.data)
    .data                                    0x20000022   Section        4  delay.o(.data)
    us_unit                                  0x20000022   Data           1  delay.o(.data)
    ms_unit                                  0x20000024   Data           2  delay.o(.data)
    .data                                    0x20000028   Section        8  usart.o(.data)
    .data                                    0x20000030   Section       40  sdcard.o(.data)
    CardType                                 0x20000030   Data           4  sdcard.o(.data)
    RCA                                      0x20000034   Data           4  sdcard.o(.data)
    DeviceMode                               0x20000038   Data           4  sdcard.o(.data)
    TotalNumberOfBytes                       0x2000003c   Data           4  sdcard.o(.data)
    StopCondition                            0x20000040   Data           4  sdcard.o(.data)
    .data                                    0x20000058   Section        1  sdcard_spi.o(.data)
    .data                                    0x20000059   Section       20  stm32f10x_rcc.o(.data)
    APBAHBPrescTable                         0x20000059   Data          16  stm32f10x_rcc.o(.data)
    ADCPrescTable                            0x20000069   Data           4  stm32f10x_rcc.o(.data)
    .data                                    0x20000070   Section       20  system_stm32f10x.o(.data)
    .bss                                     0x20000084   Section     1060  bootloaders.o(.bss)
    Fsrc                                     0x20000084   Data         548  bootloaders.o(.bss)
    ReadBuf                                  0x200002a8   Data         512  bootloaders.o(.bss)
    .bss                                     0x200004a8   Section     1121  fat.o(.bss)
    ReadBuf                                  0x200008fc   Data          13  fat.o(.bss)
    .bss                                     0x2000090c   Section     2048  flash.o(.bss)
    .bss                                     0x2000110c   Section       18  spi.o(.bss)
    .bss                                     0x2000111e   Section      200  usart.o(.bss)
    .bss                                     0x200011e8   Section      100  sdcard.o(.bss)
    CSD_Tab                                  0x200011e8   Data          16  sdcard.o(.bss)
    CID_Tab                                  0x200011f8   Data          16  sdcard.o(.bss)
    .bss                                     0x2000124c   Section       96  libspace.o(.bss)
    HEAP                                     0x200012b0   Section      512  startup_stm32f10x_hd.o(HEAP)
    Heap_Mem                                 0x200012b0   Data         512  startup_stm32f10x_hd.o(HEAP)
    STACK                                    0x200014b0   Section     1024  startup_stm32f10x_hd.o(STACK)
    Stack_Mem                                0x200014b0   Data        1024  startup_stm32f10x_hd.o(STACK)
    __initial_sp                             0x200018b0   Data           0  startup_stm32f10x_hd.o(STACK)

    Global Symbols

    Symbol Name                              Value     Ov Type        Size  Object(Section)

    BuildAttributes$$THM_ISAv4$P$D$K$B$S$PE$A:L22UL41UL21$X:L11$S22US41US21$IEEE1$IW$USESV6$~STKCKD$USESV7$~SHL$OSPACE$ROPI$EBA8$UX$STANDARDLIB$REQ8$PRES8$EABIv2 0x00000000   Number         0  anon$$obj.o ABSOLUTE
    __ARM_use_no_argv                        0x00000000   Number         0  main.o ABSOLUTE
    __ARM_exceptions_init                     - Undefined Weak Reference
    __alloca_initialize                       - Undefined Weak Reference
    __cpp_initialize__aeabi_                  - Undefined Weak Reference
    __cxa_finalize                            - Undefined Weak Reference
    __rt_locale                               - Undefined Weak Reference
    __sigvec_lookup                           - Undefined Weak Reference
    _atexit_init                              - Undefined Weak Reference
    _call_atexit_fns                          - Undefined Weak Reference
    _clock_init                               - Undefined Weak Reference
    _fp_trap_init                             - Undefined Weak Reference
    _fp_trap_shutdown                         - Undefined Weak Reference
    _get_lc_collate                           - Undefined Weak Reference
    _get_lc_ctype                             - Undefined Weak Reference
    _get_lc_monetary                          - Undefined Weak Reference
    _get_lc_numeric                           - Undefined Weak Reference
    _get_lc_time                              - Undefined Weak Reference
    _getenv_init                              - Undefined Weak Reference
    _handle_redirection                       - Undefined Weak Reference
    _init_alloc                               - Undefined Weak Reference
    _init_user_alloc                          - Undefined Weak Reference
    _initio                                   - Undefined Weak Reference
    _mutex_acquire                            - Undefined Weak Reference
    _mutex_release                            - Undefined Weak Reference
    _rand_init                                - Undefined Weak Reference
    _signal_finish                            - Undefined Weak Reference
    _signal_init                              - Undefined Weak Reference
    _terminate_alloc                          - Undefined Weak Reference
    _terminate_user_alloc                     - Undefined Weak Reference
    _terminateio                              - Undefined Weak Reference
    __Vectors_Size                           0x00000130   Number         0  startup_stm32f10x_hd.o ABSOLUTE
    __Vectors                                0x08000000   Data           4  startup_stm32f10x_hd.o(RESET)
    __Vectors_End                            0x08000130   Data           0  startup_stm32f10x_hd.o(RESET)
    __main                                   0x08000131   Thumb Code     8  __main.o(!!!main)
    __scatterload                            0x08000139   Thumb Code     0  __scatter.o(!!!scatter)
    __scatterload_rt2                        0x08000139   Thumb Code    44  __scatter.o(!!!scatter)
    __scatterload_rt2_thumb_only             0x08000139   Thumb Code     0  __scatter.o(!!!scatter)
    __scatterload_null                       0x08000147   Thumb Code     0  __scatter.o(!!!scatter)
    __scatterload_copy                       0x0800016d   Thumb Code    26  __scatter_copy.o(!!handler_copy)
    __scatterload_zeroinit                   0x08000189   Thumb Code    28  __scatter_zi.o(!!handler_zi)
    __rt_lib_init                            0x080001a5   Thumb Code     0  libinit.o(.ARM.Collect$$libinit$$00000000)
    __rt_lib_init_alloca_1                   0x080001ab   Thumb Code     0  libinit2.o(.ARM.Collect$$libinit$$0000002A)
    __rt_lib_init_argv_1                     0x080001ab   Thumb Code     0  libinit2.o(.ARM.Collect$$libinit$$00000028)
    __rt_lib_init_atexit_1                   0x080001ab   Thumb Code     0  libinit2.o(.ARM.Collect$$libinit$$00000017)
    __rt_lib_init_clock_1                    0x080001ab   Thumb Code     0  libinit2.o(.ARM.Collect$$libinit$$0000001D)
    __rt_lib_init_cpp_1                      0x080001ab   Thumb Code     0  libinit2.o(.ARM.Collect$$libinit$$0000002E)
    __rt_lib_init_exceptions_1               0x080001ab   Thumb Code     0  libinit2.o(.ARM.Collect$$libinit$$0000002C)
    __rt_lib_init_fp_trap_1                  0x080001ab   Thumb Code     0  libinit2.o(.ARM.Collect$$libinit$$0000001B)
    __rt_lib_init_getenv_1                   0x080001ab   Thumb Code     0  libinit2.o(.ARM.Collect$$libinit$$0000001F)
    __rt_lib_init_heap_1                     0x080001ab   Thumb Code     0  libinit2.o(.ARM.Collect$$libinit$$00000006)
    __rt_lib_init_lc_collate_1               0x080001ab   Thumb Code     0  libinit2.o(.ARM.Collect$$libinit$$0000000D)
    __rt_lib_init_lc_ctype_1                 0x080001ab   Thumb Code     0  libinit2.o(.ARM.Collect$$libinit$$0000000F)
    __rt_lib_init_lc_monetary_1              0x080001ab   Thumb Code     0  libinit2.o(.ARM.Collect$$libinit$$00000011)
    __rt_lib_init_lc_numeric_1               0x080001ab   Thumb Code     0  libinit2.o(.ARM.Collect$$libinit$$00000013)
    __rt_lib_init_lc_time_1                  0x080001ab   Thumb Code     0  libinit2.o(.ARM.Collect$$libinit$$00000015)
    __rt_lib_init_rand_1                     0x080001ab   Thumb Code     0  libinit2.o(.ARM.Collect$$libinit$$0000000A)
    __rt_lib_init_return                     0x080001ab   Thumb Code     0  libinit2.o(.ARM.Collect$$libinit$$0000002F)
    __rt_lib_init_signal_1                   0x080001ab   Thumb Code     0  libinit2.o(.ARM.Collect$$libinit$$00000019)
    __rt_lib_init_stdio_1                    0x080001ab   Thumb Code     0  libinit2.o(.ARM.Collect$$libinit$$00000021)
    __rt_lib_init_user_alloc_1               0x080001ab   Thumb Code     0  libinit2.o(.ARM.Collect$$libinit$$00000008)
    __rt_lib_shutdown                        0x080001ad   Thumb Code     0  libshutdown.o(.ARM.Collect$$libshutdown$$00000000)
    __rt_lib_shutdown_fp_trap_1              0x080001af   Thumb Code     0  libshutdown2.o(.ARM.Collect$$libshutdown$$00000006)
    __rt_lib_shutdown_heap_1                 0x080001af   Thumb Code     0  libshutdown2.o(.ARM.Collect$$libshutdown$$0000000E)
    __rt_lib_shutdown_return                 0x080001af   Thumb Code     0  libshutdown2.o(.ARM.Collect$$libshutdown$$0000000F)
    __rt_lib_shutdown_signal_1               0x080001af   Thumb Code     0  libshutdown2.o(.ARM.Collect$$libshutdown$$00000009)
    __rt_lib_shutdown_stdio_1                0x080001af   Thumb Code     0  libshutdown2.o(.ARM.Collect$$libshutdown$$00000003)
    __rt_lib_shutdown_user_alloc_1           0x080001af   Thumb Code     0  libshutdown2.o(.ARM.Collect$$libshutdown$$0000000B)
    __rt_entry                               0x080001b1   Thumb Code     0  rtentry.o(.ARM.Collect$$rtentry$$00000000)
    __rt_entry_presh_1                       0x080001b1   Thumb Code     0  rtentry2.o(.ARM.Collect$$rtentry$$00000002)
    __rt_entry_sh                            0x080001b1   Thumb Code     0  rtentry4.o(.ARM.Collect$$rtentry$$00000004)
    __rt_entry_li                            0x080001b7   Thumb Code     0  rtentry2.o(.ARM.Collect$$rtentry$$0000000A)
    __rt_entry_postsh_1                      0x080001b7   Thumb Code     0  rtentry2.o(.ARM.Collect$$rtentry$$00000009)
    __rt_entry_main                          0x080001bb   Thumb Code     0  rtentry2.o(.ARM.Collect$$rtentry$$0000000D)
    __rt_entry_postli_1                      0x080001bb   Thumb Code     0  rtentry2.o(.ARM.Collect$$rtentry$$0000000C)
    __rt_exit                                0x080001c3   Thumb Code     0  rtexit.o(.ARM.Collect$$rtexit$$00000000)
    __rt_exit_ls                             0x080001c5   Thumb Code     0  rtexit2.o(.ARM.Collect$$rtexit$$00000003)
    __rt_exit_prels_1                        0x080001c5   Thumb Code     0  rtexit2.o(.ARM.Collect$$rtexit$$00000002)
    __rt_exit_exit                           0x080001c9   Thumb Code     0  rtexit2.o(.ARM.Collect$$rtexit$$00000004)
    WFI_SET                                  0x080001d1   Thumb Code     2  sys.o(.emb_text)
    INTX_DISABLE                             0x080001d3   Thumb Code     2  sys.o(.emb_text)
    INTX_ENABLE                              0x080001d5   Thumb Code     2  sys.o(.emb_text)
    MSR_MSP                                  0x080001d7   Thumb Code     6  sys.o(.emb_text)
    __get_PSP                                0x080001dd   Thumb Code     6  core_cm3.o(.emb_text)
    __set_PSP                                0x080001e3   Thumb Code     6  core_cm3.o(.emb_text)
    __get_MSP                                0x080001e9   Thumb Code     6  core_cm3.o(.emb_text)
    __set_MSP                                0x080001ef   Thumb Code     6  core_cm3.o(.emb_text)
    __REV16                                  0x080001f5   Thumb Code     4  core_cm3.o(.emb_text)
    __REVSH                                  0x080001f9   Thumb Code     4  core_cm3.o(.emb_text)
    main                                     0x080001fd   Thumb Code    96  main.o(.text)
    NMI_Handler                              0x080002f5   Thumb Code     2  stm32f10x_it.o(.text)
    HardFault_Handler                        0x080002f7   Thumb Code     4  stm32f10x_it.o(.text)
    MemManage_Handler                        0x080002fb   Thumb Code     4  stm32f10x_it.o(.text)
    BusFault_Handler                         0x080002ff   Thumb Code     4  stm32f10x_it.o(.text)
    UsageFault_Handler                       0x08000303   Thumb Code     4  stm32f10x_it.o(.text)
    SVC_Handler                              0x08000307   Thumb Code     2  stm32f10x_it.o(.text)
    DebugMon_Handler                         0x08000309   Thumb Code     2  stm32f10x_it.o(.text)
    PendSV_Handler                           0x0800030b   Thumb Code     2  stm32f10x_it.o(.text)
    SysTick_Handler                          0x0800030d   Thumb Code     2  stm32f10x_it.o(.text)
    IAP_LoadApp                              0x08000311   Thumb Code    36  bootloaders.o(.text)
    BootLoader_FromSDCard                    0x08000335   Thumb Code   188  bootloaders.o(.text)
    BootLoader_Jump                          0x080003f1   Thumb Code    54  bootloaders.o(.text)
    FAT_Test                                 0x080004ed   Thumb Code   136  fat.o(.text)
    FAT_Init                                 0x08000575   Thumb Code    54  fat.o(.text)
    Flash_Init                               0x08000635   Thumb Code    10  flash.o(.text)
    Flash_Erase                              0x0800063f   Thumb Code    98  flash.o(.text)
    Flash_Write                              0x080006a1   Thumb Code   102  flash.o(.text)
    Flash_ProgTest                           0x08000707   Thumb Code    48  flash.o(.text)
    disk_initialize                          0x08000741   Thumb Code    44  diskio.o(.text)
    disk_status                              0x0800076d   Thumb Code     6  diskio.o(.text)
    disk_read                                0x08000773   Thumb Code    72  diskio.o(.text)
    disk_write                               0x080007bb   Thumb Code    52  diskio.o(.text)
    disk_ioctl                               0x080007ef   Thumb Code    98  diskio.o(.text)
    get_fattime                              0x08000871   Thumb Code     6  ff.o(.text)
    gen_numname                              0x080010c5   Thumb Code   208  ff.o(.text)
    f_mount                                  0x08001e03   Thumb Code    54  ff.o(.text)
    f_open                                   0x08001e39   Thumb Code   470  ff.o(.text)
    f_read                                   0x0800200f   Thumb Code   488  ff.o(.text)
    f_write                                  0x080021f7   Thumb Code   546  ff.o(.text)
    f_sync                                   0x08002419   Thumb Code   182  ff.o(.text)
    f_close                                  0x080024cf   Thumb Code    22  ff.o(.text)
    f_lseek                                  0x080024e5   Thumb Code   450  ff.o(.text)
    f_opendir                                0x080026a7   Thumb Code   112  ff.o(.text)
    f_readdir                                0x08002717   Thumb Code   100  ff.o(.text)
    f_stat                                   0x0800277b   Thumb Code    66  ff.o(.text)
    f_getfree                                0x080027bd   Thumb Code   302  ff.o(.text)
    f_truncate                               0x080028eb   Thumb Code   158  ff.o(.text)
    f_unlink                                 0x08002989   Thumb Code   194  ff.o(.text)
    f_mkdir                                  0x08002a4b   Thumb Code   432  ff.o(.text)
    f_chmod                                  0x08002bfb   Thumb Code   104  ff.o(.text)
    f_utime                                  0x08002c63   Thumb Code    94  ff.o(.text)
    f_rename                                 0x08002cc1   Thumb Code   304  ff.o(.text)
    f_gets                                   0x08002df1   Thumb Code    72  ff.o(.text)
    f_putc                                   0x08002e39   Thumb Code    42  ff.o(.text)
    f_puts                                   0x08002e63   Thumb Code    40  ff.o(.text)
    f_printf                                 0x08002e8b   Thumb Code   432  ff.o(.text)
    delay_init                               0x0800303d   Thumb Code    42  delay.o(.text)
    delay_us                                 0x08003067   Thumb Code    68  delay.o(.text)
    delay_ms                                 0x080030ab   Thumb Code    70  delay.o(.text)
    SPI1_ReadWriteByte                       0x080030fd   Thumb Code    78  spi.o(.text)
    SPI1_Init                                0x0800314b   Thumb Code   108  spi.o(.text)
    SPI1_SetSpeed                            0x080031b7   Thumb Code    26  spi.o(.text)
    _sys_exit                                0x080031dd   Thumb Code     6  usart.o(.text)
    fputc                                    0x080031e3   Thumb Code    20  usart.o(.text)
    UART_init                                0x080031f7   Thumb Code   152  usart.o(.text)
    USART1_IRQHandler                        0x0800328f   Thumb Code   124  usart.o(.text)
    Buf_LinearFill32                         0x08003321   Thumb Code    32  util.o(.text)
    MemFail_Handle                           0x08003341   Thumb Code     4  util.o(.text)
    StrCpy                                   0x08003345   Thumb Code    20  util.o(.text)
    FileFail_HandleRet                       0x08003359   Thumb Code     8  sd_assist.o(.text)
    FileFail_Handle                          0x08003361   Thumb Code     4  sd_assist.o(.text)
    ff_wtoupper                              0x08003365   Thumb Code     6  sd_assist.o(.text)
    ff_convert                               0x0800336b   Thumb Code     6  sd_assist.o(.text)
    SDIO_NVIC_Config                         0x08003371   Thumb Code    32  sd_assist.o(.text)
    SD_Card_Init                             0x08003391   Thumb Code    80  sd_assist.o(.text)
    SD_InitializeCards                       0x080034b7   Thumb Code   310  sdcard.o(.text)
    SD_PowerON                               0x080037bb   Thumb Code   410  sdcard.o(.text)
    SD_Init                                  0x0800398b   Thumb Code    84  sdcard.o(.text)
    SD_PowerOFF                              0x080039df   Thumb Code    14  sdcard.o(.text)
    SD_GetCardInfo                           0x080039ed   Thumb Code   802  sdcard.o(.text)
    SD_EnableWideBusOperation                0x08003fb1   Thumb Code   180  sdcard.o(.text)
    SD_SetDeviceMode                         0x08004065   Thumb Code    24  sdcard.o(.text)
    SD_SelectDeselect                        0x0800407d   Thumb Code    48  sdcard.o(.text)
    SD_ReadBlock                             0x08004115   Thumb Code   584  sdcard.o(.text)
    SD_ReadMultiBlocks                       0x0800435d   Thumb Code   786  sdcard.o(.text)
    SD_WriteBlock                            0x0800481f   Thumb Code   926  sdcard.o(.text)
    SD_WriteMultiBlocks                      0x08004bbd   Thumb Code  1070  sdcard.o(.text)
    SD_GetTransferState                      0x08004feb   Thumb Code    18  sdcard.o(.text)
    SD_StopTransfer                          0x08004ffd   Thumb Code    46  sdcard.o(.text)
    SD_Erase                                 0x0800502b   Thumb Code   340  sdcard.o(.text)
    SD_SendStatus                            0x0800517f   Thumb Code    76  sdcard.o(.text)
    SD_SendSDStatus                          0x080051cb   Thumb Code   416  sdcard.o(.text)
    SD_ProcessIRQSrc                         0x0800536b   Thumb Code   610  sdcard.o(.text)
    SD_DetectInit                            0x080055d5   Thumb Code    32  sdcard_spi.o(.text)
    SD_IsCardInserted                        0x080055f5   Thumb Code    20  sdcard_spi.o(.text)
    SD_SPI_ReadWriteByte                     0x08005609   Thumb Code    12  sdcard_spi.o(.text)
    SD_SPI_SpeedLow                          0x08005615   Thumb Code    10  sdcard_spi.o(.text)
    SD_SPI_SpeedHigh                         0x0800561f   Thumb Code    10  sdcard_spi.o(.text)
    SD_SPI_Init                              0x08005629   Thumb Code    54  sdcard_spi.o(.text)
    SD_DisSelect                             0x0800565f   Thumb Code    18  sdcard_spi.o(.text)
    SD_WaitReady                             0x08005671   Thumb Code    34  sdcard_spi.o(.text)
    SD_Select                                0x08005693   Thumb Code    26  sdcard_spi.o(.text)
    SD_GetResponse                           0x080056ad   Thumb Code    38  sdcard_spi.o(.text)
    SD_RecvData                              0x080056d3   Thumb Code    56  sdcard_spi.o(.text)
    SD_SendBlock                             0x0800570b   Thumb Code    82  sdcard_spi.o(.text)
    SD_SendCmd                               0x0800575d   Thumb Code   120  sdcard_spi.o(.text)
    SD_GetCID                                0x080057d5   Thumb Code    42  sdcard_spi.o(.text)
    SD_GetCSD                                0x080057ff   Thumb Code    42  sdcard_spi.o(.text)
    SD_GetSectorCount                        0x08005829   Thumb Code   118  sdcard_spi.o(.text)
    SD_Initialize                            0x0800589f   Thumb Code   406  sdcard_spi.o(.text)
    SD_ReadDisk                              0x08005a35   Thumb Code   112  sdcard_spi.o(.text)
    SD_WriteDisk                             0x08005aa5   Thumb Code   142  sdcard_spi.o(.text)
    NVIC_PriorityGroupConfig                 0x08005b39   Thumb Code    10  misc.o(.text)
    NVIC_Init                                0x08005b43   Thumb Code   118  misc.o(.text)
    NVIC_SetVectorTable                      0x08005bb9   Thumb Code    12  misc.o(.text)
    NVIC_SystemLPConfig                      0x08005bc5   Thumb Code    38  misc.o(.text)
    SysTick_CLKSourceConfig                  0x08005beb   Thumb Code    40  misc.o(.text)
    DMA_DeInit                               0x08005c31   Thumb Code   320  stm32f10x_dma.o(.text)
    DMA_Init                                 0x08005d71   Thumb Code    60  stm32f10x_dma.o(.text)
    DMA_StructInit                           0x08005dad   Thumb Code    26  stm32f10x_dma.o(.text)
    DMA_Cmd                                  0x08005dc7   Thumb Code    24  stm32f10x_dma.o(.text)
    DMA_ITConfig                             0x08005ddf   Thumb Code    18  stm32f10x_dma.o(.text)
    DMA_SetCurrDataCounter                   0x08005df1   Thumb Code     4  stm32f10x_dma.o(.text)
    DMA_GetCurrDataCounter                   0x08005df5   Thumb Code     8  stm32f10x_dma.o(.text)
    DMA_GetFlagStatus                        0x08005dfd   Thumb Code    34  stm32f10x_dma.o(.text)
    DMA_ClearFlag                            0x08005e1f   Thumb Code    18  stm32f10x_dma.o(.text)
    DMA_GetITStatus                          0x08005e31   Thumb Code    34  stm32f10x_dma.o(.text)
    DMA_ClearITPendingBit                    0x08005e53   Thumb Code    18  stm32f10x_dma.o(.text)
    FLASH_SetLatency                         0x08005e79   Thumb Code    16  stm32f10x_flash.o(.text)
    FLASH_HalfCycleAccessCmd                 0x08005e89   Thumb Code    22  stm32f10x_flash.o(.text)
    FLASH_PrefetchBufferCmd                  0x08005e9f   Thumb Code    22  stm32f10x_flash.o(.text)
    FLASH_Unlock                             0x08005eb5   Thumb Code    12  stm32f10x_flash.o(.text)
    FLASH_UnlockBank1                        0x08005ec1   Thumb Code    12  stm32f10x_flash.o(.text)
    FLASH_Lock                               0x08005ecd   Thumb Code    14  stm32f10x_flash.o(.text)
    FLASH_LockBank1                          0x08005edb   Thumb Code    14  stm32f10x_flash.o(.text)
    FLASH_GetBank1Status                     0x08005ee9   Thumb Code    50  stm32f10x_flash.o(.text)
    FLASH_WaitForLastOperation               0x08005f1b   Thumb Code    38  stm32f10x_flash.o(.text)
    FLASH_ErasePage                          0x08005f41   Thumb Code    72  stm32f10x_flash.o(.text)
    FLASH_EraseAllPages                      0x08005f89   Thumb Code    68  stm32f10x_flash.o(.text)
    FLASH_WaitForLastBank1Operation          0x08005fcd   Thumb Code    38  stm32f10x_flash.o(.text)
    FLASH_EraseAllBank1Pages                 0x08005ff3   Thumb Code    68  stm32f10x_flash.o(.text)
    FLASH_GetReadOutProtectionStatus         0x08006037   Thumb Code    20  stm32f10x_flash.o(.text)
    FLASH_EraseOptionBytes                   0x0800604b   Thumb Code   152  stm32f10x_flash.o(.text)
    FLASH_ProgramWord                        0x080060e3   Thumb Code    96  stm32f10x_flash.o(.text)
    FLASH_ProgramHalfWord                    0x08006143   Thumb Code    60  stm32f10x_flash.o(.text)
    FLASH_ProgramOptionByteData              0x0800617f   Thumb Code    72  stm32f10x_flash.o(.text)
    FLASH_EnableWriteProtection              0x080061c7   Thumb Code   226  stm32f10x_flash.o(.text)
    FLASH_ReadOutProtection                  0x080062a9   Thumb Code   156  stm32f10x_flash.o(.text)
    FLASH_UserOptionByteConfig               0x08006345   Thumb Code    88  stm32f10x_flash.o(.text)
    FLASH_GetUserOptionByte                  0x0800639d   Thumb Code     8  stm32f10x_flash.o(.text)
    FLASH_GetWriteProtectionOptionByte       0x080063a5   Thumb Code     6  stm32f10x_flash.o(.text)
    FLASH_GetPrefetchBufferStatus            0x080063ab   Thumb Code    20  stm32f10x_flash.o(.text)
    FLASH_ITConfig                           0x080063bf   Thumb Code    26  stm32f10x_flash.o(.text)
    FLASH_GetFlagStatus                      0x080063d9   Thumb Code    42  stm32f10x_flash.o(.text)
    FLASH_ClearFlag                          0x08006403   Thumb Code     6  stm32f10x_flash.o(.text)
    FLASH_GetStatus                          0x08006409   Thumb Code    50  stm32f10x_flash.o(.text)
    GPIO_DeInit                              0x08006451   Thumb Code   172  stm32f10x_gpio.o(.text)
    GPIO_AFIODeInit                          0x080064fd   Thumb Code    20  stm32f10x_gpio.o(.text)
    GPIO_Init                                0x08006511   Thumb Code   272  stm32f10x_gpio.o(.text)
    GPIO_StructInit                          0x08006621   Thumb Code    16  stm32f10x_gpio.o(.text)
    GPIO_ReadInputDataBit                    0x08006631   Thumb Code    18  stm32f10x_gpio.o(.text)
    GPIO_ReadInputData                       0x08006643   Thumb Code     8  stm32f10x_gpio.o(.text)
    GPIO_ReadOutputDataBit                   0x0800664b   Thumb Code    18  stm32f10x_gpio.o(.text)
    GPIO_ReadOutputData                      0x0800665d   Thumb Code     8  stm32f10x_gpio.o(.text)
    GPIO_SetBits                             0x08006665   Thumb Code     4  stm32f10x_gpio.o(.text)
    GPIO_ResetBits                           0x08006669   Thumb Code     4  stm32f10x_gpio.o(.text)
    GPIO_WriteBit                            0x0800666d   Thumb Code    10  stm32f10x_gpio.o(.text)
    GPIO_Write                               0x08006677   Thumb Code     4  stm32f10x_gpio.o(.text)
    GPIO_PinLockConfig                       0x0800667b   Thumb Code    18  stm32f10x_gpio.o(.text)
    GPIO_EventOutputConfig                   0x0800668d   Thumb Code    24  stm32f10x_gpio.o(.text)
    GPIO_EventOutputCmd                      0x080066a5   Thumb Code     6  stm32f10x_gpio.o(.text)
    GPIO_PinRemapConfig                      0x080066ab   Thumb Code   136  stm32f10x_gpio.o(.text)
    GPIO_EXTILineConfig                      0x08006733   Thumb Code    60  stm32f10x_gpio.o(.text)
    GPIO_ETH_MediaInterfaceConfig            0x0800676f   Thumb Code     6  stm32f10x_gpio.o(.text)
    RCC_DeInit                               0x0800679d   Thumb Code    64  stm32f10x_rcc.o(.text)
    RCC_HSEConfig                            0x080067dd   Thumb Code    70  stm32f10x_rcc.o(.text)
    RCC_GetFlagStatus                        0x08006823   Thumb Code    56  stm32f10x_rcc.o(.text)
    RCC_WaitForHSEStartUp                    0x0800685b   Thumb Code    48  stm32f10x_rcc.o(.text)
    RCC_AdjustHSICalibrationValue            0x0800688b   Thumb Code    18  stm32f10x_rcc.o(.text)
    RCC_HSICmd                               0x0800689d   Thumb Code     6  stm32f10x_rcc.o(.text)
    RCC_PLLConfig                            0x080068a3   Thumb Code    22  stm32f10x_rcc.o(.text)
    RCC_PLLCmd                               0x080068b9   Thumb Code     6  stm32f10x_rcc.o(.text)
    RCC_SYSCLKConfig                         0x080068bf   Thumb Code    16  stm32f10x_rcc.o(.text)
    RCC_GetSYSCLKSource                      0x080068cf   Thumb Code    10  stm32f10x_rcc.o(.text)
    RCC_HCLKConfig                           0x080068d9   Thumb Code    16  stm32f10x_rcc.o(.text)
    RCC_PCLK1Config                          0x080068e9   Thumb Code    16  stm32f10x_rcc.o(.text)
    RCC_PCLK2Config                          0x080068f9   Thumb Code    18  stm32f10x_rcc.o(.text)
    RCC_ITConfig                             0x0800690b   Thumb Code    30  stm32f10x_rcc.o(.text)
    RCC_USBCLKConfig                         0x08006929   Thumb Code     6  stm32f10x_rcc.o(.text)
    RCC_ADCCLKConfig                         0x0800692f   Thumb Code    16  stm32f10x_rcc.o(.text)
    RCC_LSEConfig                            0x0800693f   Thumb Code    44  stm32f10x_rcc.o(.text)
    RCC_LSICmd                               0x0800696b   Thumb Code     6  stm32f10x_rcc.o(.text)
    RCC_RTCCLKConfig                         0x08006971   Thumb Code    12  stm32f10x_rcc.o(.text)
    RCC_RTCCLKCmd                            0x0800697d   Thumb Code     6  stm32f10x_rcc.o(.text)
    RCC_GetClocksFreq                        0x08006983   Thumb Code   194  stm32f10x_rcc.o(.text)
    RCC_AHBPeriphClockCmd                    0x08006a45   Thumb Code    26  stm32f10x_rcc.o(.text)
    RCC_APB2PeriphClockCmd                   0x08006a5f   Thumb Code    26  stm32f10x_rcc.o(.text)
    RCC_APB1PeriphClockCmd                   0x08006a79   Thumb Code    26  stm32f10x_rcc.o(.text)
    RCC_APB2PeriphResetCmd                   0x08006a93   Thumb Code    26  stm32f10x_rcc.o(.text)
    RCC_APB1PeriphResetCmd                   0x08006aad   Thumb Code    26  stm32f10x_rcc.o(.text)
    RCC_BackupResetCmd                       0x08006ac7   Thumb Code     6  stm32f10x_rcc.o(.text)
    RCC_ClockSecuritySystemCmd               0x08006acd   Thumb Code     6  stm32f10x_rcc.o(.text)
    RCC_MCOConfig                            0x08006ad3   Thumb Code     6  stm32f10x_rcc.o(.text)
    RCC_ClearFlag                            0x08006ad9   Thumb Code    14  stm32f10x_rcc.o(.text)
    RCC_GetITStatus                          0x08006ae7   Thumb Code    20  stm32f10x_rcc.o(.text)
    RCC_ClearITPendingBit                    0x08006afb   Thumb Code     6  stm32f10x_rcc.o(.text)
    SDIO_DeInit                              0x08006b31   Thumb Code    28  stm32f10x_sdio.o(.text)
    SDIO_Init                                0x08006b4d   Thumb Code    42  stm32f10x_sdio.o(.text)
    SDIO_StructInit                          0x08006b77   Thumb Code    16  stm32f10x_sdio.o(.text)
    SDIO_ClockCmd                            0x08006b87   Thumb Code     6  stm32f10x_sdio.o(.text)
    SDIO_SetPowerState                       0x08006b8d   Thumb Code    22  stm32f10x_sdio.o(.text)
    SDIO_GetPowerState                       0x08006ba3   Thumb Code    10  stm32f10x_sdio.o(.text)
    SDIO_ITConfig                            0x08006bad   Thumb Code    26  stm32f10x_sdio.o(.text)
    SDIO_DMACmd                              0x08006bc7   Thumb Code     6  stm32f10x_sdio.o(.text)
    SDIO_SendCommand                         0x08006bcd   Thumb Code    38  stm32f10x_sdio.o(.text)
    SDIO_CmdStructInit                       0x08006bf3   Thumb Code    14  stm32f10x_sdio.o(.text)
    SDIO_GetCommandResponse                  0x08006c01   Thumb Code     8  stm32f10x_sdio.o(.text)
    SDIO_GetResponse                         0x08006c09   Thumb Code    14  stm32f10x_sdio.o(.text)
    SDIO_DataConfig                          0x08006c17   Thumb Code    42  stm32f10x_sdio.o(.text)
    SDIO_DataStructInit                      0x08006c41   Thumb Code    20  stm32f10x_sdio.o(.text)
    SDIO_GetDataCounter                      0x08006c55   Thumb Code     6  stm32f10x_sdio.o(.text)
    SDIO_ReadData                            0x08006c5b   Thumb Code     6  stm32f10x_sdio.o(.text)
    SDIO_WriteData                           0x08006c61   Thumb Code     6  stm32f10x_sdio.o(.text)
    SDIO_GetFIFOCount                        0x08006c67   Thumb Code     6  stm32f10x_sdio.o(.text)
    SDIO_StartSDIOReadWait                   0x08006c6d   Thumb Code     6  stm32f10x_sdio.o(.text)
    SDIO_StopSDIOReadWait                    0x08006c73   Thumb Code     6  stm32f10x_sdio.o(.text)
    SDIO_SetSDIOReadWaitMode                 0x08006c79   Thumb Code     6  stm32f10x_sdio.o(.text)
    SDIO_SetSDIOOperation                    0x08006c7f   Thumb Code     6  stm32f10x_sdio.o(.text)
    SDIO_SendSDIOSuspendCmd                  0x08006c85   Thumb Code     6  stm32f10x_sdio.o(.text)
    SDIO_CommandCompletionCmd                0x08006c8b   Thumb Code     6  stm32f10x_sdio.o(.text)
    SDIO_CEATAITCmd                          0x08006c91   Thumb Code    10  stm32f10x_sdio.o(.text)
    SDIO_SendCEATACmd                        0x08006c9b   Thumb Code     6  stm32f10x_sdio.o(.text)
    SDIO_GetFlagStatus                       0x08006ca1   Thumb Code    20  stm32f10x_sdio.o(.text)
    SDIO_ClearFlag                           0x08006cb5   Thumb Code     6  stm32f10x_sdio.o(.text)
    SDIO_GetITStatus                         0x08006cbb   Thumb Code    20  stm32f10x_sdio.o(.text)
    SDIO_ClearITPendingBit                   0x08006ccf   Thumb Code     6  stm32f10x_sdio.o(.text)
    SPI_I2S_DeInit                           0x08006d09   Thumb Code    76  stm32f10x_spi.o(.text)
    SPI_Init                                 0x08006d55   Thumb Code    60  stm32f10x_spi.o(.text)
    I2S_Init                                 0x08006d91   Thumb Code   216  stm32f10x_spi.o(.text)
    SPI_StructInit                           0x08006e69   Thumb Code    24  stm32f10x_spi.o(.text)
    I2S_StructInit                           0x08006e81   Thumb Code    20  stm32f10x_spi.o(.text)
    SPI_Cmd                                  0x08006e95   Thumb Code    24  stm32f10x_spi.o(.text)
    I2S_Cmd                                  0x08006ead   Thumb Code    24  stm32f10x_spi.o(.text)
    SPI_I2S_ITConfig                         0x08006ec5   Thumb Code    36  stm32f10x_spi.o(.text)
    SPI_I2S_DMACmd                           0x08006ee9   Thumb Code    24  stm32f10x_spi.o(.text)
    SPI_I2S_SendData                         0x08006f01   Thumb Code     4  stm32f10x_spi.o(.text)
    SPI_I2S_ReceiveData                      0x08006f05   Thumb Code     6  stm32f10x_spi.o(.text)
    SPI_NSSInternalSoftwareConfig            0x08006f0b   Thumb Code    30  stm32f10x_spi.o(.text)
    SPI_SSOutputCmd                          0x08006f29   Thumb Code    24  stm32f10x_spi.o(.text)
    SPI_DataSizeConfig                       0x08006f41   Thumb Code    18  stm32f10x_spi.o(.text)
    SPI_TransmitCRC                          0x08006f53   Thumb Code    10  stm32f10x_spi.o(.text)
    SPI_CalculateCRC                         0x08006f5d   Thumb Code    24  stm32f10x_spi.o(.text)
    SPI_GetCRC                               0x08006f75   Thumb Code    16  stm32f10x_spi.o(.text)
    SPI_GetCRCPolynomial                     0x08006f85   Thumb Code     6  stm32f10x_spi.o(.text)
    SPI_BiDirectionalLineConfig              0x08006f8b   Thumb Code    28  stm32f10x_spi.o(.text)
    SPI_I2S_GetFlagStatus                    0x08006fa7   Thumb Code    18  stm32f10x_spi.o(.text)
    SPI_I2S_ClearFlag                        0x08006fb9   Thumb Code     6  stm32f10x_spi.o(.text)
    SPI_I2S_GetITStatus                      0x08006fbf   Thumb Code    52  stm32f10x_spi.o(.text)
    SPI_I2S_ClearITPendingBit                0x08006ff3   Thumb Code    20  stm32f10x_spi.o(.text)
    USART_DeInit                             0x08007015   Thumb Code   134  stm32f10x_usart.o(.text)
    USART_Init                               0x0800709b   Thumb Code   210  stm32f10x_usart.o(.text)
    USART_StructInit                         0x0800716d   Thumb Code    24  stm32f10x_usart.o(.text)
    USART_ClockInit                          0x08007185   Thumb Code    32  stm32f10x_usart.o(.text)
    USART_ClockStructInit                    0x080071a5   Thumb Code    12  stm32f10x_usart.o(.text)
    USART_Cmd                                0x080071b1   Thumb Code    24  stm32f10x_usart.o(.text)
    USART_ITConfig                           0x080071c9   Thumb Code    72  stm32f10x_usart.o(.text)
    USART_DMACmd                             0x08007211   Thumb Code    24  stm32f10x_usart.o(.text)
    USART_SetAddress                         0x08007229   Thumb Code    18  stm32f10x_usart.o(.text)
    USART_WakeUpConfig                       0x0800723b   Thumb Code    18  stm32f10x_usart.o(.text)
    USART_ReceiverWakeUpCmd                  0x0800724d   Thumb Code    24  stm32f10x_usart.o(.text)
    USART_LINBreakDetectLengthConfig         0x08007265   Thumb Code    18  stm32f10x_usart.o(.text)
    USART_LINCmd                             0x08007277   Thumb Code    24  stm32f10x_usart.o(.text)
    USART_SendData                           0x0800728f   Thumb Code     8  stm32f10x_usart.o(.text)
    USART_ReceiveData                        0x08007297   Thumb Code    10  stm32f10x_usart.o(.text)
    USART_SendBreak                          0x080072a1   Thumb Code    10  stm32f10x_usart.o(.text)
    USART_SetGuardTime                       0x080072ab   Thumb Code    16  stm32f10x_usart.o(.text)
    USART_SetPrescaler                       0x080072bb   Thumb Code    16  stm32f10x_usart.o(.text)
    USART_SmartCardCmd                       0x080072cb   Thumb Code    24  stm32f10x_usart.o(.text)
    USART_SmartCardNACKCmd                   0x080072e3   Thumb Code    24  stm32f10x_usart.o(.text)
    USART_HalfDuplexCmd                      0x080072fb   Thumb Code    24  stm32f10x_usart.o(.text)
    USART_OverSampling8Cmd                   0x08007313   Thumb Code    22  stm32f10x_usart.o(.text)
    USART_OneBitMethodCmd                    0x08007329   Thumb Code    24  stm32f10x_usart.o(.text)
    USART_IrDAConfig                         0x08007341   Thumb Code    18  stm32f10x_usart.o(.text)
    USART_IrDACmd                            0x08007353   Thumb Code    24  stm32f10x_usart.o(.text)
    USART_GetFlagStatus                      0x0800736b   Thumb Code    26  stm32f10x_usart.o(.text)
    USART_ClearFlag                          0x08007385   Thumb Code    18  stm32f10x_usart.o(.text)
    USART_GetITStatus                        0x08007397   Thumb Code    84  stm32f10x_usart.o(.text)
    USART_ClearITPendingBit                  0x080073eb   Thumb Code    50  stm32f10x_usart.o(.text)
    SystemInit                               0x080074e5   Thumb Code    78  system_stm32f10x.o(.text)
    SystemCoreClockUpdate                    0x08007533   Thumb Code   142  system_stm32f10x.o(.text)
    Reset_Handler                            0x080075e5   Thumb Code     8  startup_stm32f10x_hd.o(.text)
    ADC1_2_IRQHandler                        0x080075ff   Thumb Code     0  startup_stm32f10x_hd.o(.text)
    ADC3_IRQHandler                          0x080075ff   Thumb Code     0  startup_stm32f10x_hd.o(.text)
    CAN1_RX1_IRQHandler                      0x080075ff   Thumb Code     0  startup_stm32f10x_hd.o(.text)
    CAN1_SCE_IRQHandler                      0x080075ff   Thumb Code     0  startup_stm32f10x_hd.o(.text)
    DMA1_Channel1_IRQHandler                 0x080075ff   Thumb Code     0  startup_stm32f10x_hd.o(.text)
    DMA1_Channel2_IRQHandler                 0x080075ff   Thumb Code     0  startup_stm32f10x_hd.o(.text)
    DMA1_Channel3_IRQHandler                 0x080075ff   Thumb Code     0  startup_stm32f10x_hd.o(.text)
    DMA1_Channel4_IRQHandler                 0x080075ff   Thumb Code     0  startup_stm32f10x_hd.o(.text)
    DMA1_Channel5_IRQHandler                 0x080075ff   Thumb Code     0  startup_stm32f10x_hd.o(.text)
    DMA1_Channel6_IRQHandler                 0x080075ff   Thumb Code     0  startup_stm32f10x_hd.o(.text)
    DMA1_Channel7_IRQHandler                 0x080075ff   Thumb Code     0  startup_stm32f10x_hd.o(.text)
    DMA2_Channel1_IRQHandler                 0x080075ff   Thumb Code     0  startup_stm32f10x_hd.o(.text)
    DMA2_Channel2_IRQHandler                 0x080075ff   Thumb Code     0  startup_stm32f10x_hd.o(.text)
    DMA2_Channel3_IRQHandler                 0x080075ff   Thumb Code     0  startup_stm32f10x_hd.o(.text)
    DMA2_Channel4_5_IRQHandler               0x080075ff   Thumb Code     0  startup_stm32f10x_hd.o(.text)
    EXTI0_IRQHandler                         0x080075ff   Thumb Code     0  startup_stm32f10x_hd.o(.text)
    EXTI15_10_IRQHandler                     0x080075ff   Thumb Code     0  startup_stm32f10x_hd.o(.text)
    EXTI1_IRQHandler                         0x080075ff   Thumb Code     0  startup_stm32f10x_hd.o(.text)
    EXTI2_IRQHandler                         0x080075ff   Thumb Code     0  startup_stm32f10x_hd.o(.text)
    EXTI3_IRQHandler                         0x080075ff   Thumb Code     0  startup_stm32f10x_hd.o(.text)
    EXTI4_IRQHandler                         0x080075ff   Thumb Code     0  startup_stm32f10x_hd.o(.text)
    EXTI9_5_IRQHandler                       0x080075ff   Thumb Code     0  startup_stm32f10x_hd.o(.text)
    FLASH_IRQHandler                         0x080075ff   Thumb Code     0  startup_stm32f10x_hd.o(.text)
    FSMC_IRQHandler                          0x080075ff   Thumb Code     0  startup_stm32f10x_hd.o(.text)
    I2C1_ER_IRQHandler                       0x080075ff   Thumb Code     0  startup_stm32f10x_hd.o(.text)
    I2C1_EV_IRQHandler                       0x080075ff   Thumb Code     0  startup_stm32f10x_hd.o(.text)
    I2C2_ER_IRQHandler                       0x080075ff   Thumb Code     0  startup_stm32f10x_hd.o(.text)
    I2C2_EV_IRQHandler                       0x080075ff   Thumb Code     0  startup_stm32f10x_hd.o(.text)
    PVD_IRQHandler                           0x080075ff   Thumb Code     0  startup_stm32f10x_hd.o(.text)
    RCC_IRQHandler                           0x080075ff   Thumb Code     0  startup_stm32f10x_hd.o(.text)
    RTCAlarm_IRQHandler                      0x080075ff   Thumb Code     0  startup_stm32f10x_hd.o(.text)
    RTC_IRQHandler                           0x080075ff   Thumb Code     0  startup_stm32f10x_hd.o(.text)
    SDIO_IRQHandler                          0x080075ff   Thumb Code     0  startup_stm32f10x_hd.o(.text)
    SPI1_IRQHandler                          0x080075ff   Thumb Code     0  startup_stm32f10x_hd.o(.text)
    SPI2_IRQHandler                          0x080075ff   Thumb Code     0  startup_stm32f10x_hd.o(.text)
    SPI3_IRQHandler                          0x080075ff   Thumb Code     0  startup_stm32f10x_hd.o(.text)
    TAMPER_IRQHandler                        0x080075ff   Thumb Code     0  startup_stm32f10x_hd.o(.text)
    TIM1_BRK_IRQHandler                      0x080075ff   Thumb Code     0  startup_stm32f10x_hd.o(.text)
    TIM1_CC_IRQHandler                       0x080075ff   Thumb Code     0  startup_stm32f10x_hd.o(.text)
    TIM1_TRG_COM_IRQHandler                  0x080075ff   Thumb Code     0  startup_stm32f10x_hd.o(.text)
    TIM1_UP_IRQHandler                       0x080075ff   Thumb Code     0  startup_stm32f10x_hd.o(.text)
    TIM2_IRQHandler                          0x080075ff   Thumb Code     0  startup_stm32f10x_hd.o(.text)
    TIM3_IRQHandler                          0x080075ff   Thumb Code     0  startup_stm32f10x_hd.o(.text)
    TIM4_IRQHandler                          0x080075ff   Thumb Code     0  startup_stm32f10x_hd.o(.text)
    TIM5_IRQHandler                          0x080075ff   Thumb Code     0  startup_stm32f10x_hd.o(.text)
    TIM6_IRQHandler                          0x080075ff   Thumb Code     0  startup_stm32f10x_hd.o(.text)
    TIM7_IRQHandler                          0x080075ff   Thumb Code     0  startup_stm32f10x_hd.o(.text)
    TIM8_BRK_IRQHandler                      0x080075ff   Thumb Code     0  startup_stm32f10x_hd.o(.text)
    TIM8_CC_IRQHandler                       0x080075ff   Thumb Code     0  startup_stm32f10x_hd.o(.text)
    TIM8_TRG_COM_IRQHandler                  0x080075ff   Thumb Code     0  startup_stm32f10x_hd.o(.text)
    TIM8_UP_IRQHandler                       0x080075ff   Thumb Code     0  startup_stm32f10x_hd.o(.text)
    UART4_IRQHandler                         0x080075ff   Thumb Code     0  startup_stm32f10x_hd.o(.text)
    UART5_IRQHandler                         0x080075ff   Thumb Code     0  startup_stm32f10x_hd.o(.text)
    USART2_IRQHandler                        0x080075ff   Thumb Code     0  startup_stm32f10x_hd.o(.text)
    USART3_IRQHandler                        0x080075ff   Thumb Code     0  startup_stm32f10x_hd.o(.text)
    USBWakeUp_IRQHandler                     0x080075ff   Thumb Code     0  startup_stm32f10x_hd.o(.text)
    USB_HP_CAN1_TX_IRQHandler                0x080075ff   Thumb Code     0  startup_stm32f10x_hd.o(.text)
    USB_LP_CAN1_RX0_IRQHandler               0x080075ff   Thumb Code     0  startup_stm32f10x_hd.o(.text)
    WWDG_IRQHandler                          0x080075ff   Thumb Code     0  startup_stm32f10x_hd.o(.text)
    __user_initial_stackheap                 0x08007601   Thumb Code     0  startup_stm32f10x_hd.o(.text)
    __use_no_semihosting                     0x08007625   Thumb Code     2  use_no_semi_2.o(.text)
    __2printf                                0x08007629   Thumb Code    24  noretval__2printf.o(.text)
    strcmp                                   0x08007649   Thumb Code   128  strcmpv7m.o(.text)
    __use_two_region_memory                  0x080076c9   Thumb Code     2  heapauxi.o(.text)
    __rt_heap_escrow$2region                 0x080076cb   Thumb Code     2  heapauxi.o(.text)
    __rt_heap_expand$2region                 0x080076cd   Thumb Code     2  heapauxi.o(.text)
    __I$use$semihosting                      0x080076cf   Thumb Code     0  use_no_semi.o(.text)
    __use_no_semihosting_swi                 0x080076cf   Thumb Code     2  use_no_semi.o(.text)
    _printf_char_common                      0x080076db   Thumb Code    34  _printf_char_common.o(.text)
    __printf                                 0x08007701   Thumb Code    36  __printf_nopercent.o(.text)
    __user_setup_stackheap                   0x08007725   Thumb Code    74  sys_stackheap_outer.o(.text)
    exit                                     0x0800776f   Thumb Code    12  exit.o(.text)
    __user_libspace                          0x0800777d   Thumb Code     8  libspace.o(.text)
    __user_perproc_libspace                  0x0800777d   Thumb Code     0  libspace.o(.text)
    __user_perthread_libspace                0x0800777d   Thumb Code     0  libspace.o(.text)
    __rt_fp_status_addr                      0x08007785   Thumb Code    12  rt_fp_status_addr_intlibspace.o(.text)
    _fp_init                                 0x08007791   Thumb Code    14  fpinit.o(x$fpl$fpinit)
    __fplib_config_pureend_doubles           0x0800779d   Thumb Code     0  fpinit.o(x$fpl$fpinit)
    Region$$Table$$Base                      0x08007840   Number         0  anon$$obj.o(Region$$Table)
    Region$$Table$$Limit                     0x08007860   Number         0  anon$$obj.o(Region$$Table)
    jump2app                                 0x20000018   Data           4  bootloaders.o(.data)
    USART_RX_STA                             0x20000028   Data           2  usart.o(.data)
    __stdout                                 0x2000002c   Data           4  usart.o(.data)
    TransferError                            0x20000044   Data           1  sdcard.o(.data)
    TransferEnd                              0x20000048   Data           4  sdcard.o(.data)
    NumberOfBytes                            0x2000004c   Data           4  sdcard.o(.data)
    SrcBuffer                                0x20000050   Data           4  sdcard.o(.data)
    DestBuffer                               0x20000054   Data           4  sdcard.o(.data)
    SD_Type                                  0x20000058   Data           1  sdcard_spi.o(.data)
    SystemCoreClock                          0x20000070   Data           4  system_stm32f10x.o(.data)
    AHBPrescTable                            0x20000074   Data          16  system_stm32f10x.o(.data)
    FileSystem                               0x200004a8   Data         560  fat.o(.bss)
    Fsrc                                     0x200006d8   Data         548  fat.o(.bss)
    WriteBuf                                 0x2000090c   Data        2048  flash.o(.bss)
    SPI_InitStructure                        0x2000110c   Data          18  spi.o(.bss)
    USART_RX_BUF                             0x2000111e   Data         200  usart.o(.bss)
    SDIO_InitStructure                       0x20001208   Data          24  sdcard.o(.bss)
    SDIO_CmdInitStructure                    0x20001220   Data          20  sdcard.o(.bss)
    SDIO_DataInitStructure                   0x20001234   Data          24  sdcard.o(.bss)
    __libspace_start                         0x2000124c   Data          96  libspace.o(.bss)
    __temporary_stack_top$libspace           0x200012ac   Data           0  libspace.o(.bss)



==============================================================================

Memory Map of the image

  Image Entry point : 0x08000131

  Load Region LR_IROM1 (Base: 0x08000000, Size: 0x000078e4, Max: 0x00040000, ABSOLUTE)

    Execution Region ER_IROM1 (Base: 0x08000000, Size: 0x00007860, Max: 0x00040000, ABSOLUTE)

    Base Addr    Size         Type   Attr      Idx    E Section Name        Object

    0x08000000   0x00000130   Data   RO          725    RESET               startup_stm32f10x_hd.o
    0x08000130   0x00000008   Code   RO          742  * !!!main             __main.o(c_w.l)
    0x08000138   0x00000034   Code   RO          910    !!!scatter          __scatter.o(c_w.l)
    0x0800016c   0x0000001a   Code   RO          912    !!handler_copy      __scatter_copy.o(c_w.l)
    0x08000186   0x00000002   PAD
    0x08000188   0x0000001c   Code   RO          914    !!handler_zi        __scatter_zi.o(c_w.l)
    0x080001a4   0x00000006   Code   RO          784    .ARM.Collect$$libinit$$00000000  libinit.o(c_w.l)
    0x080001aa   0x00000000   Code   RO          792    .ARM.Collect$$libinit$$00000006  libinit2.o(c_w.l)
    0x080001aa   0x00000000   Code   RO          794    .ARM.Collect$$libinit$$00000008  libinit2.o(c_w.l)
    0x080001aa   0x00000000   Code   RO          796    .ARM.Collect$$libinit$$0000000A  libinit2.o(c_w.l)
    0x080001aa   0x00000000   Code   RO          799    .ARM.Collect$$libinit$$0000000D  libinit2.o(c_w.l)
    0x080001aa   0x00000000   Code   RO          801    .ARM.Collect$$libinit$$0000000F  libinit2.o(c_w.l)
    0x080001aa   0x00000000   Code   RO          803    .ARM.Collect$$libinit$$00000011  libinit2.o(c_w.l)
    0x080001aa   0x00000000   Code   RO          805    .ARM.Collect$$libinit$$00000013  libinit2.o(c_w.l)
    0x080001aa   0x00000000   Code   RO          807    .ARM.Collect$$libinit$$00000015  libinit2.o(c_w.l)
    0x080001aa   0x00000000   Code   RO          809    .ARM.Collect$$libinit$$00000017  libinit2.o(c_w.l)
    0x080001aa   0x00000000   Code   RO          811    .ARM.Collect$$libinit$$00000019  libinit2.o(c_w.l)
    0x080001aa   0x00000000   Code   RO          813    .ARM.Collect$$libinit$$0000001B  libinit2.o(c_w.l)
    0x080001aa   0x00000000   Code   RO          815    .ARM.Collect$$libinit$$0000001D  libinit2.o(c_w.l)
    0x080001aa   0x00000000   Code   RO          817    .ARM.Collect$$libinit$$0000001F  libinit2.o(c_w.l)
    0x080001aa   0x00000000   Code   RO          819    .ARM.Collect$$libinit$$00000021  libinit2.o(c_w.l)
    0x080001aa   0x00000000   Code   RO          823    .ARM.Collect$$libinit$$00000028  libinit2.o(c_w.l)
    0x080001aa   0x00000000   Code   RO          825    .ARM.Collect$$libinit$$0000002A  libinit2.o(c_w.l)
    0x080001aa   0x00000000   Code   RO          827    .ARM.Collect$$libinit$$0000002C  libinit2.o(c_w.l)
    0x080001aa   0x00000000   Code   RO          829    .ARM.Collect$$libinit$$0000002E  libinit2.o(c_w.l)
    0x080001aa   0x00000002   Code   RO          830    .ARM.Collect$$libinit$$0000002F  libinit2.o(c_w.l)
    0x080001ac   0x00000002   Code   RO          854    .ARM.Collect$$libshutdown$$00000000  libshutdown.o(c_w.l)
    0x080001ae   0x00000000   Code   RO          865    .ARM.Collect$$libshutdown$$00000003  libshutdown2.o(c_w.l)
    0x080001ae   0x00000000   Code   RO          868    .ARM.Collect$$libshutdown$$00000006  libshutdown2.o(c_w.l)
    0x080001ae   0x00000000   Code   RO          871    .ARM.Collect$$libshutdown$$00000009  libshutdown2.o(c_w.l)
    0x080001ae   0x00000000   Code   RO          873    .ARM.Collect$$libshutdown$$0000000B  libshutdown2.o(c_w.l)
    0x080001ae   0x00000000   Code   RO          876    .ARM.Collect$$libshutdown$$0000000E  libshutdown2.o(c_w.l)
    0x080001ae   0x00000002   Code   RO          877    .ARM.Collect$$libshutdown$$0000000F  libshutdown2.o(c_w.l)
    0x080001b0   0x00000000   Code   RO          746    .ARM.Collect$$rtentry$$00000000  rtentry.o(c_w.l)
    0x080001b0   0x00000000   Code   RO          755    .ARM.Collect$$rtentry$$00000002  rtentry2.o(c_w.l)
    0x080001b0   0x00000006   Code   RO          770    .ARM.Collect$$rtentry$$00000004  rtentry4.o(c_w.l)
    0x080001b6   0x00000000   Code   RO          757    .ARM.Collect$$rtentry$$00000009  rtentry2.o(c_w.l)
    0x080001b6   0x00000004   Code   RO          758    .ARM.Collect$$rtentry$$0000000A  rtentry2.o(c_w.l)
    0x080001ba   0x00000000   Code   RO          760    .ARM.Collect$$rtentry$$0000000C  rtentry2.o(c_w.l)
    0x080001ba   0x00000008   Code   RO          761    .ARM.Collect$$rtentry$$0000000D  rtentry2.o(c_w.l)
    0x080001c2   0x00000002   Code   RO          788    .ARM.Collect$$rtexit$$00000000  rtexit.o(c_w.l)
    0x080001c4   0x00000000   Code   RO          834    .ARM.Collect$$rtexit$$00000002  rtexit2.o(c_w.l)
    0x080001c4   0x00000004   Code   RO          835    .ARM.Collect$$rtexit$$00000003  rtexit2.o(c_w.l)
    0x080001c8   0x00000006   Code   RO          836    .ARM.Collect$$rtexit$$00000004  rtexit2.o(c_w.l)
    0x080001ce   0x00000002   PAD
    0x080001d0   0x0000000c   Code   RO          291    .emb_text           sys.o
    0x080001dc   0x00000020   Code   RO          695    .emb_text           core_cm3.o
    0x080001fc   0x000000f8   Code   RO            1    .text               main.o
    0x080002f4   0x0000001a   Code   RO          153    .text               stm32f10x_it.o
    0x0800030e   0x00000002   PAD
    0x08000310   0x000001dc   Code   RO          168    .text               bootloaders.o
    0x080004ec   0x00000148   Code   RO          199    .text               fat.o
    0x08000634   0x0000010c   Code   RO          214    .text               flash.o
    0x08000740   0x00000130   Code   RO          229    .text               diskio.o
    0x08000870   0x000027ca   Code   RO          241    .text               ff.o
    0x0800303a   0x00000002   PAD
    0x0800303c   0x000000c0   Code   RO          259    .text               delay.o
    0x080030fc   0x000000e0   Code   RO          273    .text               spi.o
    0x080031dc   0x00000144   Code   RO          308    .text               usart.o
    0x08003320   0x00000038   Code   RO          331    .text               util.o
    0x08003358   0x00000088   Code   RO          365    .text               sd_assist.o
    0x080033e0   0x000021f4   Code   RO          383    .text               sdcard.o
    0x080055d4   0x00000564   Code   RO          399    .text               sdcard_spi.o
    0x08005b38   0x000000f8   Code   RO          417    .text               misc.o
    0x08005c30   0x00000248   Code   RO          513    .text               stm32f10x_dma.o
    0x08005e78   0x000005d8   Code   RO          537    .text               stm32f10x_flash.o
    0x08006450   0x0000034c   Code   RO          561    .text               stm32f10x_gpio.o
    0x0800679c   0x00000394   Code   RO          609    .text               stm32f10x_rcc.o
    0x08006b30   0x000001d8   Code   RO          635    .text               stm32f10x_sdio.o
    0x08006d08   0x0000030c   Code   RO          647    .text               stm32f10x_spi.o
    0x08007014   0x00000408   Code   RO          671    .text               stm32f10x_usart.o
    0x0800741c   0x000001c8   Code   RO          705    .text               system_stm32f10x.o
    0x080075e4   0x00000040   Code   RO          726    .text               startup_stm32f10x_hd.o
    0x08007624   0x00000002   Code   RO          732    .text               use_no_semi_2.o(c_w.l)
    0x08007626   0x00000002   PAD
    0x08007628   0x00000020   Code   RO          736    .text               noretval__2printf.o(c_w.l)
    0x08007648   0x00000080   Code   RO          738    .text               strcmpv7m.o(c_w.l)
    0x080076c8   0x00000006   Code   RO          740    .text               heapauxi.o(c_w.l)
    0x080076ce   0x00000002   Code   RO          744    .text               use_no_semi.o(c_w.l)
    0x080076d0   0x00000030   Code   RO          748    .text               _printf_char_common.o(c_w.l)
    0x08007700   0x00000024   Code   RO          772    .text               __printf_nopercent.o(c_w.l)
    0x08007724   0x0000004a   Code   RO          774    .text               sys_stackheap_outer.o(c_w.l)
    0x0800776e   0x0000000c   Code   RO          776    .text               exit.o(c_w.l)
    0x0800777a   0x00000002   PAD
    0x0800777c   0x00000008   Code   RO          785    .text               libspace.o(c_w.l)
    0x08007784   0x0000000c   Code   RO          844    .text               rt_fp_status_addr_intlibspace.o(c_w.l)
    0x08007790   0x0000000e   Code   RO          831    x$fpl$fpinit        fpinit.o(fz_ws.l)
    0x0800779e   0x00000011   Data   RO          242    .constdata          ff.o
    0x080077af   0x0000008e   Data   RO          171    .conststring        bootloaders.o
    0x0800783d   0x00000003   PAD
    0x08007840   0x00000020   Data   RO          908    Region$$Table       anon$$obj.o


    Execution Region RW_IRAM1 (Base: 0x20000000, Size: 0x000018b0, Max: 0x0000c000, ABSOLUTE)

    Base Addr    Size         Type   Attr      Idx    E Section Name        Object

    0x20000000   0x0000001c   Data   RW          172    .data               bootloaders.o
    0x2000001c   0x00000006   Data   RW          243    .data               ff.o
    0x20000022   0x00000004   Data   RW          260    .data               delay.o
    0x20000026   0x00000002   PAD
    0x20000028   0x00000008   Data   RW          310    .data               usart.o
    0x20000030   0x00000028   Data   RW          385    .data               sdcard.o
    0x20000058   0x00000001   Data   RW          400    .data               sdcard_spi.o
    0x20000059   0x00000014   Data   RW          610    .data               stm32f10x_rcc.o
    0x2000006d   0x00000003   PAD
    0x20000070   0x00000014   Data   RW          706    .data               system_stm32f10x.o
    0x20000084   0x00000424   Zero   RW          169    .bss                bootloaders.o
    0x200004a8   0x00000461   Zero   RW          200    .bss                fat.o
    0x20000909   0x00000003   PAD
    0x2000090c   0x00000800   Zero   RW          215    .bss                flash.o
    0x2000110c   0x00000012   Zero   RW          274    .bss                spi.o
    0x2000111e   0x000000c8   Zero   RW          309    .bss                usart.o
    0x200011e6   0x00000002   PAD
    0x200011e8   0x00000064   Zero   RW          384    .bss                sdcard.o
    0x2000124c   0x00000060   Zero   RW          786    .bss                libspace.o(c_w.l)
    0x200012ac   0x00000004   PAD
    0x200012b0   0x00000200   Zero   RW          724    HEAP                startup_stm32f10x_hd.o
    0x200014b0   0x00000400   Zero   RW          723    STACK               startup_stm32f10x_hd.o


==============================================================================

Image component sizes


      Code (inc. data)   RO Data    RW Data    ZI Data      Debug   Object Name

       476        198        142         28       1060       6019   bootloaders.o
        32          0          0          0          0        408   core_cm3.o
       192         12          0          4          0        971   delay.o
       304         32          0          0          0       2490   diskio.o
       328        138          0          0       1121       1322   fat.o
     10186         42         17          6          0      24475   ff.o
       268         10          0          0       2048       1967   flash.o
       248        152          0          0          0     267267   main.o
       248         30          0          0          0       1789   misc.o
       136          0          0          0          0       7094   sd_assist.o
      8692        306          0         40        100      18477   sdcard.o
      1380         24          0          1          0       5858   sdcard_spi.o
       224         12          0          0         18       1225   spi.o
        64         26        304          0       1536        512   startup_stm32f10x_hd.o
       584         20          0          0          0       4346   stm32f10x_dma.o
      1496         54          0          0          0       8142   stm32f10x_flash.o
       844         40          0          0          0       5673   stm32f10x_gpio.o
        26          0          0          0          0       1190   stm32f10x_it.o
       916         48          0         20          0       8784   stm32f10x_rcc.o
       472         52          0          0          0       7016   stm32f10x_sdio.o
       780         14          0          0          0       6602   stm32f10x_spi.o
      1032         20          0          0          0       8420   stm32f10x_usart.o
        12          0          0          0          0        372   sys.o
       456         36          0         20          0       1763   system_stm32f10x.o
       324         22          0          8        200       3002   usart.o
        56          0          0          0          0       1245   util.o

    ----------------------------------------------------------------------
     29780       1288        498        132       6088     396429   Object Totals
         0          0         32          0          0          0   (incl. Generated)
         4          0          3          5          5          1   (incl. Padding)

    ----------------------------------------------------------------------

      Code (inc. data)   RO Data    RW Data    ZI Data      Debug   Library Member Name

         8          0          0          0          0         68   __main.o
        36          0          0          0          0         84   __printf_nopercent.o
        52          8          0          0          0          0   __scatter.o
        26          0          0          0          0          0   __scatter_copy.o
        28          0          0          0          0          0   __scatter_zi.o
        48          4          0          0          0         96   _printf_char_common.o
        12          0          0          0          0         68   exit.o
        14          0          0          0          0         76   fpinit.o
         6          0          0          0          0        148   heapauxi.o
         6          0          0          0          0          0   libinit.o
         2          0          0          0          0          0   libinit2.o
         2          0          0          0          0          0   libshutdown.o
         2          0          0          0          0          0   libshutdown2.o
         8          4          0          0         96         68   libspace.o
        32          8          0          0          0         80   noretval__2printf.o
        12          6          0          0          0         68   rt_fp_status_addr_intlibspace.o
         0          0          0          0          0          0   rtentry.o
        12          0          0          0          0          0   rtentry2.o
         6          0          0          0          0          0   rtentry4.o
         2          0          0          0          0          0   rtexit.o
        10          0          0          0          0          0   rtexit2.o
       128          2          0          0          0         68   strcmpv7m.o
        74          0          0          0          0         80   sys_stackheap_outer.o
         2          0          0          0          0         68   use_no_semi.o
         2          0          0          0          0         68   use_no_semi_2.o

    ----------------------------------------------------------------------
       538         32          0          0        100       1040   Library Totals
         8          0          0          0          4          0   (incl. Padding)

    ----------------------------------------------------------------------

      Code (inc. data)   RO Data    RW Data    ZI Data      Debug   Library Name

       516         32          0          0         96        964   c_w.l
        14          0          0          0          0         76   fz_ws.l

    ----------------------------------------------------------------------
       538         32          0          0        100       1040   Library Totals

    ----------------------------------------------------------------------

==============================================================================


      Code (inc. data)   RO Data    RW Data    ZI Data      Debug   

     30318       1320        498        132       6188     394520   Grand Totals
     30318       1320        498        132       6188     394520   ELF Image Totals
     30318       1320        498        132          0          0   ROM Totals

==============================================================================

    Total RO  Size (Code + RO Data)                30816 (  30.09kB)
    Total RW  Size (RW Data + ZI Data)              6320 (   6.17kB)
    Total ROM Size (Code + RO Data + RW Data)      30948 (  30.22kB)

==============================================================================

