Archive member included to satisfy reference by file (symbol)

c:/program files (x86)/gnu tools arm embedded/7 2018-q2-update/bin/../lib/gcc/arm-none-eabi/7.3.1/thumb/v7-m\libgcc.a(_arm_addsubdf3.o)
                              ./src/Timer.o (__aeabi_dsub)
c:/program files (x86)/gnu tools arm embedded/7 2018-q2-update/bin/../lib/gcc/arm-none-eabi/7.3.1/thumb/v7-m\libgcc.a(_arm_muldivdf3.o)
                              ./src/Timer.o (__aeabi_dmul)
c:/program files (x86)/gnu tools arm embedded/7 2018-q2-update/bin/../lib/gcc/arm-none-eabi/7.3.1/thumb/v7-m\libgcc.a(_arm_cmpdf2.o)
                              ./src/Timer.o (__aeabi_dcmpeq)
c:/program files (x86)/gnu tools arm embedded/7 2018-q2-update/bin/../lib/gcc/arm-none-eabi/7.3.1/thumb/v7-m\libgcc.a(_arm_truncdfsf2.o)
                              ./src/Timer.o (__aeabi_d2f)
c:/program files (x86)/gnu tools arm embedded/7 2018-q2-update/bin/../lib/gcc/arm-none-eabi/7.3.1/thumb/v7-m\libgcc.a(_arm_addsubsf3.o)
                              ./src/Timer.o (__aeabi_fsub)
c:/program files (x86)/gnu tools arm embedded/7 2018-q2-update/bin/../lib/gcc/arm-none-eabi/7.3.1/thumb/v7-m\libgcc.a(_arm_muldivsf3.o)
                              ./src/Timer.o (__aeabi_fmul)
c:/program files (x86)/gnu tools arm embedded/7 2018-q2-update/bin/../lib/gcc/arm-none-eabi/7.3.1/thumb/v7-m\libgcc.a(_arm_cmpsf2.o)
                              ./src/Timer.o (__aeabi_fcmplt)
c:/program files (x86)/gnu tools arm embedded/7 2018-q2-update/bin/../lib/gcc/arm-none-eabi/7.3.1/thumb/v7-m\libgcc.a(_arm_fixsfsi.o)
                              ./src/Timer.o (__aeabi_f2iz)
c:/program files (x86)/gnu tools arm embedded/7 2018-q2-update/bin/../lib/gcc/arm-none-eabi/7.3.1/../../../../arm-none-eabi/lib/thumb/v7-m\libg_nano.a(lib_a-atof.o)
                              ./src/main.o (atof)
c:/program files (x86)/gnu tools arm embedded/7 2018-q2-update/bin/../lib/gcc/arm-none-eabi/7.3.1/../../../../arm-none-eabi/lib/thumb/v7-m\libg_nano.a(lib_a-atoi.o)
                              ./src/main.o (atoi)
c:/program files (x86)/gnu tools arm embedded/7 2018-q2-update/bin/../lib/gcc/arm-none-eabi/7.3.1/../../../../arm-none-eabi/lib/thumb/v7-m\libg_nano.a(lib_a-errno.o)
                              ./system/src/system/_sbrk.o (__errno)
c:/program files (x86)/gnu tools arm embedded/7 2018-q2-update/bin/../lib/gcc/arm-none-eabi/7.3.1/../../../../arm-none-eabi/lib/thumb/v7-m\libg_nano.a(lib_a-impure.o)
                              c:/program files (x86)/gnu tools arm embedded/7 2018-q2-update/bin/../lib/gcc/arm-none-eabi/7.3.1/../../../../arm-none-eabi/lib/thumb/v7-m\libg_nano.a(lib_a-errno.o) (_impure_ptr)
c:/program files (x86)/gnu tools arm embedded/7 2018-q2-update/bin/../lib/gcc/arm-none-eabi/7.3.1/../../../../arm-none-eabi/lib/thumb/v7-m\libg_nano.a(lib_a-memcpy-stub.o)
                              ./src/Timer.o (memcpy)
c:/program files (x86)/gnu tools arm embedded/7 2018-q2-update/bin/../lib/gcc/arm-none-eabi/7.3.1/../../../../arm-none-eabi/lib/thumb/v7-m\libg_nano.a(lib_a-nano-vfprintf_float.o)
                              (_printf_float)
c:/program files (x86)/gnu tools arm embedded/7 2018-q2-update/bin/../lib/gcc/arm-none-eabi/7.3.1/../../../../arm-none-eabi/lib/thumb/v7-m\libg_nano.a(lib_a-nano-vfprintf_i.o)
                              c:/program files (x86)/gnu tools arm embedded/7 2018-q2-update/bin/../lib/gcc/arm-none-eabi/7.3.1/../../../../arm-none-eabi/lib/thumb/v7-m\libg_nano.a(lib_a-nano-vfprintf_float.o) (_printf_common)
c:/program files (x86)/gnu tools arm embedded/7 2018-q2-update/bin/../lib/gcc/arm-none-eabi/7.3.1/../../../../arm-none-eabi/lib/thumb/v7-m\libg_nano.a(lib_a-sprintf.o)
                              ./src/main.o (sprintf)
c:/program files (x86)/gnu tools arm embedded/7 2018-q2-update/bin/../lib/gcc/arm-none-eabi/7.3.1/../../../../arm-none-eabi/lib/thumb/v7-m\libg_nano.a(lib_a-strcpy.o)
                              ./src/Timer.o (strcpy)
c:/program files (x86)/gnu tools arm embedded/7 2018-q2-update/bin/../lib/gcc/arm-none-eabi/7.3.1/../../../../arm-none-eabi/lib/thumb/v7-m\libg_nano.a(lib_a-strlen.o)
                              ./src/Timer.o (strlen)
c:/program files (x86)/gnu tools arm embedded/7 2018-q2-update/bin/../lib/gcc/arm-none-eabi/7.3.1/../../../../arm-none-eabi/lib/thumb/v7-m\libg_nano.a(lib_a-strncmp.o)
                              ./src/Timer.o (strncmp)
c:/program files (x86)/gnu tools arm embedded/7 2018-q2-update/bin/../lib/gcc/arm-none-eabi/7.3.1/../../../../arm-none-eabi/lib/thumb/v7-m\libg_nano.a(lib_a-strrchr.o)
                              ./src/main.o (strrchr)
c:/program files (x86)/gnu tools arm embedded/7 2018-q2-update/bin/../lib/gcc/arm-none-eabi/7.3.1/../../../../arm-none-eabi/lib/thumb/v7-m\libg_nano.a(lib_a-strtod.o)
[...]
Memory Configuration

Name             Origin             Length             Attributes
RAM              0x20000000         0x00005000         xrw
CCMRAM           0x00000000         0x00000000         xrw
FLASH            0x08000000         0x00010000         xr
FLASHB1          0x00000000         0x00000000         xr
EXTMEMB0         0x00000000         0x00000000         xr
EXTMEMB1         0x00000000         0x00000000         xr
EXTMEMB2         0x00000000         0x00000000         xr
EXTMEMB3         0x00000000         0x00000000         xr
MEMORY_ARRAY     0x00000000         0x00000000         xrw
*default*        0x00000000         0xffffffff

Linker script and memory map

LOAD ./system/src/system/_cxx.o
LOAD ./system/src/system/_exit.o
LOAD ./system/src/system/_sbrk.o
LOAD ./system/src/system/_startup.o
LOAD ./system/src/system/_syscalls.o
LOAD ./system/src/system/assert.o
LOAD ./system/src/system/system_stm32f10x.o
LOAD ./system/src/system/vectors_stm32f10x.o
LOAD ./system/src/stm32f1-stdperiph/misc.o
LOAD ./system/src/stm32f1-stdperiph/stm32f10x_adc.o
LOAD ./system/src/stm32f1-stdperiph/stm32f10x_dma.o
LOAD ./system/src/stm32f1-stdperiph/stm32f10x_flash.o
LOAD ./system/src/stm32f1-stdperiph/stm32f10x_gpio.o
LOAD ./system/src/stm32f1-stdperiph/stm32f10x_i2c.o
LOAD ./system/src/stm32f1-stdperiph/stm32f10x_iwdg.o
LOAD ./system/src/stm32f1-stdperiph/stm32f10x_rcc.o
LOAD ./system/src/stm32f1-stdperiph/stm32f10x_tim.o
LOAD ./system/src/diag/Trace.o
LOAD ./system/src/diag/trace_impl.o
LOAD ./system/src/cortexm/_initialize_hardware.o
LOAD ./system/src/cortexm/_reset_hardware.o
LOAD ./system/src/cortexm/exception_handlers.o
LOAD ./src/Timer.o
LOAD ./src/main.o
LOAD c:/program files (x86)/gnu tools arm embedded/7 2018-q2-update/bin/../lib/gcc/arm-none-eabi/7.3.1/../../../../arm-none-eabi/lib/thumb/v7-m\libstdc++_nano.a
LOAD c:/program files (x86)/gnu tools arm embedded/7 2018-q2-update/bin/../lib/gcc/arm-none-eabi/7.3.1/../../../../arm-none-eabi/lib/thumb/v7-m\libm.a
START GROUP
LOAD c:/program files (x86)/gnu tools arm embedded/7 2018-q2-update/bin/../lib/gcc/arm-none-eabi/7.3.1/thumb/v7-m\libgcc.a
LOAD c:/program files (x86)/gnu tools arm embedded/7 2018-q2-update/bin/../lib/gcc/arm-none-eabi/7.3.1/../../../../arm-none-eabi/lib/thumb/v7-m\libg_nano.a
LOAD c:/program files (x86)/gnu tools arm embedded/7 2018-q2-update/bin/../lib/gcc/arm-none-eabi/7.3.1/../../../../arm-none-eabi/lib/thumb/v7-m\libc_nano.a
END GROUP
START GROUP
LOAD c:/program files (x86)/gnu tools arm embedded/7 2018-q2-update/bin/../lib/gcc/arm-none-eabi/7.3.1/thumb/v7-m\libgcc.a
LOAD c:/program files (x86)/gnu tools arm embedded/7 2018-q2-update/bin/../lib/gcc/arm-none-eabi/7.3.1/../../../../arm-none-eabi/lib/thumb/v7-m\libc_nano.a
END GROUP
                0x20005000                __stack = (ORIGIN (RAM) + LENGTH (RAM))
                0x20005000                _estack = __stack
                0x00000400                __Main_Stack_Size = 0x400
                [!provide]                PROVIDE (_Main_Stack_Size = __Main_Stack_Size)
                0x20004c00                __Main_Stack_Limit = (__stack - __Main_Stack_Size)
                [!provide]                PROVIDE (_Main_Stack_Limit = __Main_Stack_Limit)
                0x00000100                _Minimum_Stack_Size = 0x100
                0x20000580                PROVIDE (_Heap_Begin = _end_noinit)
                0x20004c00                PROVIDE (_Heap_Limit = (__stack - __Main_Stack_Size))

.isr_vector     0x08000000      0x294
 FILL mask 0xff
                0x08000000                __vectors_start = ABSOLUTE (.)
                0x08000000                __vectors_start__ = ABSOLUTE (.)
 *(.isr_vector)
 .isr_vector    0x08000000      0x10c ./system/src/system/vectors_stm32f10x.o
                0x08000000                __isr_vectors
 *(.cfmconfig)
 *(.after_vectors .after_vectors.*)
 .after_vectors
                0x0800010c      0x114 ./system/src/system/_startup.o
                0x0800010c                _start
 .after_vectors
                0x08000220        0x4 ./system/src/system/vectors_stm32f10x.o
                0x08000220                EXTI2_IRQHandler
                0x08000220                TIM8_TRG_COM_IRQHandler
                0x08000220                TIM8_CC_IRQHandler
                0x08000220                TIM1_CC_IRQHandler
                0x08000220                TIM6_IRQHandler
                0x08000220                PVD_IRQHandler
                0x08000220                SDIO_IRQHandler
                0x08000220                CAN2_RX1_IRQHandler
                0x08000220                EXTI3_IRQHandler
                0x08000220                TIM8_TRG_COM_TIM14_IRQHandler
                0x08000220                TIM1_UP_TIM10_IRQHandler
                0x08000220                TIM8_UP_TIM13_IRQHandler
                0x08000220                EXTI0_IRQHandler
                0x08000220                CAN1_RX0_IRQHandler
                0x08000220                TIM1_UP_TIM16_IRQHandler
                0x08000220                CAN2_SCE_IRQHandler
                0x08000220                ADC1_2_IRQHandler
                0x08000220                SPI1_IRQHandler
                0x08000220                TAMPER_IRQHandler
                0x08000220                TIM6_DAC_IRQHandler
                0x08000220                TIM1_BRK_TIM9_IRQHandler
                0x08000220                CAN2_RX0_IRQHandler
                0x08000220                TIM8_UP_IRQHandler
                0x08000220                DMA2_Channel2_IRQHandler
                0x08000220                DMA1_Channel4_IRQHandler
                0x08000220                USART3_IRQHandler
                0x08000220                RTC_IRQHandler
                0x08000220                DMA1_Channel7_IRQHandler
                0x08000220                CAN1_RX1_IRQHandler
                0x08000220                UART5_IRQHandler
                0x08000220                ADC3_IRQHandler
                0x08000220                TIM4_IRQHandler
                0x08000220                DMA2_Channel1_IRQHandler
                0x08000220                I2C1_EV_IRQHandler
                0x08000220                DMA1_Channel6_IRQHandler
                0x08000220                UART4_IRQHandler
                0x08000220                DMA2_Channel4_IRQHandler
                0x08000220                TIM3_IRQHandler
                0x08000220                RCC_IRQHandler
                0x08000220                TIM8_BRK_TIM12_IRQHandler
                0x08000220                TIM1_TRG_COM_IRQHandler
                0x08000220                DMA1_Channel1_IRQHandler
                0x08000220                Default_Handler
                0x08000220                CEC_IRQHandler
                0x08000220                EXTI15_10_IRQHandler
                0x08000220                TIM14_IRQHandler
                0x08000220                TIM13_IRQHandler
                0x08000220                TIM12_IRQHandler
                0x08000220                TIM7_IRQHandler
                0x08000220                CAN2_TX_IRQHandler
                0x08000220                TIM5_IRQHandler
                0x08000220                EXTI9_5_IRQHandler
                0x08000220                ETH_WKUP_IRQHandler
                0x08000220                SPI2_IRQHandler
                0x08000220                CAN1_TX_IRQHandler
                0x08000220                DMA2_Channel5_IRQHandler
                0x08000220                DMA1_Channel5_IRQHandler
                0x08000220                EXTI4_IRQHandler
                0x08000220                USB_LP_CAN1_RX0_IRQHandler
                0x08000220                TIM1_TRG_COM_TIM17_IRQHandler
                0x08000220                USB_HP_CAN1_TX_IRQHandler
                0x08000220                DMA1_Channel3_IRQHandler
                0x08000220                FSMC_IRQHandler
                0x08000220                ETH_IRQHandler
                0x08000220                TIM1_UP_IRQHandler
                0x08000220                WWDG_IRQHandler
                0x08000220                OTG_FS_WKUP_IRQHandler
                0x08000220                TIM1_TRG_COM_TIM11_IRQHandler
                0x08000220                TIM1_BRK_IRQHandler
                0x08000220                EXTI1_IRQHandler
                0x08000220                RTCAlarm_IRQHandler
                0x08000220                DMA2_Channel4_5_IRQHandler
                0x08000220                USART2_IRQHandler
                0x08000220                DMA1_Channel2_IRQHandler
                0x08000220                TIM8_BRK_IRQHandler
                0x08000220                CAN1_SCE_IRQHandler
                0x08000220                FLASH_IRQHandler
                0x08000220                USART1_IRQHandler
                0x08000220                OTG_FS_IRQHandler
                0x08000220                SPI3_IRQHandler
                0x08000220                I2C1_ER_IRQHandler
                0x08000220                USBWakeUp_IRQHandler
                0x08000220                DMA2_Channel3_IRQHandler
                0x08000220                TIM1_BRK_TIM15_IRQHandler
 .after_vectors
                0x08000224       0x70 ./system/src/cortexm/exception_handlers.o
                0x08000224                Reset_Handler
                0x0800022a                NMI_Handler
                0x0800022e                HardFault_Handler
                0x08000242                HardFault_Handler_C
                0x08000246                MemManage_Handler
                0x0800024a                BusFault_Handler
                0x0800025e                BusFault_Handler_C
                0x08000262                UsageFault_Handler
                0x08000276                UsageFault_Handler_C
                0x0800027a                SVC_Handler
                0x0800027e                DebugMon_Handler
                0x08000282                PendSV_Handler

.inits          0x08000294       0x28
                0x08000294                __data_regions_array_start = .
                0x08000294        0x4 LONG 0x8008988 LOADADDR (.data)
                0x08000298        0x4 LONG 0x20000000 ADDR (.data)
                0x0800029c        0x4 LONG 0x2000021c (ADDR (.data) + SIZEOF (.data))
                0x080002a0        0x4 LONG 0x8008988 LOADADDR (.data_CCMRAM)
                0x080002a4        0x4 LONG 0x0 ADDR (.data_CCMRAM)
                0x080002a8        0x4 LONG 0x0 (ADDR (.data_CCMRAM) + SIZEOF (.data_CCMRAM))
                0x080002ac                __data_regions_array_end = .
                0x080002ac                __bss_regions_array_start = .
                0x080002ac        0x4 LONG 0x2000021c ADDR (.bss)
                0x080002b0        0x4 LONG 0x20000580 (ADDR (.bss) + SIZEOF (.bss))
                0x080002b4        0x4 LONG 0x0 ADDR (.bss_CCMRAM)
                0x080002b8        0x4 LONG 0x0 (ADDR (.bss_CCMRAM) + SIZEOF (.bss_CCMRAM))
                0x080002bc                __bss_regions_array_end = .
 *(.init)
 *(.fini)
                0x080002bc                . = ALIGN (0x4)
                0x080002bc                PROVIDE (__preinit_array_start = .)
 *(.preinit_array_sysinit .preinit_array_sysinit.*)
 *(.preinit_array_platform .preinit_array_platform.*)
 *(.preinit_array .preinit_array.*)
                0x080002bc                PROVIDE (__preinit_array_end = .)
                0x080002bc                . = ALIGN (0x4)
                0x080002bc                PROVIDE (__init_array_start = .)
 *(SORT_BY_NAME(.init_array.*))
 *(.init_array)
                0x080002bc                PROVIDE (__init_array_end = .)
                0x080002bc                . = ALIGN (0x4)
                0x080002bc                PROVIDE (__fini_array_start = .)
 *(SORT_BY_NAME(.fini_array.*))
 *(.fini_array)
                0x080002bc                PROVIDE (__fini_array_end = .)

.flashtext
 *(.flashtext .flashtext.*)

.text           0x080002c0     0x86c6
 *(.text .text.*)
 .text._exit    0x080002c0        0x2 ./system/src/system/_exit.o
                0x080002c0                _exit
 .text.abort    0x080002c2        0x8 ./system/src/system/_exit.o
                0x080002c2                abort
 *fill*         0x080002ca        0x2 
 .text._sbrk    0x080002cc       0x44 ./system/src/system/_sbrk.o
                0x080002cc                _sbrk
 .text.__initialize_args
                0x08000310       0x10 ./system/src/system/_syscalls.o
                0x08000310                __initialize_args
 .text.assert_failed
                0x08000320        0x6 ./system/src/system/assert.o
                0x08000320                assert_failed
 *fill*         0x08000326        0x2 
 .text.SetSysClockTo72
                0x08000328       0xc4 ./system/src/system/system_stm32f10x.o
 .text.SetSysClock
                0x080003ec        0x8 ./system/src/system/system_stm32f10x.o
 .text.SystemInit
                0x080003f4       0x50 ./system/src/system/system_stm32f10x.o
                0x080003f4                SystemInit
 .text.SystemCoreClockUpdate
                0x08000444       0x94 ./system/src/system/system_stm32f10x.o
                0x08000444                SystemCoreClockUpdate
 .text.NVIC_PriorityGroupConfig
                0x080004d8       0x40 ./system/src/stm32f1-stdperiph/misc.o
                0x080004d8                NVIC_PriorityGroupConfig
 .text.NVIC_Init
                0x08000518       0x98 ./system/src/stm32f1-stdperiph/misc.o
                0x08000518                NVIC_Init
 .text.ADC_DeInit
                0x080005b0       0x88 ./system/src/stm32f1-stdperiph/stm32f10x_adc.o
                0x080005b0                ADC_DeInit
 .text.ADC_Init
                0x08000638      0x134 ./system/src/stm32f1-stdperiph/stm32f10x_adc.o
                0x08000638                ADC_Init
 .text.ADC_Cmd  0x0800076c       0x54 ./system/src/stm32f1-stdperiph/stm32f10x_adc.o
                0x0800076c                ADC_Cmd
 .text.ADC_DMACmd
                0x080007c0       0x4c ./system/src/stm32f1-stdperiph/stm32f10x_adc.o
                0x080007c0                ADC_DMACmd
 .text.ADC_ResetCalibration
                0x0800080c       0x38 ./system/src/stm32f1-stdperiph/stm32f10x_adc.o
                0x0800080c                ADC_ResetCalibration
 .text.ADC_GetResetCalibrationStatus
                0x08000844       0x3c ./system/src/stm32f1-stdperiph/stm32f10x_adc.o
                0x08000844                ADC_GetResetCalibrationStatus
 .text.ADC_StartCalibration
                0x08000880       0x38 ./system/src/stm32f1-stdperiph/stm32f10x_adc.o
                0x08000880                ADC_StartCalibration
 .text.ADC_GetCalibrationStatus
                0x080008b8       0x3c ./system/src/stm32f1-stdperiph/stm32f10x_adc.o
                0x080008b8                ADC_GetCalibrationStatus
 .text.ADC_SoftwareStartConvCmd
                0x080008f4       0x54 ./system/src/stm32f1-stdperiph/stm32f10x_adc.o
                0x080008f4                ADC_SoftwareStartConvCmd
 .text.ADC_RegularChannelConfig
                0x08000948       0xf0 ./system/src/stm32f1-stdperiph/stm32f10x_adc.o
                0x08000948                ADC_RegularChannelConfig
 .text.DMA_DeInit
                0x08000a38      0x180 ./system/src/stm32f1-stdperiph/stm32f10x_dma.o
                0x08000a38                DMA_DeInit
 .text.DMA_Init
                0x08000bb8      0x16c ./system/src/stm32f1-stdperiph/stm32f10x_dma.o
                0x08000bb8                DMA_Init
 .text.DMA_Cmd  0x08000d24       0x8c ./system/src/stm32f1-stdperiph/stm32f10x_dma.o
                0x08000d24                DMA_Cmd
 .text.GPIO_Init
                0x08000db0      0x134 ./system/src/stm32f1-stdperiph/stm32f10x_gpio.o
                0x08000db0                GPIO_Init
 .text.GPIO_ReadInputDataBit
                0x08000ee4       0xb8 ./system/src/stm32f1-stdperiph/stm32f10x_gpio.o
                0x08000ee4                GPIO_ReadInputDataBit
 .text.GPIO_SetBits
                0x08000f9c       0x60 ./system/src/stm32f1-stdperiph/stm32f10x_gpio.o
                0x08000f9c                GPIO_SetBits
 .text.GPIO_ResetBits
                0x08000ffc       0x60 ./system/src/stm32f1-stdperiph/stm32f10x_gpio.o
                0x08000ffc                GPIO_ResetBits
 .text.GPIO_PinRemapConfig
                0x0800105c      0x1d4 ./system/src/stm32f1-stdperiph/stm32f10x_gpio.o
                0x0800105c                GPIO_PinRemapConfig
 .text.I2C_DeInit
                0x08001230       0x54 ./system/src/stm32f1-stdperiph/stm32f10x_i2c.o
                0x08001230                I2C_DeInit
 .text.I2C_Init
                0x08001284      0x178 ./system/src/stm32f1-stdperiph/stm32f10x_i2c.o
                0x08001284                I2C_Init
 .text.I2C_Cmd  0x080013fc       0x50 ./system/src/stm32f1-stdperiph/stm32f10x_i2c.o
                0x080013fc                I2C_Cmd
 .text.I2C_ITConfig
                0x0800144c       0x60 ./system/src/stm32f1-stdperiph/stm32f10x_i2c.o
                0x0800144c                I2C_ITConfig
 .text.I2C_SendData
                0x080014ac       0x2c ./system/src/stm32f1-stdperiph/stm32f10x_i2c.o
                0x080014ac                I2C_SendData
 .text.I2C_ReceiveData
                0x080014d8       0x2c ./system/src/stm32f1-stdperiph/stm32f10x_i2c.o
                0x080014d8                I2C_ReceiveData
 .text.I2C_GetLastEvent
                0x08001504       0x34 ./system/src/stm32f1-stdperiph/stm32f10x_i2c.o
                0x08001504                I2C_GetLastEvent
 .text.I2C_GetITStatus
                0x08001538       0xbc ./system/src/stm32f1-stdperiph/stm32f10x_i2c.o
                0x08001538                I2C_GetITStatus
 .text.I2C_ClearITPendingBit
                0x080015f4       0x48 ./system/src/stm32f1-stdperiph/stm32f10x_i2c.o
                0x080015f4                I2C_ClearITPendingBit
 .text.IWDG_WriteAccessCmd
                0x0800163c       0x28 ./system/src/stm32f1-stdperiph/stm32f10x_iwdg.o
                0x0800163c                IWDG_WriteAccessCmd
 .text.IWDG_SetPrescaler
                0x08001664       0x20 ./system/src/stm32f1-stdperiph/stm32f10x_iwdg.o
                0x08001664                IWDG_SetPrescaler
 .text.IWDG_SetReload
                0x08001684       0x24 ./system/src/stm32f1-stdperiph/stm32f10x_iwdg.o
                0x08001684                IWDG_SetReload
 .text.IWDG_ReloadCounter
                0x080016a8       0x10 ./system/src/stm32f1-stdperiph/stm32f10x_iwdg.o
                0x080016a8                IWDG_ReloadCounter
 .text.IWDG_Enable
                0x080016b8       0x10 ./system/src/stm32f1-stdperiph/stm32f10x_iwdg.o
                0x080016b8                IWDG_Enable
 .text.RCC_ADCCLKConfig
                0x080016c8       0x38 ./system/src/stm32f1-stdperiph/stm32f10x_rcc.o
                0x080016c8                RCC_ADCCLKConfig
 .text.RCC_GetClocksFreq
                0x08001700       0xbc ./system/src/stm32f1-stdperiph/stm32f10x_rcc.o
                0x08001700                RCC_GetClocksFreq
 .text.RCC_AHBPeriphClockCmd
                0x080017bc       0x4c ./system/src/stm32f1-stdperiph/stm32f10x_rcc.o
                0x080017bc                RCC_AHBPeriphClockCmd
 .text.RCC_APB2PeriphClockCmd
                0x08001808       0x4c ./system/src/stm32f1-stdperiph/stm32f10x_rcc.o
                0x08001808                RCC_APB2PeriphClockCmd
 .text.RCC_APB1PeriphClockCmd
                0x08001854       0x4c ./system/src/stm32f1-stdperiph/stm32f10x_rcc.o
                0x08001854                RCC_APB1PeriphClockCmd
 .text.RCC_APB2PeriphResetCmd
                0x080018a0       0x4c ./system/src/stm32f1-stdperiph/stm32f10x_rcc.o
                0x080018a0                RCC_APB2PeriphResetCmd
 .text.RCC_APB1PeriphResetCmd
                0x080018ec       0x4c ./system/src/stm32f1-stdperiph/stm32f10x_rcc.o
                0x080018ec                RCC_APB1PeriphResetCmd
 .text.TIM_DeInit
                0x08001938      0x29c ./system/src/stm32f1-stdperiph/stm32f10x_tim.o
                0x08001938                TIM_DeInit
 .text.TIM_TimeBaseInit
                0x08001bd4      0x160 ./system/src/stm32f1-stdperiph/stm32f10x_tim.o
                0x08001bd4                TIM_TimeBaseInit
 .text.TIM_OC4Init
                0x08001d34      0x110 ./system/src/stm32f1-stdperiph/stm32f10x_tim.o
                0x08001d34                TIM_OC4Init
 .text.TIM_OCStructInit
                0x08001e44       0x14 ./system/src/stm32f1-stdperiph/stm32f10x_tim.o
                0x08001e44                TIM_OCStructInit
 .text.TIM_Cmd  0x08001e58       0xc8 ./system/src/stm32f1-stdperiph/stm32f10x_tim.o
                0x08001e58                TIM_Cmd
 .text.TIM_CtrlPWMOutputs
                0x08001f20       0x6c ./system/src/stm32f1-stdperiph/stm32f10x_tim.o
                0x08001f20                TIM_CtrlPWMOutputs
 .text.TIM_ITConfig
                0x08001f8c       0xd4 ./system/src/stm32f1-stdperiph/stm32f10x_tim.o
                0x08001f8c                TIM_ITConfig
 .text.TIM_InternalClockConfig
                0x08002060       0x68 ./system/src/stm32f1-stdperiph/stm32f10x_tim.o
                0x08002060                TIM_InternalClockConfig
 .text.TIM_ARRPreloadConfig
                0x080020c8       0xc8 ./system/src/stm32f1-stdperiph/stm32f10x_tim.o
                0x080020c8                TIM_ARRPreloadConfig
 .text.TIM_OC4PreloadConfig
                0x08002190       0x68 ./system/src/stm32f1-stdperiph/stm32f10x_tim.o
                0x08002190                TIM_OC4PreloadConfig
 .text.TIM_SetCompare4
                0x080021f8       0x4c ./system/src/stm32f1-stdperiph/stm32f10x_tim.o
                0x080021f8                TIM_SetCompare4
 .text.TIM_ClearFlag
                0x08002244       0xb8 ./system/src/stm32f1-stdperiph/stm32f10x_tim.o
                0x08002244                TIM_ClearFlag
 .text.TIM_GetITStatus
                0x080022fc       0xe0 ./system/src/stm32f1-stdperiph/stm32f10x_tim.o
                0x080022fc                TIM_GetITStatus
 .text.TIM_ClearITPendingBit
                0x080023dc       0xb8 ./system/src/stm32f1-stdperiph/stm32f10x_tim.o
                0x080023dc                TIM_ClearITPendingBit
 .text.__initialize_hardware_early
                0x08002494       0x18 ./system/src/cortexm/_initialize_hardware.o
                0x08002494                __initialize_hardware_early
 .text.__initialize_hardware
                0x080024ac        0x8 ./system/src/cortexm/_initialize_hardware.o
                0x080024ac                __initialize_hardware
 .text.timer_tick
                0x080024b4       0x14 ./src/Timer.o
                0x080024b4                timer_tick
 .text.SysTick_Handler
                0x080024c8        0x8 ./src/Timer.o
                0x080024c8                SysTick_Handler
 .text.Get_Temperature
                0x080024d0       0xe0 ./src/Timer.o
                0x080024d0                Get_Temperature
 .text.ADC_Mode_Config
                0x080025b0      0x190 ./src/Timer.o
                0x080025b0                ADC_Mode_Config
 .text.Pid_init
                0x08002740       0x44 ./src/Timer.o
                0x08002740                Pid_init
 .text.parse_string
                0x08002784       0xce ./src/Timer.o
                0x08002784                parse_string
 *fill*         0x08002852        0x6 
 .text.get_pid_output
                0x08002858      0x1dc ./src/Timer.o
                0x08002858                get_pid_output
 .text.pid_calc
                0x08002a34       0xd8 ./src/Timer.o
                0x08002a34                pid_calc
 .text.TIM_GPIO_Config
                0x08002b0c       0x34 ./src/main.o
 .text.ADC_GPIO_Config
                0x08002b40       0x48 ./src/main.o
 .text.millis   0x08002b88        0xc ./src/main.o
                0x08002b88                millis
 .text.NVIC_Configuration
                0x08002b94       0x24 ./src/main.o
                0x08002b94                NVIC_Configuration
 .text.IIC_Init
                0x08002bb8       0xac ./src/main.o
                0x08002bb8                IIC_Init
 .text.I2C2_ER_IRQHandler
                0x08002c64       0x38 ./src/main.o
                0x08002c64                I2C2_ER_IRQHandler
 .text.Servo_Timer_Config
                0x08002c9c       0x8c ./src/main.o
                0x08002c9c                Servo_Timer_Config
 .text.write_pwm
                0x08002d28       0x10 ./src/main.o
                0x08002d28                write_pwm
 .text.I2C_TX_checksum
                0x08002d38       0x2c ./src/main.o
                0x08002d38                I2C_TX_checksum
 .text.cmd_pase
                0x08002d64      0x420 ./src/main.o
                0x08002d64                cmd_pase
 .text.receing_data
                0x08003184       0x90 ./src/main.o
                0x08003184                receing_data
 .text.I2C2_EV_IRQHandler
                0x08003214       0xc4 ./src/main.o
                0x08003214                I2C2_EV_IRQHandler
 .text.delay    0x080032d8        0x6 ./src/main.o
                0x080032d8                delay
 *fill*         0x080032de        0x2 
 .text.TIM2_IRQHandler
                0x080032e0      0x2a8 ./src/main.o
                0x080032e0                TIM2_IRQHandler
 .text.heat_pin_init
                0x08003588       0xa0 ./src/main.o
                0x08003588                heat_pin_init
 .text.swd_gpio_init
                0x08003628       0x4c ./src/main.o
                0x08003628                swd_gpio_init
 .text.watch_dog_init
                0x08003674       0x22 ./src/main.o
                0x08003674                watch_dog_init
 .text.watchdog_reset
                0x08003696        0x8 ./src/main.o
                0x08003696                watchdog_reset
 *fill*         0x0800369e        0x2 
 .text.PID_autotune
                0x080036a0      0x30c ./src/main.o
                0x080036a0                PID_autotune
 .text.main     0x080039ac       0xa4 ./src/main.o
                0x080039ac                main
 .text          0x08003a50      0x378 c:/program files (x86)/gnu tools arm embedded/7 2018-q2-update/bin/../lib/gcc/arm-none-eabi/7.3.1/thumb/v7-m\libgcc.a(_arm_addsubdf3.o)
                0x08003a50                __aeabi_drsub
                0x08003a58                __aeabi_dsub
                0x08003a58                __subdf3
                0x08003a5c                __aeabi_dadd
                0x08003a5c                __adddf3
                0x08003cd4                __floatunsidf
                0x08003cd4                __aeabi_ui2d
                0x08003cf4                __floatsidf
                0x08003cf4                __aeabi_i2d
                0x08003d18                __aeabi_f2d
                0x08003d18                __extendsfdf2
                0x08003d5c                __floatundidf
                0x08003d5c                __aeabi_ul2d
                0x08003d6c                __floatdidf
                0x08003d6c                __aeabi_l2d
 .text          0x08003dc8      0x424 c:/program files (x86)/gnu tools arm embedded/7 2018-q2-update/bin/../lib/gcc/arm-none-eabi/7.3.1/thumb/v7-m\libgcc.a(_arm_muldivdf3.o)
                0x08003dc8                __aeabi_dmul
                0x08003dc8                __muldf3
                0x0800401c                __divdf3
                0x0800401c                __aeabi_ddiv
 .text          0x080041ec      0x110 c:/program files (x86)/gnu tools arm embedded/7 2018-q2-update/bin/../lib/gcc/arm-none-eabi/7.3.1/thumb/v7-m\libgcc.a(_arm_cmpdf2.o)
                0x080041ec                __gtdf2
                0x080041ec                __gedf2
                0x080041f4                __ltdf2
                0x080041f4                __ledf2
                0x080041fc                __nedf2
                0x080041fc                __eqdf2
                0x080041fc                __cmpdf2
                0x08004278                __aeabi_cdrcmple
                0x08004288                __aeabi_cdcmpeq
                0x08004288                __aeabi_cdcmple
                0x08004298                __aeabi_dcmpeq
                0x080042ac                __aeabi_dcmplt
                0x080042c0                __aeabi_dcmple
                0x080042d4                __aeabi_dcmpge
                0x080042e8                __aeabi_dcmpgt
 .text          0x080042fc       0xa0 c:/program files (x86)/gnu tools arm embedded/7 2018-q2-update/bin/../lib/gcc/arm-none-eabi/7.3.1/thumb/v7-m\libgcc.a(_arm_truncdfsf2.o)
                0x080042fc                __truncdfsf2
                0x080042fc                __aeabi_d2f
 .text          0x0800439c      0x21c c:/program files (x86)/gnu tools arm embedded/7 2018-q2-update/bin/../lib/gcc/arm-none-eabi/7.3.1/thumb/v7-m\libgcc.a(_arm_addsubsf3.o)
                0x0800439c                __aeabi_frsub
                0x080043a4                __subsf3
                0x080043a4                __aeabi_fsub
                0x080043a8                __aeabi_fadd
                0x080043a8                __addsf3
                0x08004508                __aeabi_ui2f
                0x08004508                __floatunsisf
                0x08004510                __aeabi_i2f
                0x08004510                __floatsisf
                0x0800452c                __aeabi_ul2f
                0x0800452c                __floatundisf
                0x0800453c                __aeabi_l2f
                0x0800453c                __floatdisf
 .text          0x080045b8      0x2a0 c:/program files (x86)/gnu tools arm embedded/7 2018-q2-update/bin/../lib/gcc/arm-none-eabi/7.3.1/thumb/v7-m\libgcc.a(_arm_muldivsf3.o)
                0x080045b8                __mulsf3
                0x080045b8                __aeabi_fmul
                0x08004720                __aeabi_fdiv
                0x08004720                __divsf3
 .text          0x08004858       0xec c:/program files (x86)/gnu tools arm embedded/7 2018-q2-update/bin/../lib/gcc/arm-none-eabi/7.3.1/thumb/v7-m\libgcc.a(_arm_cmpsf2.o)
                0x08004858                __gesf2
                0x08004858                __gtsf2
                0x08004860                __lesf2
                0x08004860                __ltsf2
                0x08004868                __nesf2
                0x08004868                __eqsf2
                0x08004868                __cmpsf2
                0x080048c8                __aeabi_cfrcmple
                0x080048d0                __aeabi_cfcmpeq
                0x080048d0                __aeabi_cfcmple
                0x080048e0                __aeabi_fcmpeq
                0x080048f4                __aeabi_fcmplt
                0x08004908                __aeabi_fcmple
                0x0800491c                __aeabi_fcmpge
                0x08004930                __aeabi_fcmpgt
 .text          0x08004944       0x4c c:/program files (x86)/gnu tools arm embedded/7 2018-q2-update/bin/../lib/gcc/arm-none-eabi/7.3.1/thumb/v7-m\libgcc.a(_arm_fixsfsi.o)
                0x08004944                __aeabi_f2iz
                0x08004944                __fixsfsi
 .text.atof     0x08004990        0x6 c:/program files (x86)/gnu tools arm embedded/7 2018-q2-update/bin/../lib/gcc/arm-none-eabi/7.3.1/../../../../arm-none-eabi/lib/thumb/v7-m\libg_nano.a(lib_a-atof.o)
                0x08004990                atof
 .text.atoi     0x08004996        0x8 c:/program files (x86)/gnu tools arm embedded/7 2018-q2-update/bin/../lib/gcc/arm-none-eabi/7.3.1/../../../../arm-none-eabi/lib/thumb/v7-m\libg_nano.a(lib_a-atoi.o)
                0x08004996                atoi
 *fill*         0x0800499e        0x2 
 .text.__errno  0x080049a0        0xc c:/program files (x86)/gnu tools arm embedded/7 2018-q2-update/bin/../lib/gcc/arm-none-eabi/7.3.1/../../../../arm-none-eabi/lib/thumb/v7-m\libg_nano.a(lib_a-errno.o)
                0x080049a0                __errno
 .text.memcpy   0x080049ac       0x16 c:/program files (x86)/gnu tools arm embedded/7 2018-q2-update/bin/../lib/gcc/arm-none-eabi/7.3.1/../../../../arm-none-eabi/lib/thumb/v7-m\libg_nano.a(lib_a-memcpy-stub.o)
                0x080049ac                memcpy
 .text.__cvt    0x080049c2       0xb8 c:/program files (x86)/gnu tools arm embedded/7 2018-q2-update/bin/../lib/gcc/arm-none-eabi/7.3.1/../../../../arm-none-eabi/lib/thumb/v7-m\libg_nano.a(lib_a-nano-vfprintf_float.o)
                0x080049c2                __cvt
 .text.__exponent
                0x08004a7a       0x6a c:/program files (x86)/gnu tools arm embedded/7 2018-q2-update/bin/../lib/gcc/arm-none-eabi/7.3.1/../../../../arm-none-eabi/lib/thumb/v7-m\libg_nano.a(lib_a-nano-vfprintf_float.o)
                0x08004a7a                __exponent
 .text._printf_float
                0x08004ae4      0x46c c:/program files (x86)/gnu tools arm embedded/7 2018-q2-update/bin/../lib/gcc/arm-none-eabi/7.3.1/../../../../arm-none-eabi/lib/thumb/v7-m\libg_nano.a(lib_a-nano-vfprintf_float.o)
                0x08004ae4                _printf_float
 .text._printf_common
                0x08004f50       0xec c:/program files (x86)/gnu tools arm embedded/7 2018-q2-update/bin/../lib/gcc/arm-none-eabi/7.3.1/../../../../arm-none-eabi/lib/thumb/v7-m\libg_nano.a(lib_a-nano-vfprintf_i.o)
                0x08004f50                _printf_common
 .text._printf_i
                0x0800503c      0x224 c:/program files (x86)/gnu tools arm embedded/7 2018-q2-update/bin/../lib/gcc/arm-none-eabi/7.3.1/../../../../arm-none-eabi/lib/thumb/v7-m\libg_nano.a(lib_a-nano-vfprintf_i.o)
                0x0800503c                _printf_i
 .text.sprintf  0x08005260       0x40 c:/program files (x86)/gnu tools arm embedded/7 2018-q2-update/bin/../lib/gcc/arm-none-eabi/7.3.1/../../../../arm-none-eabi/lib/thumb/v7-m\libg_nano.a(lib_a-sprintf.o)
                0x08005260                siprintf
                0x08005260                sprintf
 .text.strcpy   0x080052a0       0x10 c:/program files (x86)/gnu tools arm embedded/7 2018-q2-update/bin/../lib/gcc/arm-none-eabi/7.3.1/../../../../arm-none-eabi/lib/thumb/v7-m\libg_nano.a(lib_a-strcpy.o)
                0x080052a0                strcpy
 .text          0x080052b0       0x10 c:/program files (x86)/gnu tools arm embedded/7 2018-q2-update/bin/../lib/gcc/arm-none-eabi/7.3.1/../../../../arm-none-eabi/lib/thumb/v7-m\libg_nano.a(lib_a-strlen.o)
                0x080052b0                strlen
 .text.strncmp  0x080052c0       0x24 c:/program files (x86)/gnu tools arm embedded/7 2018-q2-update/bin/../lib/gcc/arm-none-eabi/7.3.1/../../../../arm-none-eabi/lib/thumb/v7-m\libg_nano.a(lib_a-strncmp.o)
                0x080052c0                strncmp
 .text.strrchr  0x080052e4       0x28 c:/program files (x86)/gnu tools arm embedded/7 2018-q2-update/bin/../lib/gcc/arm-none-eabi/7.3.1/../../../../arm-none-eabi/lib/thumb/v7-m\libg_nano.a(lib_a-strrchr.o)
                0x080052e4                strrchr
 .text.unlikely.sulp
                0x0800530c       0x42 c:/program files (x86)/gnu tools arm embedded/7 2018-q2-update/bin/../lib/gcc/arm-none-eabi/7.3.1/../../../../arm-none-eabi/lib/thumb/v7-m\libg_nano.a(lib_a-strtod.o)
 *fill*         0x0800534e        0x2 
 .text._strtod_l
                0x08005350      0xc00 c:/program files (x86)/gnu tools arm embedded/7 2018-q2-update/bin/../lib/gcc/arm-none-eabi/7.3.1/../../../../arm-none-eabi/lib/thumb/v7-m\libg_nano.a(lib_a-strtod.o)
                0x08005350                _strtod_l
 .text.strtod   0x08005f50       0x24 c:/program files (x86)/gnu tools arm embedded/7 2018-q2-update/bin/../lib/gcc/arm-none-eabi/7.3.1/../../../../arm-none-eabi/lib/thumb/v7-m\libg_nano.a(lib_a-strtod.o)
                0x08005f50                strtod
 .text._strtol_l.isra.0
                0x08005f74       0xf6 c:/program files (x86)/gnu tools arm embedded/7 2018-q2-update/bin/../lib/gcc/arm-none-eabi/7.3.1/../../../../arm-none-eabi/lib/thumb/v7-m\libg_nano.a(lib_a-strtol.o)
 *fill*         0x0800606a        0x2 
 .text.strtol   0x0800606c       0x2c c:/program files (x86)/gnu tools arm embedded/7 2018-q2-update/bin/../lib/gcc/arm-none-eabi/7.3.1/../../../../arm-none-eabi/lib/thumb/v7-m\libg_nano.a(lib_a-strtol.o)
                0x0800606c                strtol
 .text.quorem   0x08006098      0x11c c:/program files (x86)/gnu tools arm embedded/7 2018-q2-update/bin/../lib/gcc/arm-none-eabi/7.3.1/../../../../arm-none-eabi/lib/thumb/v7-m\libg_nano.a(lib_a-dtoa.o)
 *fill*         0x080061b4        0x4 
 .text._dtoa_r  0x080061b8      0xb68 c:/program files (x86)/gnu tools arm embedded/7 2018-q2-update/bin/../lib/gcc/arm-none-eabi/7.3.1/../../../../arm-none-eabi/lib/thumb/v7-m\libg_nano.a(lib_a-dtoa.o)
                0x080061b8                _dtoa_r
 .text.rshift   0x08006d20       0x76 c:/program files (x86)/gnu tools arm embedded/7 2018-q2-update/bin/../lib/gcc/arm-none-eabi/7.3.1/../../../../arm-none-eabi/lib/thumb/v7-m\libg_nano.a(lib_a-gdtoa-gethex.o)
 .text.__hexdig_fun
                0x08006d96       0x2a c:/program files (x86)/gnu tools arm embedded/7 2018-q2-update/bin/../lib/gcc/arm-none-eabi/7.3.1/../../../../arm-none-eabi/lib/thumb/v7-m\libg_nano.a(lib_a-gdtoa-gethex.o)
                0x08006d96                __hexdig_fun
 .text.__gethex
                0x08006dc0      0x444 c:/program files (x86)/gnu tools arm embedded/7 2018-q2-update/bin/../lib/gcc/arm-none-eabi/7.3.1/../../../../arm-none-eabi/lib/thumb/v7-m\libg_nano.a(lib_a-gdtoa-gethex.o)
                0x08006dc0                __gethex
 .text.L_shift  0x08007204       0x24 c:/program files (x86)/gnu tools arm embedded/7 2018-q2-update/bin/../lib/gcc/arm-none-eabi/7.3.1/../../../../arm-none-eabi/lib/thumb/v7-m\libg_nano.a(lib_a-gdtoa-hexnan.o)
 .text.__match  0x08007228       0x28 c:/program files (x86)/gnu tools arm embedded/7 2018-q2-update/bin/../lib/gcc/arm-none-eabi/7.3.1/../../../../arm-none-eabi/lib/thumb/v7-m\libg_nano.a(lib_a-gdtoa-hexnan.o)
                0x08007228                __match
 .text.__hexnan
                0x08007250      0x120 c:/program files (x86)/gnu tools arm embedded/7 2018-q2-update/bin/../lib/gcc/arm-none-eabi/7.3.1/../../../../arm-none-eabi/lib/thumb/v7-m\libg_nano.a(lib_a-gdtoa-hexnan.o)
                0x08007250                __hexnan
 .text.__locale_ctype_ptr_l
                0x08007370        0x6 c:/program files (x86)/gnu tools arm embedded/7 2018-q2-update/bin/../lib/gcc/arm-none-eabi/7.3.1/../../../../arm-none-eabi/lib/thumb/v7-m\libg_nano.a(lib_a-locale.o)
                0x08007370                __locale_ctype_ptr_l
 .text.__localeconv_l
                0x08007376        0x4 c:/program files (x86)/gnu tools arm embedded/7 2018-q2-update/bin/../lib/gcc/arm-none-eabi/7.3.1/../../../../arm-none-eabi/lib/thumb/v7-m\libg_nano.a(lib_a-localeconv.o)
                0x08007376                __localeconv_l
 *fill*         0x0800737a        0x2 
 .text._localeconv_r
                0x0800737c       0x1c c:/program files (x86)/gnu tools arm embedded/7 2018-q2-update/bin/../lib/gcc/arm-none-eabi/7.3.1/../../../../arm-none-eabi/lib/thumb/v7-m\libg_nano.a(lib_a-localeconv.o)
                0x0800737c                _localeconv_r
 .text.malloc   0x08007398       0x10 c:/program files (x86)/gnu tools arm embedded/7 2018-q2-update/bin/../lib/gcc/arm-none-eabi/7.3.1/../../../../arm-none-eabi/lib/thumb/v7-m\libg_nano.a(lib_a-malloc.o)
                0x08007398                malloc
 .text.__ascii_mbtowc
                0x080073a8       0x24 c:/program files (x86)/gnu tools arm embedded/7 2018-q2-update/bin/../lib/gcc/arm-none-eabi/7.3.1/../../../../arm-none-eabi/lib/thumb/v7-m\libg_nano.a(lib_a-mbtowc_r.o)
                0x080073a8                __ascii_mbtowc
 .text.memchr   0x080073cc       0x1c c:/program files (x86)/gnu tools arm embedded/7 2018-q2-update/bin/../lib/gcc/arm-none-eabi/7.3.1/../../../../arm-none-eabi/lib/thumb/v7-m\libg_nano.a(lib_a-memchr-stub.o)
                0x080073cc                memchr
 .text._Balloc  0x080073e8       0x68 c:/program files (x86)/gnu tools arm embedded/7 2018-q2-update/bin/../lib/gcc/arm-none-eabi/7.3.1/../../../../arm-none-eabi/lib/thumb/v7-m\libg_nano.a(lib_a-mprec.o)
                0x080073e8                _Balloc
 .text._Bfree   0x08007450       0x2e c:/program files (x86)/gnu tools arm embedded/7 2018-q2-update/bin/../lib/gcc/arm-none-eabi/7.3.1/../../../../arm-none-eabi/lib/thumb/v7-m\libg_nano.a(lib_a-mprec.o)
                0x08007450                _Bfree
 .text.__multadd
                0x0800747e       0x76 c:/program files (x86)/gnu tools arm embedded/7 2018-q2-update/bin/../lib/gcc/arm-none-eabi/7.3.1/../../../../arm-none-eabi/lib/thumb/v7-m\libg_nano.a(lib_a-mprec.o)
                0x0800747e                __multadd
 .text.__s2b    0x080074f4       0x7c c:/program files (x86)/gnu tools arm embedded/7 2018-q2-update/bin/../lib/gcc/arm-none-eabi/7.3.1/../../../../arm-none-eabi/lib/thumb/v7-m\libg_nano.a(lib_a-mprec.o)
                0x080074f4                __s2b
 .text.__hi0bits
                0x08007570       0x3e c:/program files (x86)/gnu tools arm embedded/7 2018-q2-update/bin/../lib/gcc/arm-none-eabi/7.3.1/../../../../arm-none-eabi/lib/thumb/v7-m\libg_nano.a(lib_a-mprec.o)
                0x08007570                __hi0bits
 .text.__lo0bits
                0x080075ae       0x5e c:/program files (x86)/gnu tools arm embedded/7 2018-q2-update/bin/../lib/gcc/arm-none-eabi/7.3.1/../../../../arm-none-eabi/lib/thumb/v7-m\libg_nano.a(lib_a-mprec.o)
                0x080075ae                __lo0bits
 .text.__i2b    0x0800760c       0x12 c:/program files (x86)/gnu tools arm embedded/7 2018-q2-update/bin/../lib/gcc/arm-none-eabi/7.3.1/../../../../arm-none-eabi/lib/thumb/v7-m\libg_nano.a(lib_a-mprec.o)
                0x0800760c                __i2b
 .text.__multiply
                0x0800761e      0x12a c:/program files (x86)/gnu tools arm embedded/7 2018-q2-update/bin/../lib/gcc/arm-none-eabi/7.3.1/../../../../arm-none-eabi/lib/thumb/v7-m\libg_nano.a(lib_a-mprec.o)
                0x0800761e                __multiply
 .text.__pow5mult
                0x08007748       0x9c c:/program files (x86)/gnu tools arm embedded/7 2018-q2-update/bin/../lib/gcc/arm-none-eabi/7.3.1/../../../../arm-none-eabi/lib/thumb/v7-m\libg_nano.a(lib_a-mprec.o)
                0x08007748                __pow5mult
 .text.__lshift
                0x080077e4       0xa8 c:/program files (x86)/gnu tools arm embedded/7 2018-q2-update/bin/../lib/gcc/arm-none-eabi/7.3.1/../../../../arm-none-eabi/lib/thumb/v7-m\libg_nano.a(lib_a-mprec.o)
                0x080077e4                __lshift
 .text.__mcmp   0x0800788c       0x34 c:/program files (x86)/gnu tools arm embedded/7 2018-q2-update/bin/../lib/gcc/arm-none-eabi/7.3.1/../../../../arm-none-eabi/lib/thumb/v7-m\libg_nano.a(lib_a-mprec.o)
                0x0800788c                __mcmp
 .text.__mdiff  0x080078c0       0xbc c:/program files (x86)/gnu tools arm embedded/7 2018-q2-update/bin/../lib/gcc/arm-none-eabi/7.3.1/../../../../arm-none-eabi/lib/thumb/v7-m\libg_nano.a(lib_a-mprec.o)
                0x080078c0                __mdiff
 .text.__ulp    0x0800797c       0x48 c:/program files (x86)/gnu tools arm embedded/7 2018-q2-update/bin/../lib/gcc/arm-none-eabi/7.3.1/../../../../arm-none-eabi/lib/thumb/v7-m\libg_nano.a(lib_a-mprec.o)
                0x0800797c                __ulp
 .text.__b2d    0x080079c4       0xa4 c:/program files (x86)/gnu tools arm embedded/7 2018-q2-update/bin/../lib/gcc/arm-none-eabi/7.3.1/../../../../arm-none-eabi/lib/thumb/v7-m\libg_nano.a(lib_a-mprec.o)
                0x080079c4                __b2d
 .text.__d2b    0x08007a68       0x9e c:/program files (x86)/gnu tools arm embedded/7 2018-q2-update/bin/../lib/gcc/arm-none-eabi/7.3.1/../../../../arm-none-eabi/lib/thumb/v7-m\libg_nano.a(lib_a-mprec.o)
                0x08007a68                __d2b
 .text.__ratio  0x08007b06       0x5c c:/program files (x86)/gnu tools arm embedded/7 2018-q2-update/bin/../lib/gcc/arm-none-eabi/7.3.1/../../../../arm-none-eabi/lib/thumb/v7-m\libg_nano.a(lib_a-mprec.o)
                0x08007b06                __ratio
 .text.__copybits
                0x08007b62       0x34 c:/program files (x86)/gnu tools arm embedded/7 2018-q2-update/bin/../lib/gcc/arm-none-eabi/7.3.1/../../../../arm-none-eabi/lib/thumb/v7-m\libg_nano.a(lib_a-mprec.o)
                0x08007b62                __copybits
 .text.__any_on
                0x08007b96       0x42 c:/program files (x86)/gnu tools arm embedded/7 2018-q2-update/bin/../lib/gcc/arm-none-eabi/7.3.1/../../../../arm-none-eabi/lib/thumb/v7-m\libg_nano.a(lib_a-mprec.o)
                0x08007b96                __any_on
 .text._calloc_r
                0x08007bd8       0x1c c:/program files (x86)/gnu tools arm embedded/7 2018-q2-update/bin/../lib/gcc/arm-none-eabi/7.3.1/../../../../arm-none-eabi/lib/thumb/v7-m\libg_nano.a(lib_a-nano-callocr.o)
                0x08007bd8                _calloc_r
 .text._free_r  0x08007bf4       0x98 c:/program files (x86)/gnu tools arm embedded/7 2018-q2-update/bin/../lib/gcc/arm-none-eabi/7.3.1/../../../../arm-none-eabi/lib/thumb/v7-m\libg_nano.a(lib_a-nano-freer.o)
                0x08007bf4                _free_r
 .text._malloc_r
                0x08007c8c       0xb4 c:/program files (x86)/gnu tools arm embedded/7 2018-q2-update/bin/../lib/gcc/arm-none-eabi/7.3.1/../../../../arm-none-eabi/lib/thumb/v7-m\libg_nano.a(lib_a-nano-mallocr.o)
                0x08007c8c                _malloc_r
 .text.__ssputs_r
                0x08007d40       0xb4 c:/program files (x86)/gnu tools arm embedded/7 2018-q2-update/bin/../lib/gcc/arm-none-eabi/7.3.1/../../../../arm-none-eabi/lib/thumb/v7-m\libg_nano.a(lib_a-nano-svfprintf.o)
                0x08007d40                __ssputs_r
 .text._svfprintf_r
                0x08007df4      0x1f0 c:/program files (x86)/gnu tools arm embedded/7 2018-q2-update/bin/../lib/gcc/arm-none-eabi/7.3.1/../../../../arm-none-eabi/lib/thumb/v7-m\libg_nano.a(lib_a-nano-svfprintf.o)
                0x08007df4                _svfiprintf_r
                0x08007df4                _svfprintf_r
 .text._sbrk_r  0x08007fe4       0x20 c:/program files (x86)/gnu tools arm embedded/7 2018-q2-update/bin/../lib/gcc/arm-none-eabi/7.3.1/../../../../arm-none-eabi/lib/thumb/v7-m\libg_nano.a(lib_a-sbrkr.o)
                0x08007fe4                _sbrk_r
 .text.strchr   0x08008004       0x1a c:/program files (x86)/gnu tools arm embedded/7 2018-q2-update/bin/../lib/gcc/arm-none-eabi/7.3.1/../../../../arm-none-eabi/lib/thumb/v7-m\libg_nano.a(lib_a-strchr.o)
                0x08008004                strchr
 .text.__ascii_wctomb
                0x0800801e       0x1a c:/program files (x86)/gnu tools arm embedded/7 2018-q2-update/bin/../lib/gcc/arm-none-eabi/7.3.1/../../../../arm-none-eabi/lib/thumb/v7-m\libg_nano.a(lib_a-wctomb_r.o)
                0x0800801e                __ascii_wctomb
 .text.memmove  0x08008038       0x32 c:/program files (x86)/gnu tools arm embedded/7 2018-q2-update/bin/../lib/gcc/arm-none-eabi/7.3.1/../../../../arm-none-eabi/lib/thumb/v7-m\libg_nano.a(lib_a-memmove.o)
                0x08008038                memmove
 .text.memset   0x0800806a       0x10 c:/program files (x86)/gnu tools arm embedded/7 2018-q2-update/bin/../lib/gcc/arm-none-eabi/7.3.1/../../../../arm-none-eabi/lib/thumb/v7-m\libg_nano.a(lib_a-memset.o)
                0x0800806a                memset
 .text.__malloc_lock
                0x0800807a        0x2 c:/program files (x86)/gnu tools arm embedded/7 2018-q2-update/bin/../lib/gcc/arm-none-eabi/7.3.1/../../../../arm-none-eabi/lib/thumb/v7-m\libg_nano.a(lib_a-mlock.o)
                0x0800807a                __malloc_lock
 .text.__malloc_unlock
                0x0800807c        0x2 c:/program files (x86)/gnu tools arm embedded/7 2018-q2-update/bin/../lib/gcc/arm-none-eabi/7.3.1/../../../../arm-none-eabi/lib/thumb/v7-m\libg_nano.a(lib_a-mlock.o)
                0x0800807c                __malloc_unlock
 .text._realloc_r
                0x0800807e       0x4c c:/program files (x86)/gnu tools arm embedded/7 2018-q2-update/bin/../lib/gcc/arm-none-eabi/7.3.1/../../../../arm-none-eabi/lib/thumb/v7-m\libg_nano.a(lib_a-nano-reallocr.o)
                0x0800807e                _realloc_r
 .text._malloc_usable_size_r
                0x080080ca       0x10 c:/program files (x86)/gnu tools arm embedded/7 2018-q2-update/bin/../lib/gcc/arm-none-eabi/7.3.1/../../../../arm-none-eabi/lib/thumb/v7-m\libg_nano.a(lib_a-nano-msizer.o)
                0x080080ca                _malloc_usable_size_r
 *fill*         0x080080da        0x2 
 .text          0x080080dc       0x2c c:/program files (x86)/gnu tools arm embedded/7 2018-q2-update/bin/../lib/gcc/arm-none-eabi/7.3.1/thumb/v7-m\libgcc.a(_arm_unorddf2.o)
                0x080080dc                __unorddf2
                0x080080dc                __aeabi_dcmpun
 .text          0x08008108       0x50 c:/program files (x86)/gnu tools arm embedded/7 2018-q2-update/bin/../lib/gcc/arm-none-eabi/7.3.1/thumb/v7-m\libgcc.a(_arm_fixdfsi.o)
                0x08008108                __aeabi_d2iz
                0x08008108                __fixdfsi
 .text          0x08008158       0x40 c:/program files (x86)/gnu tools arm embedded/7 2018-q2-update/bin/../lib/gcc/arm-none-eabi/7.3.1/thumb/v7-m\libgcc.a(_arm_fixunsdfsi.o)
                0x08008158                __aeabi_d2uiz
                0x08008158                __fixunsdfsi
 *(.rodata .rodata.* .constdata .constdata.*)
 .rodata.NVIC_PriorityGroupConfig.str1.4
                0x08008198       0x27 ./system/src/stm32f1-stdperiph/misc.o
 *fill*         0x080081bf        0x1 
 .rodata.ADC_DeInit.str1.4
                0x080081c0       0x30 ./system/src/stm32f1-stdperiph/stm32f10x_adc.o
 .rodata.DMA_DeInit.str1.4
                0x080081f0       0x30 ./system/src/stm32f1-stdperiph/stm32f10x_dma.o
 .rodata.GPIO_DeInit.str1.4
                0x08008220       0x31 ./system/src/stm32f1-stdperiph/stm32f10x_gpio.o
 *fill*         0x08008251        0x3 
 .rodata.I2C_DeInit.str1.4
                0x08008254       0x30 ./system/src/stm32f1-stdperiph/stm32f10x_i2c.o
 .rodata.IWDG_WriteAccessCmd.str1.4
                0x08008284       0x31 ./system/src/stm32f1-stdperiph/stm32f10x_iwdg.o
 *fill*         0x080082b5        0x3 
 .rodata.RCC_HSEConfig.str1.4
                0x080082b8       0x30 ./system/src/stm32f1-stdperiph/stm32f10x_rcc.o
 .rodata.TIM_DeInit.str1.4
                0x080082e8       0x30 ./system/src/stm32f1-stdperiph/stm32f10x_tim.o
 .rodata.Temperature_Table_B3950
                0x08008318      0x25a ./src/Timer.o
                0x08008318                Temperature_Table_B3950
 *fill*         0x08008572        0x2 
 .rodata        0x08008574        0x9 ./src/main.o
 *fill*         0x0800857d        0x3 
 .rodata.PID_autotune.str1.4
                0x08008580       0xe0 ./src/main.o
 .rodata.cmd_pase.str1.4
                0x08008660       0x74 ./src/main.o
                                 0x78 (size before relaxing)
 .rodata.main.str1.4
                0x080086d4        0x8 ./src/main.o
                                  0x6 (size before relaxing)
 .rodata._printf_float.str1.1
                0x080086dc       0x12 c:/program files (x86)/gnu tools arm embedded/7 2018-q2-update/bin/../lib/gcc/arm-none-eabi/7.3.1/../../../../arm-none-eabi/lib/thumb/v7-m\libg_nano.a(lib_a-nano-vfprintf_float.o)
 .rodata._printf_i.str1.1
                0x080086ee       0x22 c:/program files (x86)/gnu tools arm embedded/7 2018-q2-update/bin/../lib/gcc/arm-none-eabi/7.3.1/../../../../arm-none-eabi/lib/thumb/v7-m\libg_nano.a(lib_a-nano-vfprintf_i.o)
 .rodata._strtod_l.str1.1
                0x08008710       0x22 c:/program files (x86)/gnu tools arm embedded/7 2018-q2-update/bin/../lib/gcc/arm-none-eabi/7.3.1/../../../../arm-none-eabi/lib/thumb/v7-m\libg_nano.a(lib_a-strtod.o)
                                  0xc (size before relaxing)
 .rodata.fpi.6160
                0x08008710       0x14 c:/program files (x86)/gnu tools arm embedded/7 2018-q2-update/bin/../lib/gcc/arm-none-eabi/7.3.1/../../../../arm-none-eabi/lib/thumb/v7-m\libg_nano.a(lib_a-strtod.o)
 .rodata.fpinan.6196
                0x08008724       0x14 c:/program files (x86)/gnu tools arm embedded/7 2018-q2-update/bin/../lib/gcc/arm-none-eabi/7.3.1/../../../../arm-none-eabi/lib/thumb/v7-m\libg_nano.a(lib_a-strtod.o)
 .rodata.tinytens
                0x08008738       0x28 c:/program files (x86)/gnu tools arm embedded/7 2018-q2-update/bin/../lib/gcc/arm-none-eabi/7.3.1/../../../../arm-none-eabi/lib/thumb/v7-m\libg_nano.a(lib_a-strtod.o)
 .rodata._dtoa_r.str1.1
                0x08008760        0xd c:/program files (x86)/gnu tools arm embedded/7 2018-q2-update/bin/../lib/gcc/arm-none-eabi/7.3.1/../../../../arm-none-eabi/lib/thumb/v7-m\libg_nano.a(lib_a-dtoa.o)
                                  0xf (size before relaxing)
 .rodata._setlocale_r.str1.1
                0x0800876d        0x8 c:/program files (x86)/gnu tools arm embedded/7 2018-q2-update/bin/../lib/gcc/arm-none-eabi/7.3.1/../../../../arm-none-eabi/lib/thumb/v7-m\libg_nano.a(lib_a-locale.o)
                                  0x9 (size before relaxing)
 .rodata.str1.1
                0x08008775        0x2 c:/program files (x86)/gnu tools arm embedded/7 2018-q2-update/bin/../lib/gcc/arm-none-eabi/7.3.1/../../../../arm-none-eabi/lib/thumb/v7-m\libg_nano.a(lib_a-locale.o)
 *fill*         0x08008777        0x1 
 .rodata.__mprec_bigtens
                0x08008778       0x28 c:/program files (x86)/gnu tools arm embedded/7 2018-q2-update/bin/../lib/gcc/arm-none-eabi/7.3.1/../../../../arm-none-eabi/lib/thumb/v7-m\libg_nano.a(lib_a-mprec.o)
                0x08008778                __mprec_bigtens
 .rodata.__mprec_tens
                0x080087a0       0xc8 c:/program files (x86)/gnu tools arm embedded/7 2018-q2-update/bin/../lib/gcc/arm-none-eabi/7.3.1/../../../../arm-none-eabi/lib/thumb/v7-m\libg_nano.a(lib_a-mprec.o)
                0x080087a0                __mprec_tens
 .rodata.p05.6084
                0x08008868        0xc c:/program files (x86)/gnu tools arm embedded/7 2018-q2-update/bin/../lib/gcc/arm-none-eabi/7.3.1/../../../../arm-none-eabi/lib/thumb/v7-m\libg_nano.a(lib_a-mprec.o)
 .rodata._svfprintf_r.str1.1
                0x08008874       0x11 c:/program files (x86)/gnu tools arm embedded/7 2018-q2-update/bin/../lib/gcc/arm-none-eabi/7.3.1/../../../../arm-none-eabi/lib/thumb/v7-m\libg_nano.a(lib_a-nano-svfprintf.o)
 .rodata._ctype_
                0x08008885      0x101 c:/program files (x86)/gnu tools arm embedded/7 2018-q2-update/bin/../lib/gcc/arm-none-eabi/7.3.1/../../../../arm-none-eabi/lib/thumb/v7-m\libg_nano.a(lib_a-ctype_.o)
                0x08008885                _ctype_
 *(vtable)
 *(.eh_frame*)
 *(.glue_7)
 .glue_7        0x08008986        0x0 linker stubs
 *(.glue_7t)
 .glue_7t       0x08008986        0x0 linker stubs

.vfp11_veneer   0x08008988        0x0
 .vfp11_veneer  0x08008988        0x0 linker stubs

.v4_bx          0x08008988        0x0
 .v4_bx         0x08008988        0x0 linker stubs

.iplt           0x08008988        0x0
 .iplt          0x08008988        0x0 ./system/src/system/_exit.o

.rel.dyn        0x08008988        0x0
 .rel.iplt      0x08008988        0x0 ./system/src/system/_exit.o

.ARM.extab
 *(.ARM.extab* .gnu.linkonce.armextab.*)
                0x08008988                . = ALIGN (0x4)
                0x08008988                __exidx_start = .

.ARM.exidx
 *(.ARM.exidx* .gnu.linkonce.armexidx.*)
                0x08008988                __exidx_end = .
                0x08008988                . = ALIGN (0x4)
                0x08008988                _etext = .
                0x08008988                __etext = .

.data_CCMRAM    0x00000000        0x0 load address 0x08008988
 FILL mask 0xff
 *(.data.CCMRAM .data.CCMRAM.*)
                0x00000000                . = ALIGN (0x4)
                0x08008988                _sidata = LOADADDR (.data)

.data           0x20000000      0x21c load address 0x08008988
 FILL mask 0xff
                0x20000000                _sdata = .
                0x20000000                __data_start__ = .
 *(.data_begin .data_begin.*)
 .data_begin    0x20000000        0x4 ./system/src/system/_startup.o
 *(.data .data.*)
 .data.argv.4310
                0x20000004        0x8 ./system/src/system/_syscalls.o
 .data.AHBPrescTable
                0x2000000c       0x10 ./system/src/system/system_stm32f10x.o
                0x2000000c                AHBPrescTable
 .data.SystemCoreClock
                0x2000001c        0x4 ./system/src/system/system_stm32f10x.o
                0x2000001c                SystemCoreClock
 .data.ADCPrescTable
                0x20000020        0x4 ./system/src/stm32f1-stdperiph/stm32f10x_rcc.o
 .data.APBAHBPrescTable
                0x20000024       0x10 ./system/src/stm32f1-stdperiph/stm32f10x_rcc.o
 .data.gt       0x20000034       0x14 ./src/Timer.o
                0x20000034                gt
 .data._impure_ptr
                0x20000048        0x4 c:/program files (x86)/gnu tools arm embedded/7 2018-q2-update/bin/../lib/gcc/arm-none-eabi/7.3.1/../../../../arm-none-eabi/lib/thumb/v7-m\libg_nano.a(lib_a-impure.o)
                0x20000048                _impure_ptr
 .data.impure_data
                0x2000004c       0x60 c:/program files (x86)/gnu tools arm embedded/7 2018-q2-update/bin/../lib/gcc/arm-none-eabi/7.3.1/../../../../arm-none-eabi/lib/thumb/v7-m\libg_nano.a(lib_a-impure.o)
 .data.__global_locale
                0x200000ac      0x16c c:/program files (x86)/gnu tools arm embedded/7 2018-q2-update/bin/../lib/gcc/arm-none-eabi/7.3.1/../../../../arm-none-eabi/lib/thumb/v7-m\libg_nano.a(lib_a-locale.o)
                0x200000ac                __global_locale
 *(.data_end .data_end.*)
 .data_end      0x20000218        0x4 ./system/src/system/_startup.o
                0x2000021c                . = ALIGN (0x4)
                0x2000021c                _edata = .
                0x2000021c                __data_end__ = .

.igot.plt       0x2000021c        0x0 load address 0x08008ba4
 .igot.plt      0x2000021c        0x0 ./system/src/system/_exit.o

.bss_CCMRAM     0x00000000        0x0
 *(.bss.CCMRAM .bss.CCMRAM.*)

.bss            0x2000021c      0x364
                0x2000021c                __bss_start__ = .
                0x2000021c                _sbss = .
 *(.bss_begin .bss_begin.*)
 .bss_begin     0x2000021c        0x4 ./system/src/system/_startup.o
 *(.bss .bss.*)
 .bss.current_heap_end.3961
                0x20000220        0x4 ./system/src/system/_sbrk.o
 .bss.name.4309
                0x20000224        0x1 ./system/src/system/_syscalls.o
 .bss.auto_tune
                0x20000225        0x1 ./src/Timer.o
                0x20000225                auto_tune
 *fill*         0x20000226        0x2 
 .bss.dTerm.6343
                0x20000228        0x8 ./src/Timer.o
 .bss.pid_reset.6345
                0x20000230        0x2 ./src/Timer.o
 .bss.pwm_count
                0x20000232        0x1 ./src/Timer.o
                0x20000232                pwm_count
 *fill*         0x20000233        0x1 
 .bss.temp_dState.6340
                0x20000234        0x8 ./src/Timer.o
 .bss.temp_iState.6339
                0x2000023c        0x8 ./src/Timer.o
 .bss.I2C_Buffer_Tx
                0x20000244       0x80 ./src/main.o
 .bss.Tx_I2C_num
                0x200002c4        0x4 ./src/main.o
                0x200002c4                Tx_I2C_num
 .bss.cnt.7850  0x200002c8        0x4 ./src/main.o
 .bss.fan0.7844
                0x200002cc        0x1 ./src/main.o
 .bss.fan2.7845
                0x200002cd        0x1 ./src/main.o
 .bss.fan3.7846
                0x200002ce        0x1 ./src/main.o
 *fill*         0x200002cf        0x1 
 .bss.ms_count_n
                0x200002d0        0x4 ./src/main.o
                0x200002d0                ms_count_n
 .bss.old_rel.7849
                0x200002d4        0x4 ./src/main.o
 .bss.runaway.7848
                0x200002d8        0x4 ./src/main.o
 .bss.tmp_old.7843
                0x200002dc        0xc ./src/main.o
 .bss.tune_start
                0x200002e8        0x4 ./src/main.o
                0x200002e8                tune_start
 .bss.wait_for_heatup
                0x200002ec        0x1 ./src/main.o
                0x200002ec                wait_for_heatup
 *fill*         0x200002ed        0x3 
 .bss.__malloc_free_list
                0x200002f0        0x4 c:/program files (x86)/gnu tools arm embedded/7 2018-q2-update/bin/../lib/gcc/arm-none-eabi/7.3.1/../../../../arm-none-eabi/lib/thumb/v7-m\libg_nano.a(lib_a-nano-mallocr.o)
                0x200002f0                __malloc_free_list
 .bss.__malloc_sbrk_start
                0x200002f4        0x4 c:/program files (x86)/gnu tools arm embedded/7 2018-q2-update/bin/../lib/gcc/arm-none-eabi/7.3.1/../../../../arm-none-eabi/lib/thumb/v7-m\libg_nano.a(lib_a-nano-mallocr.o)
                0x200002f4                __malloc_sbrk_start
 *(COMMON)
 COMMON         0x200002f8        0x4 ./system/src/system/_syscalls.o
                0x200002f8                errno
 COMMON         0x200002fc      0x168 ./src/Timer.o
                0x200002fc                timer_delayCount
                0x20000300                soft_pwm_amount
                0x20000304                Bed_tmper
                0x20000320                Read_ADC_Raw
                0x200003e0                e2
                0x200003e4                uk
                0x200003e8                Extruder
                0x20000458                e3
                0x2000045c                duk
                0x20000460                e1
 COMMON         0x20000464      0x118 ./src/main.o
                0x20000464                tune_c
                0x20000468                tune_temp
                0x2000046c                Receive_CMD
                0x200004f4                tune_u
                0x200004f8                I2C_Buffer_Tx_cache
                0x20000578                tune_e
 *(.bss_end .bss_end.*)
 .bss_end       0x2000057c        0x4 ./system/src/system/_startup.o
                0x20000580                . = ALIGN (0x4)
                0x20000580                __bss_end__ = .
                0x20000580                _ebss = .

.noinit_CCMRAM
 *(.noinit.CCMRAM .noinit.CCMRAM.*)

.noinit         0x20000580        0x0
                0x20000580                _noinit = .
 *(.noinit .noinit.*)
                0x20000580                . = ALIGN (0x4)
                0x20000580                _end_noinit = .
                [!provide]                PROVIDE (end = _end_noinit)
                [!provide]                PROVIDE (_end = _end_noinit)
                [!provide]                PROVIDE (__end = _end_noinit)
                [!provide]                PROVIDE (__end__ = _end_noinit)

._check_stack   0x20000580      0x100
                0x20000680                . = (. + _Minimum_Stack_Size)
 *fill*         0x20000580      0x100 

.b1text
 *(.b1text)
 *(.b1rodata)
 *(.b1rodata.*)

.eb0text
 *(.eb0text)
 *(.eb0rodata)
 *(.eb0rodata.*)

.eb1text
 *(.eb1text)
 *(.eb1rodata)
 *(.eb1rodata.*)

.eb2text
 *(.eb2text)
 *(.eb2rodata)
 *(.eb2rodata.*)

.eb3text
 *(.eb3text)
 *(.eb3rodata)
 *(.eb3rodata.*)

.stab
 *(.stab)

.stabstr
 *(.stabstr)

.stab.excl
 *(.stab.excl)

.stab.exclstr
 *(.stab.exclstr)

.stab.index
 *(.stab.index)

.stab.indexstr
 *(.stab.indexstr)

.comment        0x00000000       0x7f
 *(.comment)
 .comment       0x00000000       0x7f ./system/src/system/_exit.o
                                 0x80 (size before relaxing)
 .comment       0x0000007f       0x80 ./system/src/system/_sbrk.o
 .comment       0x0000007f       0x80 ./system/src/system/_startup.o
 .comment       0x0000007f       0x80 ./system/src/system/_syscalls.o
 .comment       0x0000007f       0x80 ./system/src/system/assert.o
 .comment       0x0000007f       0x80 ./system/src/system/system_stm32f10x.o
 .comment       0x0000007f       0x80 ./system/src/system/vectors_stm32f10x.o
 .comment       0x0000007f       0x80 ./system/src/stm32f1-stdperiph/misc.o
 .comment       0x0000007f       0x80 ./system/src/stm32f1-stdperiph/stm32f10x_adc.o
 .comment       0x0000007f       0x80 ./system/src/stm32f1-stdperiph/stm32f10x_dma.o
 .comment       0x0000007f       0x80 ./system/src/stm32f1-stdperiph/stm32f10x_gpio.o
 .comment       0x0000007f       0x80 ./system/src/stm32f1-stdperiph/stm32f10x_i2c.o
 .comment       0x0000007f       0x80 ./system/src/stm32f1-stdperiph/stm32f10x_iwdg.o
 .comment       0x0000007f       0x80 ./system/src/stm32f1-stdperiph/stm32f10x_rcc.o
 .comment       0x0000007f       0x80 ./system/src/stm32f1-stdperiph/stm32f10x_tim.o
 .comment       0x0000007f       0x80 ./system/src/cortexm/_initialize_hardware.o
 .comment       0x0000007f       0x80 ./system/src/cortexm/exception_handlers.o
 .comment       0x0000007f       0x80 ./src/Timer.o
 .comment       0x0000007f       0x80 ./src/main.o

.ARM.attributes
                0x00000000       0x31
 .ARM.attributes
                0x00000000       0x33 ./system/src/system/_exit.o
 .ARM.attributes
                0x00000033       0x33 ./system/src/system/_sbrk.o
 .ARM.attributes
                0x00000066       0x33 ./system/src/system/_startup.o
 .ARM.attributes
                0x00000099       0x33 ./system/src/system/_syscalls.o
 .ARM.attributes
                0x000000cc       0x33 ./system/src/system/assert.o
 .ARM.attributes
                0x000000ff       0x33 ./system/src/system/system_stm32f10x.o
 .ARM.attributes
                0x00000132       0x33 ./system/src/system/vectors_stm32f10x.o
 .ARM.attributes
                0x00000165       0x33 ./system/src/stm32f1-stdperiph/misc.o
 .ARM.attributes
                0x00000198       0x33 ./system/src/stm32f1-stdperiph/stm32f10x_adc.o
 .ARM.attributes
                0x000001cb       0x33 ./system/src/stm32f1-stdperiph/stm32f10x_dma.o
 .ARM.attributes
                0x000001fe       0x33 ./system/src/stm32f1-stdperiph/stm32f10x_gpio.o
 .ARM.attributes
                0x00000231       0x33 ./system/src/stm32f1-stdperiph/stm32f10x_i2c.o
 .ARM.attributes
                0x00000264       0x33 ./system/src/stm32f1-stdperiph/stm32f10x_iwdg.o
 .ARM.attributes
                0x00000297       0x33 ./system/src/stm32f1-stdperiph/stm32f10x_rcc.o
 .ARM.attributes
                0x000002ca       0x33 ./system/src/stm32f1-stdperiph/stm32f10x_tim.o
 .ARM.attributes
                0x000002fd       0x33 ./system/src/cortexm/_initialize_hardware.o
 .ARM.attributes
                0x00000330       0x33 ./system/src/cortexm/exception_handlers.o
 .ARM.attributes
                0x00000363       0x33 ./src/Timer.o
 .ARM.attributes
                0x00000396       0x33 ./src/main.o
 .ARM.attributes
                0x000003c9       0x1d c:/program files (x86)/gnu tools arm embedded/7 2018-q2-update/bin/../lib/gcc/arm-none-eabi/7.3.1/thumb/v7-m\libgcc.a(_arm_addsubdf3.o)
 .ARM.attributes
                0x000003e6       0x1d c:/program files (x86)/gnu tools arm embedded/7 2018-q2-update/bin/../lib/gcc/arm-none-eabi/7.3.1/thumb/v7-m\libgcc.a(_arm_muldivdf3.o)
 .ARM.attributes
                0x00000403       0x1d c:/program files (x86)/gnu tools arm embedded/7 2018-q2-update/bin/../lib/gcc/arm-none-eabi/7.3.1/thumb/v7-m\libgcc.a(_arm_cmpdf2.o)
 .ARM.attributes
                0x00000420       0x1d c:/program files (x86)/gnu tools arm embedded/7 2018-q2-update/bin/../lib/gcc/arm-none-eabi/7.3.1/thumb/v7-m\libgcc.a(_arm_truncdfsf2.o)
 .ARM.attributes
                0x0000043d       0x1d c:/program files (x86)/gnu tools arm embedded/7 2018-q2-update/bin/../lib/gcc/arm-none-eabi/7.3.1/thumb/v7-m\libgcc.a(_arm_addsubsf3.o)
 .ARM.attributes
                0x0000045a       0x1d c:/program files (x86)/gnu tools arm embedded/7 2018-q2-update/bin/../lib/gcc/arm-none-eabi/7.3.1/thumb/v7-m\libgcc.a(_arm_muldivsf3.o)
 .ARM.attributes
                0x00000477       0x1d c:/program files (x86)/gnu tools arm embedded/7 2018-q2-update/bin/../lib/gcc/arm-none-eabi/7.3.1/thumb/v7-m\libgcc.a(_arm_cmpsf2.o)
 .ARM.attributes
                0x00000494       0x1d c:/program files (x86)/gnu tools arm embedded/7 2018-q2-update/bin/../lib/gcc/arm-none-eabi/7.3.1/thumb/v7-m\libgcc.a(_arm_fixsfsi.o)
 .ARM.attributes
                0x000004b1       0x2d c:/program files (x86)/gnu tools arm embedded/7 2018-q2-update/bin/../lib/gcc/arm-none-eabi/7.3.1/../../../../arm-none-eabi/lib/thumb/v7-m\libg_nano.a(lib_a-atof.o)
 .ARM.attributes
                0x000004de       0x2d c:/program files (x86)/gnu tools arm embedded/7 2018-q2-update/bin/../lib/gcc/arm-none-eabi/7.3.1/../../../../arm-none-eabi/lib/thumb/v7-m\libg_nano.a(lib_a-atoi.o)
 .ARM.attributes
                0x0000050b       0x2d c:/program files (x86)/gnu tools arm embedded/7 2018-q2-update/bin/../lib/gcc/arm-none-eabi/7.3.1/../../../../arm-none-eabi/lib/thumb/v7-m\libg_nano.a(lib_a-errno.o)
 .ARM.attributes
                0x00000538       0x2d c:/program files (x86)/gnu tools arm embedded/7 2018-q2-update/bin/../lib/gcc/arm-none-eabi/7.3.1/../../../../arm-none-eabi/lib/thumb/v7-m\libg_nano.a(lib_a-impure.o)
 .ARM.attributes
                0x00000565       0x2d c:/program files (x86)/gnu tools arm embedded/7 2018-q2-update/bin/../lib/gcc/arm-none-eabi/7.3.1/../../../../arm-none-eabi/lib/thumb/v7-m\libg_nano.a(lib_a-memcpy-stub.o)
 .ARM.attributes
                0x00000592       0x2d c:/program files (x86)/gnu tools arm embedded/7 2018-q2-update/bin/../lib/gcc/arm-none-eabi/7.3.1/../../../../arm-none-eabi/lib/thumb/v7-m\libg_nano.a(lib_a-nano-vfprintf_float.o)
 .ARM.attributes
                0x000005bf       0x2d c:/program files (x86)/gnu tools arm embedded/7 2018-q2-update/bin/../lib/gcc/arm-none-eabi/7.3.1/../../../../arm-none-eabi/lib/thumb/v7-m\libg_nano.a(lib_a-nano-vfprintf_i.o)
 .ARM.attributes
                0x000005ec       0x2d c:/program files (x86)/gnu tools arm embedded/7 2018-q2-update/bin/../lib/gcc/arm-none-eabi/7.3.1/../../../../arm-none-eabi/lib/thumb/v7-m\libg_nano.a(lib_a-sprintf.o)
 .ARM.attributes
                0x00000619       0x2d c:/program files (x86)/gnu tools arm embedded/7 2018-q2-update/bin/../lib/gcc/arm-none-eabi/7.3.1/../../../../arm-none-eabi/lib/thumb/v7-m\libg_nano.a(lib_a-strcpy.o)
 .ARM.attributes
                0x00000646       0x17 c:/program files (x86)/gnu tools arm embedded/7 2018-q2-update/bin/../lib/gcc/arm-none-eabi/7.3.1/../../../../arm-none-eabi/lib/thumb/v7-m\libg_nano.a(lib_a-strlen.o)
 .ARM.attributes
                0x0000065d       0x2d c:/program files (x86)/gnu tools arm embedded/7 2018-q2-update/bin/../lib/gcc/arm-none-eabi/7.3.1/../../../../arm-none-eabi/lib/thumb/v7-m\libg_nano.a(lib_a-strncmp.o)
 .ARM.attributes
                0x0000068a       0x2d c:/program files (x86)/gnu tools arm embedded/7 2018-q2-update/bin/../lib/gcc/arm-none-eabi/7.3.1/../../../../arm-none-eabi/lib/thumb/v7-m\libg_nano.a(lib_a-strrchr.o)
 .ARM.attributes
                0x000006b7       0x2d c:/program files (x86)/gnu tools arm embedded/7 2018-q2-update/bin/../lib/gcc/arm-none-eabi/7.3.1/../../../../arm-none-eabi/lib/thumb/v7-m\libg_nano.a(lib_a-strtod.o)
 .ARM.attributes
                0x000006e4       0x2d c:/program files (x86)/gnu tools arm embedded/7 2018-q2-update/bin/../lib/gcc/arm-none-eabi/7.3.1/../../../../arm-none-eabi/lib/thumb/v7-m\libg_nano.a(lib_a-strtol.o)
 .ARM.attributes
                0x00000711       0x2d c:/program files (x86)/gnu tools arm embedded/7 2018-q2-update/bin/../lib/gcc/arm-none-eabi/7.3.1/../../../../arm-none-eabi/lib/thumb/v7-m\libg_nano.a(lib_a-dtoa.o)
 .ARM.attributes
                0x0000073e       0x2d c:/program files (x86)/gnu tools arm embedded/7 2018-q2-update/bin/../lib/gcc/arm-none-eabi/7.3.1/../../../../arm-none-eabi/lib/thumb/v7-m\libg_nano.a(lib_a-gdtoa-gethex.o)
 .ARM.attributes
                0x0000076b       0x2d c:/program files (x86)/gnu tools arm embedded/7 2018-q2-update/bin/../lib/gcc/arm-none-eabi/7.3.1/../../../../arm-none-eabi/lib/thumb/v7-m\libg_nano.a(lib_a-gdtoa-hexnan.o)
 .ARM.attributes
                0x00000798       0x2d c:/program files (x86)/gnu tools arm embedded/7 2018-q2-update/bin/../lib/gcc/arm-none-eabi/7.3.1/../../../../arm-none-eabi/lib/thumb/v7-m\libg_nano.a(lib_a-locale.o)
 .ARM.attributes
                0x000007c5       0x2d c:/program files (x86)/gnu tools arm embedded/7 2018-q2-update/bin/../lib/gcc/arm-none-eabi/7.3.1/../../../../arm-none-eabi/lib/thumb/v7-m\libg_nano.a(lib_a-localeconv.o)
 .ARM.attributes
                0x000007f2       0x2d c:/program files (x86)/gnu tools arm embedded/7 2018-q2-update/bin/../lib/gcc/arm-none-eabi/7.3.1/../../../../arm-none-eabi/lib/thumb/v7-m\libg_nano.a(lib_a-malloc.o)
 .ARM.attributes
                0x0000081f       0x2d c:/program files (x86)/gnu tools arm embedded/7 2018-q2-update/bin/../lib/gcc/arm-none-eabi/7.3.1/../../../../arm-none-eabi/lib/thumb/v7-m\libg_nano.a(lib_a-mbtowc_r.o)
 .ARM.attributes
                0x0000084c       0x2d c:/program files (x86)/gnu tools arm embedded/7 2018-q2-update/bin/../lib/gcc/arm-none-eabi/7.3.1/../../../../arm-none-eabi/lib/thumb/v7-m\libg_nano.a(lib_a-memchr-stub.o)
 .ARM.attributes
                0x00000879       0x2d c:/program files (x86)/gnu tools arm embedded/7 2018-q2-update/bin/../lib/gcc/arm-none-eabi/7.3.1/../../../../arm-none-eabi/lib/thumb/v7-m\libg_nano.a(lib_a-mprec.o)
 .ARM.attributes
                0x000008a6       0x2d c:/program files (x86)/gnu tools arm embedded/7 2018-q2-update/bin/../lib/gcc/arm-none-eabi/7.3.1/../../../../arm-none-eabi/lib/thumb/v7-m\libg_nano.a(lib_a-nano-callocr.o)
 .ARM.attributes
                0x000008d3       0x2d c:/program files (x86)/gnu tools arm embedded/7 2018-q2-update/bin/../lib/gcc/arm-none-eabi/7.3.1/../../../../arm-none-eabi/lib/thumb/v7-m\libg_nano.a(lib_a-nano-freer.o)
 .ARM.attributes
                0x00000900       0x2d c:/program files (x86)/gnu tools arm embedded/7 2018-q2-update/bin/../lib/gcc/arm-none-eabi/7.3.1/../../../../arm-none-eabi/lib/thumb/v7-m\libg_nano.a(lib_a-nano-mallocr.o)
 .ARM.attributes
                0x0000092d       0x2d c:/program files (x86)/gnu tools arm embedded/7 2018-q2-update/bin/../lib/gcc/arm-none-eabi/7.3.1/../../../../arm-none-eabi/lib/thumb/v7-m\libg_nano.a(lib_a-nano-svfprintf.o)
 .ARM.attributes
                0x0000095a       0x2d c:/program files (x86)/gnu tools arm embedded/7 2018-q2-update/bin/../lib/gcc/arm-none-eabi/7.3.1/../../../../arm-none-eabi/lib/thumb/v7-m\libg_nano.a(lib_a-sbrkr.o)
 .ARM.attributes
                0x00000987       0x2d c:/program files (x86)/gnu tools arm embedded/7 2018-q2-update/bin/../lib/gcc/arm-none-eabi/7.3.1/../../../../arm-none-eabi/lib/thumb/v7-m\libg_nano.a(lib_a-strchr.o)
 .ARM.attributes
                0x000009b4       0x2d c:/program files (x86)/gnu tools arm embedded/7 2018-q2-update/bin/../lib/gcc/arm-none-eabi/7.3.1/../../../../arm-none-eabi/lib/thumb/v7-m\libg_nano.a(lib_a-wctomb_r.o)
 .ARM.attributes
                0x000009e1       0x2d c:/program files (x86)/gnu tools arm embedded/7 2018-q2-update/bin/../lib/gcc/arm-none-eabi/7.3.1/../../../../arm-none-eabi/lib/thumb/v7-m\libg_nano.a(lib_a-ctype_.o)
 .ARM.attributes
                0x00000a0e       0x2d c:/program files (x86)/gnu tools arm embedded/7 2018-q2-update/bin/../lib/gcc/arm-none-eabi/7.3.1/../../../../arm-none-eabi/lib/thumb/v7-m\libg_nano.a(lib_a-memmove.o)
 .ARM.attributes
                0x00000a3b       0x2d c:/program files (x86)/gnu tools arm embedded/7 2018-q2-update/bin/../lib/gcc/arm-none-eabi/7.3.1/../../../../arm-none-eabi/lib/thumb/v7-m\libg_nano.a(lib_a-memset.o)
 .ARM.attributes
                0x00000a68       0x2d c:/program files (x86)/gnu tools arm embedded/7 2018-q2-update/bin/../lib/gcc/arm-none-eabi/7.3.1/../../../../arm-none-eabi/lib/thumb/v7-m\libg_nano.a(lib_a-mlock.o)
 .ARM.attributes
                0x00000a95       0x2d c:/program files (x86)/gnu tools arm embedded/7 2018-q2-update/bin/../lib/gcc/arm-none-eabi/7.3.1/../../../../arm-none-eabi/lib/thumb/v7-m\libg_nano.a(lib_a-nano-reallocr.o)
 .ARM.attributes
                0x00000ac2       0x2d c:/program files (x86)/gnu tools arm embedded/7 2018-q2-update/bin/../lib/gcc/arm-none-eabi/7.3.1/../../../../arm-none-eabi/lib/thumb/v7-m\libg_nano.a(lib_a-nano-msizer.o)
 .ARM.attributes
                0x00000aef       0x1d c:/program files (x86)/gnu tools arm embedded/7 2018-q2-update/bin/../lib/gcc/arm-none-eabi/7.3.1/thumb/v7-m\libgcc.a(_arm_unorddf2.o)
 .ARM.attributes
                0x00000b0c       0x1d c:/program files (x86)/gnu tools arm embedded/7 2018-q2-update/bin/../lib/gcc/arm-none-eabi/7.3.1/thumb/v7-m\libgcc.a(_arm_fixdfsi.o)
 .ARM.attributes
                0x00000b29       0x1d c:/program files (x86)/gnu tools arm embedded/7 2018-q2-update/bin/../lib/gcc/arm-none-eabi/7.3.1/thumb/v7-m\libgcc.a(_arm_fixunsdfsi.o)

.debug
 *(.debug)

.line
 *(.line)

.debug_srcinfo
 *(.debug_srcinfo)

.debug_sfnames
 *(.debug_sfnames)

.debug_aranges  0x00000000      0xb18
 *(.debug_aranges)
 .debug_aranges
                0x00000000       0x28 ./system/src/system/_exit.o
 .debug_aranges
                0x00000028       0x20 ./system/src/system/_sbrk.o
 .debug_aranges
                0x00000048       0x40 ./system/src/system/_startup.o
 .debug_aranges
                0x00000088       0x30 ./system/src/system/_syscalls.o
 .debug_aranges
                0x000000b8       0x28 ./system/src/system/assert.o
 .debug_aranges
                0x000000e0       0x38 ./system/src/system/system_stm32f10x.o
 .debug_aranges
                0x00000118       0x20 ./system/src/system/vectors_stm32f10x.o
 .debug_aranges
                0x00000138       0x40 ./system/src/stm32f1-stdperiph/misc.o
 .debug_aranges
                0x00000178      0x138 ./system/src/stm32f1-stdperiph/stm32f10x_adc.o
 .debug_aranges
                0x000002b0       0x70 ./system/src/stm32f1-stdperiph/stm32f10x_dma.o
 .debug_aranges
                0x00000320       0xa8 ./system/src/stm32f1-stdperiph/stm32f10x_gpio.o
 .debug_aranges
                0x000003c8      0x120 ./system/src/stm32f1-stdperiph/stm32f10x_i2c.o
 .debug_aranges
                0x000004e8       0x48 ./system/src/stm32f1-stdperiph/stm32f10x_iwdg.o
 .debug_aranges
                0x00000530      0x118 ./system/src/stm32f1-stdperiph/stm32f10x_rcc.o
 .debug_aranges
                0x00000648      0x2f0 ./system/src/stm32f1-stdperiph/stm32f10x_tim.o
 .debug_aranges
                0x00000938       0x28 ./system/src/cortexm/_initialize_hardware.o
 .debug_aranges
                0x00000960       0x80 ./system/src/cortexm/exception_handlers.o
 .debug_aranges
                0x000009e0       0x68 ./src/Timer.o
 .debug_aranges
                0x00000a48       0xd0 ./src/main.o

.debug_pubnames
 *(.debug_pubnames)

.debug_info     0x00000000    0x10cf0
 *(.debug_info .gnu.linkonce.wi.*)
 .debug_info    0x00000000      0x94a ./system/src/system/_exit.o
 .debug_info    0x0000094a      0x942 ./system/src/system/_sbrk.o
 .debug_info    0x0000128c      0x42e ./system/src/system/_startup.o
 .debug_info    0x000016ba      0xa19 ./system/src/system/_syscalls.o
 .debug_info    0x000020d3      0x9c8 ./system/src/system/assert.o
 .debug_info    0x00002a9b      0x494 ./system/src/system/system_stm32f10x.o
 .debug_info    0x00002f2f       0xca ./system/src/system/vectors_stm32f10x.o
 .debug_info    0x00002ff9      0x634 ./system/src/stm32f1-stdperiph/misc.o
 .debug_info    0x0000362d     0x142c ./system/src/stm32f1-stdperiph/stm32f10x_adc.o
 .debug_info    0x00004a59      0x6f2 ./system/src/stm32f1-stdperiph/stm32f10x_dma.o
 .debug_info    0x0000514b      0xbd3 ./system/src/stm32f1-stdperiph/stm32f10x_gpio.o
 .debug_info    0x00005d1e     0x12d4 ./system/src/stm32f1-stdperiph/stm32f10x_i2c.o
 .debug_info    0x00006ff2      0x263 ./system/src/stm32f1-stdperiph/stm32f10x_iwdg.o
 .debug_info    0x00007255      0xc77 ./system/src/stm32f1-stdperiph/stm32f10x_rcc.o
 .debug_info    0x00007ecc     0x392c ./system/src/stm32f1-stdperiph/stm32f10x_tim.o
 .debug_info    0x0000b7f8      0x2b5 ./system/src/cortexm/_initialize_hardware.o
 .debug_info    0x0000baad      0xae8 ./system/src/cortexm/exception_handlers.o
 .debug_info    0x0000c595     0x1839 ./src/Timer.o
 .debug_info    0x0000ddce     0x2f22 ./src/main.o

.debug_abbrev   0x00000000     0x2623
 *(.debug_abbrev)
 .debug_abbrev  0x00000000      0x1f5 ./system/src/system/_exit.o
 .debug_abbrev  0x000001f5      0x1fc ./system/src/system/_sbrk.o
 .debug_abbrev  0x000003f1      0x1b3 ./system/src/system/_startup.o
 .debug_abbrev  0x000005a4      0x234 ./system/src/system/_syscalls.o
 .debug_abbrev  0x000007d8      0x201 ./system/src/system/assert.o
 .debug_abbrev  0x000009d9      0x177 ./system/src/system/system_stm32f10x.o
 .debug_abbrev  0x00000b50       0x9d ./system/src/system/vectors_stm32f10x.o
 .debug_abbrev  0x00000bed      0x194 ./system/src/stm32f1-stdperiph/misc.o
 .debug_abbrev  0x00000d81      0x1ed ./system/src/stm32f1-stdperiph/stm32f10x_adc.o
 .debug_abbrev  0x00000f6e      0x1b3 ./system/src/stm32f1-stdperiph/stm32f10x_dma.o
 .debug_abbrev  0x00001121      0x209 ./system/src/stm32f1-stdperiph/stm32f10x_gpio.o
 .debug_abbrev  0x0000132a      0x1f1 ./system/src/stm32f1-stdperiph/stm32f10x_i2c.o
 .debug_abbrev  0x0000151b      0x143 ./system/src/stm32f1-stdperiph/stm32f10x_iwdg.o
 .debug_abbrev  0x0000165e      0x20b ./system/src/stm32f1-stdperiph/stm32f10x_rcc.o
 .debug_abbrev  0x00001869      0x1eb ./system/src/stm32f1-stdperiph/stm32f10x_tim.o
 .debug_abbrev  0x00001a54       0xea ./system/src/cortexm/_initialize_hardware.o
 .debug_abbrev  0x00001b3e      0x23a ./system/src/cortexm/exception_handlers.o
 .debug_abbrev  0x00001d78      0x3af ./src/Timer.o
 .debug_abbrev  0x00002127      0x4fc ./src/main.o

.debug_line     0x00000000     0x8dc7
 *(.debug_line)
 .debug_line    0x00000000      0x371 ./system/src/system/_exit.o
 .debug_line    0x00000371      0x327 ./system/src/system/_sbrk.o
 .debug_line    0x00000698      0x3e1 ./system/src/system/_startup.o
 .debug_line    0x00000a79      0x446 ./system/src/system/_syscalls.o
 .debug_line    0x00000ebf      0x39a ./system/src/system/assert.o
 .debug_line    0x00001259      0x3ef ./system/src/system/system_stm32f10x.o
 .debug_line    0x00001648      0x109 ./system/src/system/vectors_stm32f10x.o
 .debug_line    0x00001751      0x41a ./system/src/stm32f1-stdperiph/misc.o
 .debug_line    0x00001b6b      0xad6 ./system/src/stm32f1-stdperiph/stm32f10x_adc.o
 .debug_line    0x00002641      0x884 ./system/src/stm32f1-stdperiph/stm32f10x_dma.o
 .debug_line    0x00002ec5      0x902 ./system/src/stm32f1-stdperiph/stm32f10x_gpio.o
 .debug_line    0x000037c7      0xa35 ./system/src/stm32f1-stdperiph/stm32f10x_i2c.o
 .debug_line    0x000041fc      0x3d6 ./system/src/stm32f1-stdperiph/stm32f10x_iwdg.o
 .debug_line    0x000045d2      0x87b ./system/src/stm32f1-stdperiph/stm32f10x_rcc.o
 .debug_line    0x00004e4d     0x25f9 ./system/src/stm32f1-stdperiph/stm32f10x_tim.o
 .debug_line    0x00007446      0x37b ./system/src/cortexm/_initialize_hardware.o
 .debug_line    0x000077c1      0x6b2 ./system/src/cortexm/exception_handlers.o
 .debug_line    0x00007e73      0x565 ./src/Timer.o
 .debug_line    0x000083d8      0x9ef ./src/main.o

.debug_frame    0x00000000     0x2e94
 *(.debug_frame)
 .debug_frame   0x00000000       0x38 ./system/src/system/_exit.o
 .debug_frame   0x00000038       0x28 ./system/src/system/_sbrk.o
 .debug_frame   0x00000060       0x7c ./system/src/system/_startup.o
 .debug_frame   0x000000dc       0x50 ./system/src/system/_syscalls.o
 .debug_frame   0x0000012c       0x40 ./system/src/system/assert.o
 .debug_frame   0x0000016c       0x6c ./system/src/system/system_stm32f10x.o
 .debug_frame   0x000001d8       0x20 ./system/src/system/vectors_stm32f10x.o
 .debug_frame   0x000001f8       0x90 ./system/src/stm32f1-stdperiph/misc.o
 .debug_frame   0x00000288      0x3d8 ./system/src/stm32f1-stdperiph/stm32f10x_adc.o
 .debug_frame   0x00000660      0x120 ./system/src/stm32f1-stdperiph/stm32f10x_dma.o
 .debug_frame   0x00000780      0x1e8 ./system/src/stm32f1-stdperiph/stm32f10x_gpio.o
 .debug_frame   0x00000968      0x3a8 ./system/src/stm32f1-stdperiph/stm32f10x_i2c.o
 .debug_frame   0x00000d10       0x90 ./system/src/stm32f1-stdperiph/stm32f10x_iwdg.o
 .debug_frame   0x00000da0      0x320 ./system/src/stm32f1-stdperiph/stm32f10x_rcc.o
 .debug_frame   0x000010c0      0x9ec ./system/src/stm32f1-stdperiph/stm32f10x_tim.o
 .debug_frame   0x00001aac       0x40 ./system/src/cortexm/_initialize_hardware.o
 .debug_frame   0x00001aec       0xe8 ./system/src/cortexm/exception_handlers.o
 .debug_frame   0x00001bd4      0x118 ./src/Timer.o
 .debug_frame   0x00001cec      0x298 ./src/main.o
 .debug_frame   0x00001f84       0xac c:/program files (x86)/gnu tools arm embedded/7 2018-q2-update/bin/../lib/gcc/arm-none-eabi/7.3.1/thumb/v7-m\libgcc.a(_arm_addsubdf3.o)
 .debug_frame   0x00002030       0x50 c:/program files (x86)/gnu tools arm embedded/7 2018-q2-update/bin/../lib/gcc/arm-none-eabi/7.3.1/thumb/v7-m\libgcc.a(_arm_muldivdf3.o)
 .debug_frame   0x00002080       0xc4 c:/program files (x86)/gnu tools arm embedded/7 2018-q2-update/bin/../lib/gcc/arm-none-eabi/7.3.1/thumb/v7-m\libgcc.a(_arm_cmpdf2.o)
 .debug_frame   0x00002144       0x24 c:/program files (x86)/gnu tools arm embedded/7 2018-q2-update/bin/../lib/gcc/arm-none-eabi/7.3.1/thumb/v7-m\libgcc.a(_arm_truncdfsf2.o)
 .debug_frame   0x00002168       0x4c c:/program files (x86)/gnu tools arm embedded/7 2018-q2-update/bin/../lib/gcc/arm-none-eabi/7.3.1/thumb/v7-m\libgcc.a(_arm_addsubsf3.o)
 .debug_frame   0x000021b4       0x38 c:/program files (x86)/gnu tools arm embedded/7 2018-q2-update/bin/../lib/gcc/arm-none-eabi/7.3.1/thumb/v7-m\libgcc.a(_arm_muldivsf3.o)
 .debug_frame   0x000021ec       0xc8 c:/program files (x86)/gnu tools arm embedded/7 2018-q2-update/bin/../lib/gcc/arm-none-eabi/7.3.1/thumb/v7-m\libgcc.a(_arm_cmpsf2.o)
 .debug_frame   0x000022b4       0x24 c:/program files (x86)/gnu tools arm embedded/7 2018-q2-update/bin/../lib/gcc/arm-none-eabi/7.3.1/thumb/v7-m\libgcc.a(_arm_fixsfsi.o)
 .debug_frame   0x000022d8       0x20 c:/program files (x86)/gnu tools arm embedded/7 2018-q2-update/bin/../lib/gcc/arm-none-eabi/7.3.1/../../../../arm-none-eabi/lib/thumb/v7-m\libg_nano.a(lib_a-atof.o)
 .debug_frame   0x000022f8       0x30 c:/program files (x86)/gnu tools arm embedded/7 2018-q2-update/bin/../lib/gcc/arm-none-eabi/7.3.1/../../../../arm-none-eabi/lib/thumb/v7-m\libg_nano.a(lib_a-atoi.o)
 .debug_frame   0x00002328       0x20 c:/program files (x86)/gnu tools arm embedded/7 2018-q2-update/bin/../lib/gcc/arm-none-eabi/7.3.1/../../../../arm-none-eabi/lib/thumb/v7-m\libg_nano.a(lib_a-errno.o)
 .debug_frame   0x00002348       0x28 c:/program files (x86)/gnu tools arm embedded/7 2018-q2-update/bin/../lib/gcc/arm-none-eabi/7.3.1/../../../../arm-none-eabi/lib/thumb/v7-m\libg_nano.a(lib_a-memcpy-stub.o)
 .debug_frame   0x00002370       0x90 c:/program files (x86)/gnu tools arm embedded/7 2018-q2-update/bin/../lib/gcc/arm-none-eabi/7.3.1/../../../../arm-none-eabi/lib/thumb/v7-m\libg_nano.a(lib_a-nano-vfprintf_float.o)
 .debug_frame   0x00002400       0x60 c:/program files (x86)/gnu tools arm embedded/7 2018-q2-update/bin/../lib/gcc/arm-none-eabi/7.3.1/../../../../arm-none-eabi/lib/thumb/v7-m\libg_nano.a(lib_a-nano-vfprintf_i.o)
 .debug_frame   0x00002460       0x6c c:/program files (x86)/gnu tools arm embedded/7 2018-q2-update/bin/../lib/gcc/arm-none-eabi/7.3.1/../../../../arm-none-eabi/lib/thumb/v7-m\libg_nano.a(lib_a-sprintf.o)
 .debug_frame   0x000024cc       0x20 c:/program files (x86)/gnu tools arm embedded/7 2018-q2-update/bin/../lib/gcc/arm-none-eabi/7.3.1/../../../../arm-none-eabi/lib/thumb/v7-m\libg_nano.a(lib_a-strcpy.o)
 .debug_frame   0x000024ec       0x28 c:/program files (x86)/gnu tools arm embedded/7 2018-q2-update/bin/../lib/gcc/arm-none-eabi/7.3.1/../../../../arm-none-eabi/lib/thumb/v7-m\libg_nano.a(lib_a-strncmp.o)
 .debug_frame   0x00002514       0x38 c:/program files (x86)/gnu tools arm embedded/7 2018-q2-update/bin/../lib/gcc/arm-none-eabi/7.3.1/../../../../arm-none-eabi/lib/thumb/v7-m\libg_nano.a(lib_a-strrchr.o)
 .debug_frame   0x0000254c      0x100 c:/program files (x86)/gnu tools arm embedded/7 2018-q2-update/bin/../lib/gcc/arm-none-eabi/7.3.1/../../../../arm-none-eabi/lib/thumb/v7-m\libg_nano.a(lib_a-strtod.o)
 .debug_frame   0x0000264c       0x84 c:/program files (x86)/gnu tools arm embedded/7 2018-q2-update/bin/../lib/gcc/arm-none-eabi/7.3.1/../../../../arm-none-eabi/lib/thumb/v7-m\libg_nano.a(lib_a-strtol.o)
 .debug_frame   0x000026d0       0x6c c:/program files (x86)/gnu tools arm embedded/7 2018-q2-update/bin/../lib/gcc/arm-none-eabi/7.3.1/../../../../arm-none-eabi/lib/thumb/v7-m\libg_nano.a(lib_a-dtoa.o)
 .debug_frame   0x0000273c       0x70 c:/program files (x86)/gnu tools arm embedded/7 2018-q2-update/bin/../lib/gcc/arm-none-eabi/7.3.1/../../../../arm-none-eabi/lib/thumb/v7-m\libg_nano.a(lib_a-gdtoa-gethex.o)
 .debug_frame   0x000027ac       0x74 c:/program files (x86)/gnu tools arm embedded/7 2018-q2-update/bin/../lib/gcc/arm-none-eabi/7.3.1/../../../../arm-none-eabi/lib/thumb/v7-m\libg_nano.a(lib_a-gdtoa-hexnan.o)
 .debug_frame   0x00002820       0x68 c:/program files (x86)/gnu tools arm embedded/7 2018-q2-update/bin/../lib/gcc/arm-none-eabi/7.3.1/../../../../arm-none-eabi/lib/thumb/v7-m\libg_nano.a(lib_a-locale.o)
 .debug_frame   0x00002888       0x40 c:/program files (x86)/gnu tools arm embedded/7 2018-q2-update/bin/../lib/gcc/arm-none-eabi/7.3.1/../../../../arm-none-eabi/lib/thumb/v7-m\libg_nano.a(lib_a-localeconv.o)
 .debug_frame   0x000028c8       0x30 c:/program files (x86)/gnu tools arm embedded/7 2018-q2-update/bin/../lib/gcc/arm-none-eabi/7.3.1/../../../../arm-none-eabi/lib/thumb/v7-m\libg_nano.a(lib_a-malloc.o)
 .debug_frame   0x000028f8       0x48 c:/program files (x86)/gnu tools arm embedded/7 2018-q2-update/bin/../lib/gcc/arm-none-eabi/7.3.1/../../../../arm-none-eabi/lib/thumb/v7-m\libg_nano.a(lib_a-mbtowc_r.o)
 .debug_frame   0x00002940       0x28 c:/program files (x86)/gnu tools arm embedded/7 2018-q2-update/bin/../lib/gcc/arm-none-eabi/7.3.1/../../../../arm-none-eabi/lib/thumb/v7-m\libg_nano.a(lib_a-memchr-stub.o)
 .debug_frame   0x00002968      0x248 c:/program files (x86)/gnu tools arm embedded/7 2018-q2-update/bin/../lib/gcc/arm-none-eabi/7.3.1/../../../../arm-none-eabi/lib/thumb/v7-m\libg_nano.a(lib_a-mprec.o)
 .debug_frame   0x00002bb0       0x2c c:/program files (x86)/gnu tools arm embedded/7 2018-q2-update/bin/../lib/gcc/arm-none-eabi/7.3.1/../../../../arm-none-eabi/lib/thumb/v7-m\libg_nano.a(lib_a-nano-callocr.o)
 .debug_frame   0x00002bdc       0x38 c:/program files (x86)/gnu tools arm embedded/7 2018-q2-update/bin/../lib/gcc/arm-none-eabi/7.3.1/../../../../arm-none-eabi/lib/thumb/v7-m\libg_nano.a(lib_a-nano-freer.o)
 .debug_frame   0x00002c14       0x2c c:/program files (x86)/gnu tools arm embedded/7 2018-q2-update/bin/../lib/gcc/arm-none-eabi/7.3.1/../../../../arm-none-eabi/lib/thumb/v7-m\libg_nano.a(lib_a-nano-mallocr.o)
 .debug_frame   0x00002c40       0x90 c:/program files (x86)/gnu tools arm embedded/7 2018-q2-update/bin/../lib/gcc/arm-none-eabi/7.3.1/../../../../arm-none-eabi/lib/thumb/v7-m\libg_nano.a(lib_a-nano-svfprintf.o)
 .debug_frame   0x00002cd0       0x2c c:/program files (x86)/gnu tools arm embedded/7 2018-q2-update/bin/../lib/gcc/arm-none-eabi/7.3.1/../../../../arm-none-eabi/lib/thumb/v7-m\libg_nano.a(lib_a-sbrkr.o)
 .debug_frame   0x00002cfc       0x20 c:/program files (x86)/gnu tools arm embedded/7 2018-q2-update/bin/../lib/gcc/arm-none-eabi/7.3.1/../../../../arm-none-eabi/lib/thumb/v7-m\libg_nano.a(lib_a-strchr.o)
 .debug_frame   0x00002d1c       0x3c c:/program files (x86)/gnu tools arm embedded/7 2018-q2-update/bin/../lib/gcc/arm-none-eabi/7.3.1/../../../../arm-none-eabi/lib/thumb/v7-m\libg_nano.a(lib_a-wctomb_r.o)
 .debug_frame   0x00002d58       0x28 c:/program files (x86)/gnu tools arm embedded/7 2018-q2-update/bin/../lib/gcc/arm-none-eabi/7.3.1/../../../../arm-none-eabi/lib/thumb/v7-m\libg_nano.a(lib_a-memmove.o)
 .debug_frame   0x00002d80       0x20 c:/program files (x86)/gnu tools arm embedded/7 2018-q2-update/bin/../lib/gcc/arm-none-eabi/7.3.1/../../../../arm-none-eabi/lib/thumb/v7-m\libg_nano.a(lib_a-memset.o)
 .debug_frame   0x00002da0       0x30 c:/program files (x86)/gnu tools arm embedded/7 2018-q2-update/bin/../lib/gcc/arm-none-eabi/7.3.1/../../../../arm-none-eabi/lib/thumb/v7-m\libg_nano.a(lib_a-mlock.o)
 .debug_frame   0x00002dd0       0x3c c:/program files (x86)/gnu tools arm embedded/7 2018-q2-update/bin/../lib/gcc/arm-none-eabi/7.3.1/../../../../arm-none-eabi/lib/thumb/v7-m\libg_nano.a(lib_a-nano-reallocr.o)